ARM GAS  C:\Users\Toubidou\AppData\Local\Temp\ccUcuMni.s 			page 1


   1              		.cpu cortex-m4
   2              		.arch armv7e-m
   3              		.fpu fpv4-sp-d16
   4              		.eabi_attribute 27, 1
   5              		.eabi_attribute 28, 1
   6              		.eabi_attribute 20, 1
   7              		.eabi_attribute 21, 1
   8              		.eabi_attribute 23, 3
   9              		.eabi_attribute 24, 1
  10              		.eabi_attribute 25, 1
  11              		.eabi_attribute 26, 1
  12              		.eabi_attribute 30, 1
  13              		.eabi_attribute 34, 1
  14              		.eabi_attribute 18, 4
  15              		.file	"button.c"
  16              		.text
  17              	.Ltext0:
  18              		.cfi_sections	.debug_frame
  19              		.file 1 "KTimeSlice/button.c"
  20              		.section	.text.button_create,"ax",%progbits
  21              		.align	1
  22              		.global	button_create
  23              		.syntax unified
  24              		.thumb
  25              		.thumb_func
  27              	button_create:
  28              	.LVL0:
  29              	.LFB242:
   1:KTimeSlice/button.c **** #include "button.h"
   2:KTimeSlice/button.c **** #include "async_event.h"
   3:KTimeSlice/button.c **** 
   4:KTimeSlice/button.c **** static uint8_t button_num = 0;
   5:KTimeSlice/button.c **** static ListNode btn_list_head = {NULL};
   6:KTimeSlice/button.c **** static ButtonCobInfo bci = {0};
   7:KTimeSlice/button.c **** 
   8:KTimeSlice/button.c **** BUTTON *button_create(bool (*detect_func)(void), void (*short_evt)(void))
   9:KTimeSlice/button.c **** {
  30              		.loc 1 9 1 view -0
  31              		.cfi_startproc
  32              		@ args = 0, pretend = 0, frame = 0
  33              		@ frame_needed = 0, uses_anonymous_args = 0
  34              		.loc 1 9 1 is_stmt 0 view .LVU1
  35 0000 F8B5     		push	{r3, r4, r5, r6, r7, lr}
  36              	.LCFI0:
  37              		.cfi_def_cfa_offset 24
  38              		.cfi_offset 3, -24
  39              		.cfi_offset 4, -20
  40              		.cfi_offset 5, -16
  41              		.cfi_offset 6, -12
  42              		.cfi_offset 7, -8
  43              		.cfi_offset 14, -4
  10:KTimeSlice/button.c ****     if(button_num > BUTTON_NUM_MAX)
  44              		.loc 1 10 5 is_stmt 1 view .LVU2
  45              		.loc 1 10 19 is_stmt 0 view .LVU3
  46 0002 164B     		ldr	r3, .L5
  47 0004 1D78     		ldrb	r5, [r3]	@ zero_extendqisi2
  48              		.loc 1 10 7 view .LVU4
ARM GAS  C:\Users\Toubidou\AppData\Local\Temp\ccUcuMni.s 			page 2


  49 0006 102D     		cmp	r5, #16
  50 0008 25D8     		bhi	.L3
  51 000a 0746     		mov	r7, r0
  52 000c 0E46     		mov	r6, r1
  11:KTimeSlice/button.c ****     {
  12:KTimeSlice/button.c ****         return NULL;
  13:KTimeSlice/button.c ****     }
  14:KTimeSlice/button.c ****     BUTTON *btn_new = (BUTTON *)malloc(sizeof(BUTTON));
  53              		.loc 1 14 5 is_stmt 1 view .LVU5
  54              		.loc 1 14 33 is_stmt 0 view .LVU6
  55 000e 2820     		movs	r0, #40
  56              	.LVL1:
  57              		.loc 1 14 33 view .LVU7
  58 0010 FFF7FEFF 		bl	malloc
  59              	.LVL2:
  60              		.loc 1 14 33 view .LVU8
  61 0014 0446     		mov	r4, r0
  62              	.LVL3:
  15:KTimeSlice/button.c ****     btn_new->id = button_num;
  63              		.loc 1 15 5 is_stmt 1 view .LVU9
  64              		.loc 1 15 17 is_stmt 0 view .LVU10
  65 0016 C572     		strb	r5, [r0, #11]
  16:KTimeSlice/button.c ****     btn_new->next.next = NULL;
  66              		.loc 1 16 5 is_stmt 1 view .LVU11
  67              		.loc 1 16 24 is_stmt 0 view .LVU12
  68 0018 0023     		movs	r3, #0
  69 001a 0362     		str	r3, [r0, #32]
  17:KTimeSlice/button.c ****     btn_new->get_fun = detect_func;
  70              		.loc 1 17 5 is_stmt 1 view .LVU13
  71              		.loc 1 17 22 is_stmt 0 view .LVU14
  72 001c 0761     		str	r7, [r0, #16]
  18:KTimeSlice/button.c ****     btn_new->short_event = short_evt;
  73              		.loc 1 18 5 is_stmt 1 view .LVU15
  74              		.loc 1 18 26 is_stmt 0 view .LVU16
  75 001e 4661     		str	r6, [r0, #20]
  19:KTimeSlice/button.c ****     btn_new->long_event = NULL;
  76              		.loc 1 19 5 is_stmt 1 view .LVU17
  77              		.loc 1 19 25 is_stmt 0 view .LVU18
  78 0020 8361     		str	r3, [r0, #24]
  20:KTimeSlice/button.c ****     btn_new->press_time = 0;
  79              		.loc 1 20 5 is_stmt 1 view .LVU19
  80              		.loc 1 20 25 is_stmt 0 view .LVU20
  81 0022 0377     		strb	r3, [r0, #28]
  21:KTimeSlice/button.c ****     btn_new->state = SCAN;
  82              		.loc 1 21 5 is_stmt 1 view .LVU21
  83              		.loc 1 21 20 is_stmt 0 view .LVU22
  84 0024 0373     		strb	r3, [r0, #12]
  22:KTimeSlice/button.c ****     btn_new->flag_long_pressed = 0;
  85              		.loc 1 22 5 is_stmt 1 view .LVU23
  86              		.loc 1 22 32 is_stmt 0 view .LVU24
  87 0026 4377     		strb	r3, [r0, #29]
  23:KTimeSlice/button.c ****     btn_new->cob_reg = 0;
  88              		.loc 1 23 5 is_stmt 1 view .LVU25
  89              		.loc 1 23 22 is_stmt 0 view .LVU26
  90 0028 80F82430 		strb	r3, [r0, #36]
  24:KTimeSlice/button.c ****     btn_new->cob_ready_flag = 0;
  91              		.loc 1 24 5 is_stmt 1 view .LVU27
ARM GAS  C:\Users\Toubidou\AppData\Local\Temp\ccUcuMni.s 			page 3


  92              		.loc 1 24 29 is_stmt 0 view .LVU28
  93 002c 80F82530 		strb	r3, [r0, #37]
  25:KTimeSlice/button.c ****     btn_new->cob_trigger_flag = 0;
  94              		.loc 1 25 5 is_stmt 1 view .LVU29
  95              		.loc 1 25 31 is_stmt 0 view .LVU30
  96 0030 80F82630 		strb	r3, [r0, #38]
  26:KTimeSlice/button.c ****     list_append(&btn_list_head, &(btn_new->next));
  97              		.loc 1 26 5 is_stmt 1 view .LVU31
  98 0034 00F12001 		add	r1, r0, #32
  99 0038 0948     		ldr	r0, .L5+4
 100              	.LVL4:
 101              		.loc 1 26 5 is_stmt 0 view .LVU32
 102 003a FFF7FEFF 		bl	list_append
 103              	.LVL5:
  27:KTimeSlice/button.c ****     button_num++;
 104              		.loc 1 27 5 is_stmt 1 view .LVU33
 105              		.loc 1 27 15 is_stmt 0 view .LVU34
 106 003e 074A     		ldr	r2, .L5
 107 0040 1378     		ldrb	r3, [r2]	@ zero_extendqisi2
 108 0042 0133     		adds	r3, r3, #1
 109 0044 1370     		strb	r3, [r2]
  28:KTimeSlice/button.c **** 
  29:KTimeSlice/button.c ****     asy_evt_register(BUTTON_0_SIG_NUM + btn_new->id * 2, btn_new->short_event);
 110              		.loc 1 29 5 is_stmt 1 view .LVU35
 111              		.loc 1 29 48 is_stmt 0 view .LVU36
 112 0046 E07A     		ldrb	r0, [r4, #11]	@ zero_extendqisi2
 113              		.loc 1 29 53 view .LVU37
 114 0048 4000     		lsls	r0, r0, #1
 115              		.loc 1 29 5 view .LVU38
 116 004a 6169     		ldr	r1, [r4, #20]
 117 004c 0530     		adds	r0, r0, #5
 118 004e FFF7FEFF 		bl	asy_evt_register
 119              	.LVL6:
  30:KTimeSlice/button.c ****     return btn_new;
 120              		.loc 1 30 5 is_stmt 1 view .LVU39
 121              	.L1:
  31:KTimeSlice/button.c **** }
 122              		.loc 1 31 1 is_stmt 0 view .LVU40
 123 0052 2046     		mov	r0, r4
 124 0054 F8BD     		pop	{r3, r4, r5, r6, r7, pc}
 125              	.LVL7:
 126              	.L3:
  12:KTimeSlice/button.c ****     }
 127              		.loc 1 12 16 view .LVU41
 128 0056 0024     		movs	r4, #0
 129 0058 FBE7     		b	.L1
 130              	.L6:
 131 005a 00BF     		.align	2
 132              	.L5:
 133 005c 00000000 		.word	button_num
 134 0060 00000000 		.word	btn_list_head
 135              		.cfi_endproc
 136              	.LFE242:
 138              		.section	.text.button_set_long_pressed_cb,"ax",%progbits
 139              		.align	1
 140              		.global	button_set_long_pressed_cb
 141              		.syntax unified
ARM GAS  C:\Users\Toubidou\AppData\Local\Temp\ccUcuMni.s 			page 4


 142              		.thumb
 143              		.thumb_func
 145              	button_set_long_pressed_cb:
 146              	.LVL8:
 147              	.LFB243:
  32:KTimeSlice/button.c **** void button_set_long_pressed_cb(BUTTON *btn, void (*long_event)(void))
  33:KTimeSlice/button.c **** {
 148              		.loc 1 33 1 is_stmt 1 view -0
 149              		.cfi_startproc
 150              		@ args = 0, pretend = 0, frame = 0
 151              		@ frame_needed = 0, uses_anonymous_args = 0
 152              		.loc 1 33 1 is_stmt 0 view .LVU43
 153 0000 08B5     		push	{r3, lr}
 154              	.LCFI1:
 155              		.cfi_def_cfa_offset 8
 156              		.cfi_offset 3, -8
 157              		.cfi_offset 14, -4
  34:KTimeSlice/button.c ****     btn->long_event = long_event;
 158              		.loc 1 34 5 is_stmt 1 view .LVU44
 159              		.loc 1 34 21 is_stmt 0 view .LVU45
 160 0002 8161     		str	r1, [r0, #24]
  35:KTimeSlice/button.c ****     asy_evt_register(BUTTON_0_SIG_NUM + 1 + btn->id * 2, btn->long_event);
 161              		.loc 1 35 5 is_stmt 1 view .LVU46
 162              		.loc 1 35 48 is_stmt 0 view .LVU47
 163 0004 C07A     		ldrb	r0, [r0, #11]	@ zero_extendqisi2
 164              	.LVL9:
 165              		.loc 1 35 43 view .LVU48
 166 0006 0330     		adds	r0, r0, #3
 167              		.loc 1 35 5 view .LVU49
 168 0008 4000     		lsls	r0, r0, #1
 169 000a FFF7FEFF 		bl	asy_evt_register
 170              	.LVL10:
  36:KTimeSlice/button.c **** }
 171              		.loc 1 36 1 view .LVU50
 172 000e 08BD     		pop	{r3, pc}
 173              		.cfi_endproc
 174              	.LFE243:
 176              		.section	.text.button_clear_long_pressed_cb,"ax",%progbits
 177              		.align	1
 178              		.global	button_clear_long_pressed_cb
 179              		.syntax unified
 180              		.thumb
 181              		.thumb_func
 183              	button_clear_long_pressed_cb:
 184              	.LVL11:
 185              	.LFB244:
  37:KTimeSlice/button.c **** int button_clear_long_pressed_cb(BUTTON *btn)
  38:KTimeSlice/button.c **** {
 186              		.loc 1 38 1 is_stmt 1 view -0
 187              		.cfi_startproc
 188              		@ args = 0, pretend = 0, frame = 0
 189              		@ frame_needed = 0, uses_anonymous_args = 0
  39:KTimeSlice/button.c ****     if (btn == NULL)
 190              		.loc 1 39 5 view .LVU52
 191              		.loc 1 39 8 is_stmt 0 view .LVU53
 192 0000 48B1     		cbz	r0, .L11
  38:KTimeSlice/button.c ****     if (btn == NULL)
ARM GAS  C:\Users\Toubidou\AppData\Local\Temp\ccUcuMni.s 			page 5


 193              		.loc 1 38 1 view .LVU54
 194 0002 08B5     		push	{r3, lr}
 195              	.LCFI2:
 196              		.cfi_def_cfa_offset 8
 197              		.cfi_offset 3, -8
 198              		.cfi_offset 14, -4
  40:KTimeSlice/button.c ****     {
  41:KTimeSlice/button.c ****         return -1;
  42:KTimeSlice/button.c ****     }
  43:KTimeSlice/button.c ****     btn->long_event = NULL;
 199              		.loc 1 43 5 is_stmt 1 view .LVU55
 200              		.loc 1 43 21 is_stmt 0 view .LVU56
 201 0004 0022     		movs	r2, #0
 202 0006 8261     		str	r2, [r0, #24]
  44:KTimeSlice/button.c ****     asy_evt_unregister(BUTTON_0_SIG_NUM + 1 + btn->id * 2);
 203              		.loc 1 44 5 is_stmt 1 view .LVU57
 204              		.loc 1 44 50 is_stmt 0 view .LVU58
 205 0008 C07A     		ldrb	r0, [r0, #11]	@ zero_extendqisi2
 206              	.LVL12:
 207              		.loc 1 44 45 view .LVU59
 208 000a 0330     		adds	r0, r0, #3
 209              		.loc 1 44 5 view .LVU60
 210 000c 4000     		lsls	r0, r0, #1
 211 000e FFF7FEFF 		bl	asy_evt_unregister
 212              	.LVL13:
  45:KTimeSlice/button.c ****     return 0;
 213              		.loc 1 45 5 is_stmt 1 view .LVU61
 214              		.loc 1 45 12 is_stmt 0 view .LVU62
 215 0012 0020     		movs	r0, #0
  46:KTimeSlice/button.c **** }
 216              		.loc 1 46 1 view .LVU63
 217 0014 08BD     		pop	{r3, pc}
 218              	.LVL14:
 219              	.L11:
 220              	.LCFI3:
 221              		.cfi_def_cfa_offset 0
 222              		.cfi_restore 3
 223              		.cfi_restore 14
  41:KTimeSlice/button.c ****     }
 224              		.loc 1 41 16 view .LVU64
 225 0016 4FF0FF30 		mov	r0, #-1
 226              	.LVL15:
 227              		.loc 1 46 1 view .LVU65
 228 001a 7047     		bx	lr
 229              		.cfi_endproc
 230              	.LFE244:
 232              		.section	.text.button_cob_Reg,"ax",%progbits
 233              		.align	1
 234              		.global	button_cob_Reg
 235              		.syntax unified
 236              		.thumb
 237              		.thumb_func
 239              	button_cob_Reg:
 240              	.LVL16:
 241              	.LFB245:
  47:KTimeSlice/button.c **** 
  48:KTimeSlice/button.c **** int button_cob_Reg(uint8_t btn_id0, uint8_t btn_id1, void (*cob_event)(void))
ARM GAS  C:\Users\Toubidou\AppData\Local\Temp\ccUcuMni.s 			page 6


  49:KTimeSlice/button.c **** {
 242              		.loc 1 49 1 is_stmt 1 view -0
 243              		.cfi_startproc
 244              		@ args = 0, pretend = 0, frame = 0
 245              		@ frame_needed = 0, uses_anonymous_args = 0
 246              		.loc 1 49 1 is_stmt 0 view .LVU67
 247 0000 70B5     		push	{r4, r5, r6, lr}
 248              	.LCFI4:
 249              		.cfi_def_cfa_offset 16
 250              		.cfi_offset 4, -16
 251              		.cfi_offset 5, -12
 252              		.cfi_offset 6, -8
 253              		.cfi_offset 14, -4
 254 0002 0446     		mov	r4, r0
  50:KTimeSlice/button.c ****     ListNode *node = NULL;
 255              		.loc 1 50 5 is_stmt 1 view .LVU68
 256              	.LVL17:
  51:KTimeSlice/button.c ****     BUTTON *temp_btn_p = NULL;
 257              		.loc 1 51 5 view .LVU69
  52:KTimeSlice/button.c ****     if (bci.cob_num < BUTTON_COB_NUM_MAX)
 258              		.loc 1 52 5 view .LVU70
 259              		.loc 1 52 12 is_stmt 0 view .LVU71
 260 0004 124B     		ldr	r3, .L25
 261 0006 587A     		ldrb	r0, [r3, #9]	@ zero_extendqisi2
 262              	.LVL18:
 263              		.loc 1 52 8 view .LVU72
 264 0008 0328     		cmp	r0, #3
 265 000a 1ED8     		bhi	.L22
 266 000c 0D46     		mov	r5, r1
 267 000e 1146     		mov	r1, r2
 268              	.LVL19:
  53:KTimeSlice/button.c ****     {
  54:KTimeSlice/button.c ****         bci.mask_array[bci.cob_num] = (0x01 << btn_id0) | (0x01 << btn_id1);
 269              		.loc 1 54 9 is_stmt 1 view .LVU73
 270              		.loc 1 54 45 is_stmt 0 view .LVU74
 271 0010 0123     		movs	r3, #1
 272 0012 03FA04F2 		lsl	r2, r3, r4
 273              	.LVL20:
 274              		.loc 1 54 65 view .LVU75
 275 0016 AB40     		lsls	r3, r3, r5
 276              		.loc 1 54 57 view .LVU76
 277 0018 1343     		orrs	r3, r3, r2
 278              		.loc 1 54 37 view .LVU77
 279 001a 0D4E     		ldr	r6, .L25
 280 001c 26F81030 		strh	r3, [r6, r0, lsl #1]	@ movhi
  55:KTimeSlice/button.c ****         asy_evt_register(bci.cob_num, cob_event);
 281              		.loc 1 55 9 is_stmt 1 view .LVU78
 282 0020 FFF7FEFF 		bl	asy_evt_register
 283              	.LVL21:
  56:KTimeSlice/button.c ****         bci.cob_num++;
 284              		.loc 1 56 9 view .LVU79
 285              		.loc 1 56 12 is_stmt 0 view .LVU80
 286 0024 737A     		ldrb	r3, [r6, #9]	@ zero_extendqisi2
 287              		.loc 1 56 20 view .LVU81
 288 0026 0133     		adds	r3, r3, #1
 289 0028 7372     		strb	r3, [r6, #9]
  57:KTimeSlice/button.c **** 
ARM GAS  C:\Users\Toubidou\AppData\Local\Temp\ccUcuMni.s 			page 7


  58:KTimeSlice/button.c ****         list_for_each(node, &btn_list_head)
 290              		.loc 1 58 9 is_stmt 1 view .LVU82
 291 002a 0A4B     		ldr	r3, .L25+4
 292 002c 1B68     		ldr	r3, [r3]
 293              	.LVL22:
 294              		.loc 1 58 9 is_stmt 0 view .LVU83
 295 002e 02E0     		b	.L18
 296              	.LVL23:
 297              	.L19:
  59:KTimeSlice/button.c ****         {
  60:KTimeSlice/button.c ****             temp_btn_p = list_entry(node, BUTTON, next);
  61:KTimeSlice/button.c ****             if ((temp_btn_p->id == btn_id0) || (temp_btn_p->id == btn_id1))
  62:KTimeSlice/button.c ****             {
  63:KTimeSlice/button.c ****                 temp_btn_p->cob_reg = 1;
 298              		.loc 1 63 17 is_stmt 1 view .LVU84
 299              		.loc 1 63 37 is_stmt 0 view .LVU85
 300 0030 0122     		movs	r2, #1
 301 0032 1A71     		strb	r2, [r3, #4]
 302              	.L20:
  58:KTimeSlice/button.c ****         {
 303              		.loc 1 58 9 is_stmt 1 discriminator 2 view .LVU86
 304 0034 1B68     		ldr	r3, [r3]
 305              	.LVL24:
 306              	.L18:
  58:KTimeSlice/button.c ****         {
 307              		.loc 1 58 9 discriminator 1 view .LVU87
 308 0036 33B1     		cbz	r3, .L24
  60:KTimeSlice/button.c ****             if ((temp_btn_p->id == btn_id0) || (temp_btn_p->id == btn_id1))
 309              		.loc 1 60 13 view .LVU88
 310              	.LVL25:
  61:KTimeSlice/button.c ****             {
 311              		.loc 1 61 13 view .LVU89
  61:KTimeSlice/button.c ****             {
 312              		.loc 1 61 28 is_stmt 0 view .LVU90
 313 0038 13F8152C 		ldrb	r2, [r3, #-21]	@ zero_extendqisi2
  61:KTimeSlice/button.c ****             {
 314              		.loc 1 61 16 view .LVU91
 315 003c A242     		cmp	r2, r4
 316 003e F7D0     		beq	.L19
  61:KTimeSlice/button.c ****             {
 317              		.loc 1 61 45 discriminator 1 view .LVU92
 318 0040 AA42     		cmp	r2, r5
 319 0042 F7D1     		bne	.L20
 320 0044 F4E7     		b	.L19
 321              	.LVL26:
 322              	.L24:
  64:KTimeSlice/button.c ****             }
  65:KTimeSlice/button.c ****         }
  66:KTimeSlice/button.c ****     }
  67:KTimeSlice/button.c ****     else
  68:KTimeSlice/button.c ****     {
  69:KTimeSlice/button.c ****         return -1;
  70:KTimeSlice/button.c ****     }
  71:KTimeSlice/button.c ****     return 0;
 323              		.loc 1 71 12 view .LVU93
 324 0046 1846     		mov	r0, r3
 325              	.LVL27:
ARM GAS  C:\Users\Toubidou\AppData\Local\Temp\ccUcuMni.s 			page 8


 326              	.L16:
  72:KTimeSlice/button.c **** }
 327              		.loc 1 72 1 view .LVU94
 328 0048 70BD     		pop	{r4, r5, r6, pc}
 329              	.LVL28:
 330              	.L22:
  69:KTimeSlice/button.c ****     }
 331              		.loc 1 69 16 view .LVU95
 332 004a 4FF0FF30 		mov	r0, #-1
 333 004e FBE7     		b	.L16
 334              	.L26:
 335              		.align	2
 336              	.L25:
 337 0050 00000000 		.word	bci
 338 0054 00000000 		.word	btn_list_head
 339              		.cfi_endproc
 340              	.LFE245:
 342              		.section	.text.button_cob_set_trig_flag,"ax",%progbits
 343              		.align	1
 344              		.global	button_cob_set_trig_flag
 345              		.syntax unified
 346              		.thumb
 347              		.thumb_func
 349              	button_cob_set_trig_flag:
 350              	.LVL29:
 351              	.LFB246:
  73:KTimeSlice/button.c **** 
  74:KTimeSlice/button.c **** /// @brief 设置组合按键触发标志位
  75:KTimeSlice/button.c **** /// @param button_cob_mask 
  76:KTimeSlice/button.c **** void button_cob_set_trig_flag(uint16_t button_cob_mask)
  77:KTimeSlice/button.c **** {
 352              		.loc 1 77 1 is_stmt 1 view -0
 353              		.cfi_startproc
 354              		@ args = 0, pretend = 0, frame = 0
 355              		@ frame_needed = 0, uses_anonymous_args = 0
 356              		@ link register save eliminated.
  78:KTimeSlice/button.c ****     ListNode *node = NULL;
 357              		.loc 1 78 5 view .LVU97
  79:KTimeSlice/button.c ****     BUTTON *temp_btn_p = NULL;
 358              		.loc 1 79 5 view .LVU98
  80:KTimeSlice/button.c ****     uint8_t i = 0;
 359              		.loc 1 80 5 view .LVU99
  81:KTimeSlice/button.c ****     list_for_each(node, &btn_list_head)
 360              		.loc 1 81 5 view .LVU100
 361 0000 094B     		ldr	r3, .L32
 362 0002 1A68     		ldr	r2, [r3]
 363              	.LVL30:
  80:KTimeSlice/button.c ****     uint8_t i = 0;
 364              		.loc 1 80 13 is_stmt 0 view .LVU101
 365 0004 0023     		movs	r3, #0
 366              		.loc 1 81 5 view .LVU102
 367 0006 04E0     		b	.L28
 368              	.LVL31:
 369              	.L29:
  82:KTimeSlice/button.c ****     {
  83:KTimeSlice/button.c ****         temp_btn_p = list_entry(node, BUTTON, next);
  84:KTimeSlice/button.c ****         if (button_cob_mask & (0x01 << i))
ARM GAS  C:\Users\Toubidou\AppData\Local\Temp\ccUcuMni.s 			page 9


  85:KTimeSlice/button.c ****         {
  86:KTimeSlice/button.c ****             temp_btn_p->cob_trigger_flag = 1;
  87:KTimeSlice/button.c ****         }
  88:KTimeSlice/button.c ****         i++;
 370              		.loc 1 88 9 is_stmt 1 view .LVU103
 371              		.loc 1 88 10 is_stmt 0 view .LVU104
 372 0008 0133     		adds	r3, r3, #1
 373              	.LVL32:
 374              		.loc 1 88 10 view .LVU105
 375 000a DBB2     		uxtb	r3, r3
 376              	.LVL33:
  89:KTimeSlice/button.c ****         if (i > 15)
 377              		.loc 1 89 9 is_stmt 1 view .LVU106
 378              		.loc 1 89 12 is_stmt 0 view .LVU107
 379 000c 0F2B     		cmp	r3, #15
 380 000e 09D8     		bhi	.L27
  81:KTimeSlice/button.c ****     list_for_each(node, &btn_list_head)
 381              		.loc 1 81 5 is_stmt 1 discriminator 2 view .LVU108
 382 0010 1268     		ldr	r2, [r2]
 383              	.LVL34:
 384              	.L28:
  81:KTimeSlice/button.c ****     list_for_each(node, &btn_list_head)
 385              		.loc 1 81 5 discriminator 1 view .LVU109
 386 0012 3AB1     		cbz	r2, .L27
  83:KTimeSlice/button.c ****         if (button_cob_mask & (0x01 << i))
 387              		.loc 1 83 9 view .LVU110
 388              	.LVL35:
  84:KTimeSlice/button.c ****         {
 389              		.loc 1 84 9 view .LVU111
  84:KTimeSlice/button.c ****         {
 390              		.loc 1 84 13 is_stmt 0 view .LVU112
 391 0014 40FA03F1 		asr	r1, r0, r3
  84:KTimeSlice/button.c ****         {
 392              		.loc 1 84 12 view .LVU113
 393 0018 11F0010F 		tst	r1, #1
 394 001c F4D0     		beq	.L29
  86:KTimeSlice/button.c ****         }
 395              		.loc 1 86 13 is_stmt 1 view .LVU114
  86:KTimeSlice/button.c ****         }
 396              		.loc 1 86 42 is_stmt 0 view .LVU115
 397 001e 0121     		movs	r1, #1
 398 0020 9171     		strb	r1, [r2, #6]
 399 0022 F1E7     		b	.L29
 400              	.LVL36:
 401              	.L27:
  90:KTimeSlice/button.c ****         {
  91:KTimeSlice/button.c ****             break;
  92:KTimeSlice/button.c ****         }
  93:KTimeSlice/button.c ****     }
  94:KTimeSlice/button.c **** }
 402              		.loc 1 94 1 view .LVU116
 403 0024 7047     		bx	lr
 404              	.L33:
 405 0026 00BF     		.align	2
 406              	.L32:
 407 0028 00000000 		.word	btn_list_head
 408              		.cfi_endproc
ARM GAS  C:\Users\Toubidou\AppData\Local\Temp\ccUcuMni.s 			page 10


 409              	.LFE246:
 411              		.section	.text.button_get_id,"ax",%progbits
 412              		.align	1
 413              		.global	button_get_id
 414              		.syntax unified
 415              		.thumb
 416              		.thumb_func
 418              	button_get_id:
 419              	.LVL37:
 420              	.LFB247:
  95:KTimeSlice/button.c **** int button_get_id(BUTTON *btn)
  96:KTimeSlice/button.c **** {
 421              		.loc 1 96 1 is_stmt 1 view -0
 422              		.cfi_startproc
 423              		@ args = 0, pretend = 0, frame = 0
 424              		@ frame_needed = 0, uses_anonymous_args = 0
 425              		@ link register save eliminated.
  97:KTimeSlice/button.c ****     if(btn == NULL)
 426              		.loc 1 97 5 view .LVU118
 427              		.loc 1 97 7 is_stmt 0 view .LVU119
 428 0000 08B1     		cbz	r0, .L36
  98:KTimeSlice/button.c ****     {
  99:KTimeSlice/button.c ****         return -1;
 100:KTimeSlice/button.c ****     }
 101:KTimeSlice/button.c ****     return btn->id;
 429              		.loc 1 101 5 is_stmt 1 view .LVU120
 430              		.loc 1 101 15 is_stmt 0 view .LVU121
 431 0002 C07A     		ldrb	r0, [r0, #11]	@ zero_extendqisi2
 432              	.LVL38:
 433              		.loc 1 101 15 view .LVU122
 434 0004 7047     		bx	lr
 435              	.LVL39:
 436              	.L36:
  99:KTimeSlice/button.c ****     }
 437              		.loc 1 99 16 view .LVU123
 438 0006 4FF0FF30 		mov	r0, #-1
 439              	.LVL40:
 102:KTimeSlice/button.c **** }
 440              		.loc 1 102 1 view .LVU124
 441 000a 7047     		bx	lr
 442              		.cfi_endproc
 443              	.LFE247:
 445              		.section	.text.button_scan,"ax",%progbits
 446              		.align	1
 447              		.global	button_scan
 448              		.syntax unified
 449              		.thumb
 450              		.thumb_func
 452              	button_scan:
 453              	.LVL41:
 454              	.LFB248:
 103:KTimeSlice/button.c **** 
 104:KTimeSlice/button.c **** //检测每个按键的状态并发送对应事件
 105:KTimeSlice/button.c **** void button_scan(void *p)
 106:KTimeSlice/button.c **** {
 455              		.loc 1 106 1 is_stmt 1 view -0
 456              		.cfi_startproc
ARM GAS  C:\Users\Toubidou\AppData\Local\Temp\ccUcuMni.s 			page 11


 457              		@ args = 0, pretend = 0, frame = 0
 458              		@ frame_needed = 0, uses_anonymous_args = 0
 459              		.loc 1 106 1 is_stmt 0 view .LVU126
 460 0000 38B5     		push	{r3, r4, r5, lr}
 461              	.LCFI5:
 462              		.cfi_def_cfa_offset 16
 463              		.cfi_offset 3, -16
 464              		.cfi_offset 4, -12
 465              		.cfi_offset 5, -8
 466              		.cfi_offset 14, -4
 107:KTimeSlice/button.c ****     BUTTON *temp_btn_p = NULL;
 467              		.loc 1 107 5 is_stmt 1 view .LVU127
 468              	.LVL42:
 108:KTimeSlice/button.c ****     ListNode *node = NULL;
 469              		.loc 1 108 5 view .LVU128
 109:KTimeSlice/button.c ****     static uint16_t button_cob_mask = 0;
 470              		.loc 1 109 5 view .LVU129
 110:KTimeSlice/button.c ****     
 111:KTimeSlice/button.c ****     list_for_each(node, &btn_list_head)
 471              		.loc 1 111 5 view .LVU130
 472 0002 414B     		ldr	r3, .L57
 473 0004 1C68     		ldr	r4, [r3]
 474              	.LVL43:
 475              		.loc 1 111 5 is_stmt 0 view .LVU131
 476 0006 04E0     		b	.L38
 477              	.LVL44:
 478              	.L39:
 112:KTimeSlice/button.c ****     {
 113:KTimeSlice/button.c ****         temp_btn_p = list_entry(node, BUTTON, next);
 114:KTimeSlice/button.c ****         if(temp_btn_p->state == SCAN)
 115:KTimeSlice/button.c ****         {
 116:KTimeSlice/button.c ****             if(temp_btn_p->get_fun())
 117:KTimeSlice/button.c ****             {
 118:KTimeSlice/button.c ****                 temp_btn_p->state = PRESSED;
 119:KTimeSlice/button.c ****             }
 120:KTimeSlice/button.c ****         }
 121:KTimeSlice/button.c ****         else if(temp_btn_p->state == PRESSED)
 479              		.loc 1 121 14 is_stmt 1 view .LVU132
 480              		.loc 1 121 16 is_stmt 0 view .LVU133
 481 0008 012B     		cmp	r3, #1
 482 000a 11D0     		beq	.L53
 122:KTimeSlice/button.c ****         {
 123:KTimeSlice/button.c ****             if(temp_btn_p->get_fun())
 124:KTimeSlice/button.c ****             {
 125:KTimeSlice/button.c ****                 temp_btn_p->state = CONFIRM_PRESSED;
 126:KTimeSlice/button.c ****             }
 127:KTimeSlice/button.c ****             else{
 128:KTimeSlice/button.c ****                 temp_btn_p->state = SCAN;
 129:KTimeSlice/button.c ****             }
 130:KTimeSlice/button.c ****         }
 131:KTimeSlice/button.c ****         else if(temp_btn_p->state == CONFIRM_PRESSED)
 483              		.loc 1 131 14 is_stmt 1 view .LVU134
 484              		.loc 1 131 16 is_stmt 0 view .LVU135
 485 000c 022B     		cmp	r3, #2
 486 000e 1AD0     		beq	.L54
 487              	.L40:
 111:KTimeSlice/button.c ****     {
ARM GAS  C:\Users\Toubidou\AppData\Local\Temp\ccUcuMni.s 			page 12


 488              		.loc 1 111 5 is_stmt 1 discriminator 2 view .LVU136
 489 0010 2468     		ldr	r4, [r4]
 490              	.LVL45:
 491              	.L38:
 111:KTimeSlice/button.c ****     {
 492              		.loc 1 111 5 discriminator 1 view .LVU137
 493 0012 002C     		cmp	r4, #0
 494 0014 5CD0     		beq	.L55
 113:KTimeSlice/button.c ****         if(temp_btn_p->state == SCAN)
 495              		.loc 1 113 9 view .LVU138
 496              	.LVL46:
 114:KTimeSlice/button.c ****         {
 497              		.loc 1 114 9 view .LVU139
 114:KTimeSlice/button.c ****         {
 498              		.loc 1 114 22 is_stmt 0 view .LVU140
 499 0016 14F8143C 		ldrb	r3, [r4, #-20]	@ zero_extendqisi2
 114:KTimeSlice/button.c ****         {
 500              		.loc 1 114 11 view .LVU141
 501 001a 002B     		cmp	r3, #0
 502 001c F4D1     		bne	.L39
 116:KTimeSlice/button.c ****             {
 503              		.loc 1 116 13 is_stmt 1 view .LVU142
 116:KTimeSlice/button.c ****             {
 504              		.loc 1 116 26 is_stmt 0 view .LVU143
 505 001e 54F8103C 		ldr	r3, [r4, #-16]
 116:KTimeSlice/button.c ****             {
 506              		.loc 1 116 16 view .LVU144
 507 0022 9847     		blx	r3
 508              	.LVL47:
 116:KTimeSlice/button.c ****             {
 509              		.loc 1 116 15 discriminator 1 view .LVU145
 510 0024 0028     		cmp	r0, #0
 511 0026 F3D0     		beq	.L40
 118:KTimeSlice/button.c ****             }
 512              		.loc 1 118 17 is_stmt 1 view .LVU146
 118:KTimeSlice/button.c ****             }
 513              		.loc 1 118 35 is_stmt 0 view .LVU147
 514 0028 0123     		movs	r3, #1
 515 002a 04F8143C 		strb	r3, [r4, #-20]
 516 002e EFE7     		b	.L40
 517              	.L53:
 123:KTimeSlice/button.c ****             {
 518              		.loc 1 123 13 is_stmt 1 view .LVU148
 123:KTimeSlice/button.c ****             {
 519              		.loc 1 123 26 is_stmt 0 view .LVU149
 520 0030 54F8103C 		ldr	r3, [r4, #-16]
 123:KTimeSlice/button.c ****             {
 521              		.loc 1 123 16 view .LVU150
 522 0034 9847     		blx	r3
 523              	.LVL48:
 123:KTimeSlice/button.c ****             {
 524              		.loc 1 123 15 discriminator 1 view .LVU151
 525 0036 18B1     		cbz	r0, .L42
 125:KTimeSlice/button.c ****             }
 526              		.loc 1 125 17 is_stmt 1 view .LVU152
 125:KTimeSlice/button.c ****             }
 527              		.loc 1 125 35 is_stmt 0 view .LVU153
ARM GAS  C:\Users\Toubidou\AppData\Local\Temp\ccUcuMni.s 			page 13


 528 0038 0223     		movs	r3, #2
 529 003a 04F8143C 		strb	r3, [r4, #-20]
 530 003e E7E7     		b	.L40
 531              	.L42:
 128:KTimeSlice/button.c ****             }
 532              		.loc 1 128 17 is_stmt 1 view .LVU154
 128:KTimeSlice/button.c ****             }
 533              		.loc 1 128 35 is_stmt 0 view .LVU155
 534 0040 04F8140C 		strb	r0, [r4, #-20]
 535 0044 E4E7     		b	.L40
 536              	.L54:
 132:KTimeSlice/button.c ****         {
 133:KTimeSlice/button.c ****             if(temp_btn_p->get_fun())
 537              		.loc 1 133 13 is_stmt 1 view .LVU156
 538              		.loc 1 133 26 is_stmt 0 view .LVU157
 539 0046 54F8103C 		ldr	r3, [r4, #-16]
 540              		.loc 1 133 16 view .LVU158
 541 004a 9847     		blx	r3
 542              	.LVL49:
 543              		.loc 1 133 15 discriminator 1 view .LVU159
 544 004c 38B3     		cbz	r0, .L43
 134:KTimeSlice/button.c ****             {
 135:KTimeSlice/button.c ****                 temp_btn_p->press_time++;
 545              		.loc 1 135 17 is_stmt 1 view .LVU160
 546              		.loc 1 135 27 is_stmt 0 view .LVU161
 547 004e 14F8043C 		ldrb	r3, [r4, #-4]	@ zero_extendqisi2
 548              		.loc 1 135 39 view .LVU162
 549 0052 0133     		adds	r3, r3, #1
 550 0054 DBB2     		uxtb	r3, r3
 551 0056 04F8043C 		strb	r3, [r4, #-4]
 136:KTimeSlice/button.c ****                 if((temp_btn_p->cob_reg != 0) && (temp_btn_p->press_time < 4))
 552              		.loc 1 136 17 is_stmt 1 view .LVU163
 553              		.loc 1 136 31 is_stmt 0 view .LVU164
 554 005a 2279     		ldrb	r2, [r4, #4]	@ zero_extendqisi2
 555              		.loc 1 136 19 view .LVU165
 556 005c 7AB1     		cbz	r2, .L44
 557              		.loc 1 136 47 discriminator 1 view .LVU166
 558 005e 032B     		cmp	r3, #3
 559 0060 0DD8     		bhi	.L44
 137:KTimeSlice/button.c ****                 {
 138:KTimeSlice/button.c ****                     if (temp_btn_p->cob_ready_flag == 0)
 560              		.loc 1 138 21 is_stmt 1 view .LVU167
 561              		.loc 1 138 35 is_stmt 0 view .LVU168
 562 0062 6379     		ldrb	r3, [r4, #5]	@ zero_extendqisi2
 563              		.loc 1 138 24 view .LVU169
 564 0064 002B     		cmp	r3, #0
 565 0066 D3D1     		bne	.L40
 139:KTimeSlice/button.c ****                     {
 140:KTimeSlice/button.c ****                         button_cob_mask |= 0x01 << temp_btn_p->id;
 566              		.loc 1 140 25 is_stmt 1 view .LVU170
 567              		.loc 1 140 62 is_stmt 0 view .LVU171
 568 0068 14F8153C 		ldrb	r3, [r4, #-21]	@ zero_extendqisi2
 569              		.loc 1 140 49 view .LVU172
 570 006c 0122     		movs	r2, #1
 571 006e 02FA03F3 		lsl	r3, r2, r3
 572              		.loc 1 140 41 view .LVU173
 573 0072 2649     		ldr	r1, .L57+4
ARM GAS  C:\Users\Toubidou\AppData\Local\Temp\ccUcuMni.s 			page 14


 574 0074 0888     		ldrh	r0, [r1]
 575 0076 0343     		orrs	r3, r3, r0
 576 0078 0B80     		strh	r3, [r1]	@ movhi
 141:KTimeSlice/button.c ****                         temp_btn_p->cob_ready_flag = 1;
 577              		.loc 1 141 25 is_stmt 1 view .LVU174
 578              		.loc 1 141 52 is_stmt 0 view .LVU175
 579 007a 6271     		strb	r2, [r4, #5]
 580 007c C8E7     		b	.L40
 581              	.L44:
 142:KTimeSlice/button.c ****                     }
 143:KTimeSlice/button.c ****                 }
 144:KTimeSlice/button.c ****                 else if((temp_btn_p->press_time > (LONG_PRESSED_TIME / 30)) && (temp_btn_p->flag_lo
 582              		.loc 1 144 22 is_stmt 1 view .LVU176
 583              		.loc 1 144 24 is_stmt 0 view .LVU177
 584 007e 3C2B     		cmp	r3, #60
 585 0080 C6D9     		bls	.L40
 586              		.loc 1 144 91 discriminator 1 view .LVU178
 587 0082 14F8033C 		ldrb	r3, [r4, #-3]	@ zero_extendqisi2
 588              		.loc 1 144 77 discriminator 1 view .LVU179
 589 0086 012B     		cmp	r3, #1
 590 0088 C2D0     		beq	.L40
 145:KTimeSlice/button.c ****                 {
 146:KTimeSlice/button.c ****                     temp_btn_p->flag_long_pressed = 1;  //防止长按重复触发
 591              		.loc 1 146 21 is_stmt 1 view .LVU180
 592              		.loc 1 146 51 is_stmt 0 view .LVU181
 593 008a 0123     		movs	r3, #1
 594 008c 04F8033C 		strb	r3, [r4, #-3]
 147:KTimeSlice/button.c ****                     asy_evt_emit(BUTTON_0_SIG_NUM + 1 + temp_btn_p->id * 2);
 595              		.loc 1 147 21 is_stmt 1 view .LVU182
 596              		.loc 1 147 67 is_stmt 0 view .LVU183
 597 0090 14F8150C 		ldrb	r0, [r4, #-21]	@ zero_extendqisi2
 598              		.loc 1 147 55 view .LVU184
 599 0094 0330     		adds	r0, r0, #3
 600              		.loc 1 147 21 view .LVU185
 601 0096 9840     		lsls	r0, r0, r3
 602 0098 FFF7FEFF 		bl	asy_evt_emit
 603              	.LVL50:
 604 009c B8E7     		b	.L40
 605              	.L43:
 148:KTimeSlice/button.c ****                 }            
 149:KTimeSlice/button.c ****             }
 150:KTimeSlice/button.c ****             else{
 151:KTimeSlice/button.c ****                 if((temp_btn_p->press_time < (LONG_PRESSED_TIME / 30)) && (temp_btn_p->cob_trigger_
 606              		.loc 1 151 17 is_stmt 1 view .LVU186
 607              		.loc 1 151 31 is_stmt 0 view .LVU187
 608 009e 14F8043C 		ldrb	r3, [r4, #-4]	@ zero_extendqisi2
 609              		.loc 1 151 19 view .LVU188
 610 00a2 3B2B     		cmp	r3, #59
 611 00a4 01D8     		bhi	.L45
 612              		.loc 1 151 86 discriminator 1 view .LVU189
 613 00a6 A379     		ldrb	r3, [r4, #6]	@ zero_extendqisi2
 614              		.loc 1 151 72 discriminator 1 view .LVU190
 615 00a8 5BB1     		cbz	r3, .L56
 616              	.L45:
 152:KTimeSlice/button.c ****                 {
 153:KTimeSlice/button.c ****                     // app_log("test\n");
 154:KTimeSlice/button.c ****                     asy_evt_emit(BUTTON_0_SIG_NUM + temp_btn_p->id * 2);
ARM GAS  C:\Users\Toubidou\AppData\Local\Temp\ccUcuMni.s 			page 15


 155:KTimeSlice/button.c ****                 }
 156:KTimeSlice/button.c ****                 temp_btn_p->flag_long_pressed = 0;
 617              		.loc 1 156 17 is_stmt 1 view .LVU191
 618              		.loc 1 156 47 is_stmt 0 view .LVU192
 619 00aa 0023     		movs	r3, #0
 620 00ac 04F8033C 		strb	r3, [r4, #-3]
 157:KTimeSlice/button.c ****                 temp_btn_p->state = SCAN;
 621              		.loc 1 157 17 is_stmt 1 view .LVU193
 622              		.loc 1 157 35 is_stmt 0 view .LVU194
 623 00b0 04F8143C 		strb	r3, [r4, #-20]
 158:KTimeSlice/button.c ****                 temp_btn_p->press_time = 0;
 624              		.loc 1 158 17 is_stmt 1 view .LVU195
 625              		.loc 1 158 40 is_stmt 0 view .LVU196
 626 00b4 04F8043C 		strb	r3, [r4, #-4]
 159:KTimeSlice/button.c ****                 button_cob_mask = 0;
 627              		.loc 1 159 17 is_stmt 1 view .LVU197
 628              		.loc 1 159 33 is_stmt 0 view .LVU198
 629 00b8 144A     		ldr	r2, .L57+4
 630 00ba 1380     		strh	r3, [r2]	@ movhi
 160:KTimeSlice/button.c ****                 temp_btn_p->cob_ready_flag = 0;
 631              		.loc 1 160 17 is_stmt 1 view .LVU199
 632              		.loc 1 160 44 is_stmt 0 view .LVU200
 633 00bc 6371     		strb	r3, [r4, #5]
 161:KTimeSlice/button.c ****                 temp_btn_p->cob_trigger_flag = 0;
 634              		.loc 1 161 17 is_stmt 1 view .LVU201
 635              		.loc 1 161 46 is_stmt 0 view .LVU202
 636 00be A371     		strb	r3, [r4, #6]
 637 00c0 A6E7     		b	.L40
 638              	.L56:
 154:KTimeSlice/button.c ****                 }
 639              		.loc 1 154 21 is_stmt 1 view .LVU203
 154:KTimeSlice/button.c ****                 }
 640              		.loc 1 154 63 is_stmt 0 view .LVU204
 641 00c2 14F8150C 		ldrb	r0, [r4, #-21]	@ zero_extendqisi2
 154:KTimeSlice/button.c ****                 }
 642              		.loc 1 154 68 view .LVU205
 643 00c6 4000     		lsls	r0, r0, #1
 154:KTimeSlice/button.c ****                 }
 644              		.loc 1 154 21 view .LVU206
 645 00c8 0530     		adds	r0, r0, #5
 646 00ca FFF7FEFF 		bl	asy_evt_emit
 647              	.LVL51:
 648 00ce ECE7     		b	.L45
 649              	.LVL52:
 650              	.L55:
 162:KTimeSlice/button.c ****             }
 163:KTimeSlice/button.c ****         }
 164:KTimeSlice/button.c ****     }
 165:KTimeSlice/button.c **** 
 166:KTimeSlice/button.c ****     if (button_cob_mask != 0)
 651              		.loc 1 166 5 is_stmt 1 view .LVU207
 652              		.loc 1 166 25 is_stmt 0 view .LVU208
 653 00d0 0E4B     		ldr	r3, .L57+4
 654 00d2 1B88     		ldrh	r3, [r3]
 655              		.loc 1 166 8 view .LVU209
 656 00d4 ABB9     		cbnz	r3, .L51
 657              	.LVL53:
ARM GAS  C:\Users\Toubidou\AppData\Local\Temp\ccUcuMni.s 			page 16


 658              	.L37:
 167:KTimeSlice/button.c ****     {
 168:KTimeSlice/button.c ****         for (uint8_t i = 0; i < 4; i++)
 169:KTimeSlice/button.c ****         {
 170:KTimeSlice/button.c ****             if (button_cob_mask == bci.mask_array[i])
 171:KTimeSlice/button.c ****             {
 172:KTimeSlice/button.c ****                 asy_evt_emit(i);
 173:KTimeSlice/button.c ****                 button_cob_set_trig_flag(button_cob_mask);
 174:KTimeSlice/button.c ****                 button_cob_mask = 0;
 175:KTimeSlice/button.c ****             }
 176:KTimeSlice/button.c ****         }
 177:KTimeSlice/button.c ****     } 
 178:KTimeSlice/button.c **** }
 659              		.loc 1 178 1 view .LVU210
 660 00d6 38BD     		pop	{r3, r4, r5, pc}
 661              	.LVL54:
 662              	.L49:
 663              	.LBB2:
 168:KTimeSlice/button.c ****         {
 664              		.loc 1 168 37 is_stmt 1 discriminator 2 view .LVU211
 665 00d8 0134     		adds	r4, r4, #1
 666              	.LVL55:
 168:KTimeSlice/button.c ****         {
 667              		.loc 1 168 37 is_stmt 0 discriminator 2 view .LVU212
 668 00da E4B2     		uxtb	r4, r4
 669              	.LVL56:
 670              	.L47:
 168:KTimeSlice/button.c ****         {
 671              		.loc 1 168 31 is_stmt 1 discriminator 1 view .LVU213
 672 00dc 032C     		cmp	r4, #3
 673 00de FAD8     		bhi	.L37
 170:KTimeSlice/button.c ****             {
 674              		.loc 1 170 13 view .LVU214
 170:KTimeSlice/button.c ****             {
 675              		.loc 1 170 50 is_stmt 0 view .LVU215
 676 00e0 0B4B     		ldr	r3, .L57+8
 677 00e2 33F81420 		ldrh	r2, [r3, r4, lsl #1]
 170:KTimeSlice/button.c ****             {
 678              		.loc 1 170 33 view .LVU216
 679 00e6 094B     		ldr	r3, .L57+4
 680 00e8 1B88     		ldrh	r3, [r3]
 170:KTimeSlice/button.c ****             {
 681              		.loc 1 170 16 view .LVU217
 682 00ea 9A42     		cmp	r2, r3
 683 00ec F4D1     		bne	.L49
 172:KTimeSlice/button.c ****                 button_cob_set_trig_flag(button_cob_mask);
 684              		.loc 1 172 17 is_stmt 1 view .LVU218
 685 00ee 2046     		mov	r0, r4
 686 00f0 FFF7FEFF 		bl	asy_evt_emit
 687              	.LVL57:
 173:KTimeSlice/button.c ****                 button_cob_mask = 0;
 688              		.loc 1 173 17 view .LVU219
 689 00f4 054D     		ldr	r5, .L57+4
 690 00f6 2888     		ldrh	r0, [r5]
 691 00f8 FFF7FEFF 		bl	button_cob_set_trig_flag
 692              	.LVL58:
 174:KTimeSlice/button.c ****             }
ARM GAS  C:\Users\Toubidou\AppData\Local\Temp\ccUcuMni.s 			page 17


 693              		.loc 1 174 17 view .LVU220
 174:KTimeSlice/button.c ****             }
 694              		.loc 1 174 33 is_stmt 0 view .LVU221
 695 00fc 0023     		movs	r3, #0
 696 00fe 2B80     		strh	r3, [r5]	@ movhi
 697 0100 EAE7     		b	.L49
 698              	.LVL59:
 699              	.L51:
 168:KTimeSlice/button.c ****         {
 700              		.loc 1 168 22 view .LVU222
 701 0102 0024     		movs	r4, #0
 702              	.LVL60:
 168:KTimeSlice/button.c ****         {
 703              		.loc 1 168 22 view .LVU223
 704 0104 EAE7     		b	.L47
 705              	.L58:
 706 0106 00BF     		.align	2
 707              	.L57:
 708 0108 00000000 		.word	btn_list_head
 709 010c 00000000 		.word	button_cob_mask.0
 710 0110 00000000 		.word	bci
 711              	.LBE2:
 712              		.cfi_endproc
 713              	.LFE248:
 715              		.section	.bss.button_cob_mask.0,"aw",%nobits
 716              		.align	1
 719              	button_cob_mask.0:
 720 0000 0000     		.space	2
 721              		.section	.bss.bci,"aw",%nobits
 722              		.align	2
 725              	bci:
 726 0000 00000000 		.space	10
 726      00000000 
 726      0000
 727              		.section	.bss.btn_list_head,"aw",%nobits
 728              		.align	2
 731              	btn_list_head:
 732 0000 00000000 		.space	4
 733              		.section	.bss.button_num,"aw",%nobits
 736              	button_num:
 737 0000 00       		.space	1
 738              		.text
 739              	.Letext0:
 740              		.file 2 "D:/code_env/arm-gnu-toolchain-15.2.rel1-mingw-w64-i686-arm-none-eabi/arm-none-eabi/includ
 741              		.file 3 "D:/code_env/arm-gnu-toolchain-15.2.rel1-mingw-w64-i686-arm-none-eabi/arm-none-eabi/includ
 742              		.file 4 "KTimeSlice/list.h"
 743              		.file 5 "KTimeSlice/button.h"
 744              		.file 6 "KTimeSlice/async_event.h"
 745              		.file 7 "D:/code_env/arm-gnu-toolchain-15.2.rel1-mingw-w64-i686-arm-none-eabi/arm-none-eabi/includ
ARM GAS  C:\Users\Toubidou\AppData\Local\Temp\ccUcuMni.s 			page 18


DEFINED SYMBOLS
                            *ABS*:00000000 button.c
C:\Users\Toubidou\AppData\Local\Temp\ccUcuMni.s:21     .text.button_create:00000000 $t
C:\Users\Toubidou\AppData\Local\Temp\ccUcuMni.s:27     .text.button_create:00000000 button_create
C:\Users\Toubidou\AppData\Local\Temp\ccUcuMni.s:133    .text.button_create:0000005c $d
C:\Users\Toubidou\AppData\Local\Temp\ccUcuMni.s:736    .bss.button_num:00000000 button_num
C:\Users\Toubidou\AppData\Local\Temp\ccUcuMni.s:731    .bss.btn_list_head:00000000 btn_list_head
C:\Users\Toubidou\AppData\Local\Temp\ccUcuMni.s:139    .text.button_set_long_pressed_cb:00000000 $t
C:\Users\Toubidou\AppData\Local\Temp\ccUcuMni.s:145    .text.button_set_long_pressed_cb:00000000 button_set_long_pressed_cb
C:\Users\Toubidou\AppData\Local\Temp\ccUcuMni.s:177    .text.button_clear_long_pressed_cb:00000000 $t
C:\Users\Toubidou\AppData\Local\Temp\ccUcuMni.s:183    .text.button_clear_long_pressed_cb:00000000 button_clear_long_pressed_cb
C:\Users\Toubidou\AppData\Local\Temp\ccUcuMni.s:233    .text.button_cob_Reg:00000000 $t
C:\Users\Toubidou\AppData\Local\Temp\ccUcuMni.s:239    .text.button_cob_Reg:00000000 button_cob_Reg
C:\Users\Toubidou\AppData\Local\Temp\ccUcuMni.s:337    .text.button_cob_Reg:00000050 $d
C:\Users\Toubidou\AppData\Local\Temp\ccUcuMni.s:725    .bss.bci:00000000 bci
C:\Users\Toubidou\AppData\Local\Temp\ccUcuMni.s:343    .text.button_cob_set_trig_flag:00000000 $t
C:\Users\Toubidou\AppData\Local\Temp\ccUcuMni.s:349    .text.button_cob_set_trig_flag:00000000 button_cob_set_trig_flag
C:\Users\Toubidou\AppData\Local\Temp\ccUcuMni.s:407    .text.button_cob_set_trig_flag:00000028 $d
C:\Users\Toubidou\AppData\Local\Temp\ccUcuMni.s:412    .text.button_get_id:00000000 $t
C:\Users\Toubidou\AppData\Local\Temp\ccUcuMni.s:418    .text.button_get_id:00000000 button_get_id
C:\Users\Toubidou\AppData\Local\Temp\ccUcuMni.s:446    .text.button_scan:00000000 $t
C:\Users\Toubidou\AppData\Local\Temp\ccUcuMni.s:452    .text.button_scan:00000000 button_scan
C:\Users\Toubidou\AppData\Local\Temp\ccUcuMni.s:708    .text.button_scan:00000108 $d
C:\Users\Toubidou\AppData\Local\Temp\ccUcuMni.s:719    .bss.button_cob_mask.0:00000000 button_cob_mask.0
C:\Users\Toubidou\AppData\Local\Temp\ccUcuMni.s:716    .bss.button_cob_mask.0:00000000 $d
C:\Users\Toubidou\AppData\Local\Temp\ccUcuMni.s:722    .bss.bci:00000000 $d
C:\Users\Toubidou\AppData\Local\Temp\ccUcuMni.s:728    .bss.btn_list_head:00000000 $d
C:\Users\Toubidou\AppData\Local\Temp\ccUcuMni.s:737    .bss.button_num:00000000 $d

UNDEFINED SYMBOLS
malloc
list_append
asy_evt_register
asy_evt_unregister
asy_evt_emit
