Archive member included to satisfy reference by file (symbol)

D:/code_env/arm-gnu-toolchain-15.2.rel1-mingw-w64-i686-arm-none-eabi/bin/../lib/gcc/arm-none-eabi/15.2.1/../../../../arm-none-eabi/lib/thumb/v7e-m+fp/hard\libc_nano.a(libc_a-exit.o)
                              D:/code_env/arm-gnu-toolchain-15.2.rel1-mingw-w64-i686-arm-none-eabi/bin/../lib/gcc/arm-none-eabi/15.2.1/../../../../arm-none-eabi/lib/thumb/v7e-m+fp/hard/crt0.o (exit)
D:/code_env/arm-gnu-toolchain-15.2.rel1-mingw-w64-i686-arm-none-eabi/bin/../lib/gcc/arm-none-eabi/15.2.1/../../../../arm-none-eabi/lib/thumb/v7e-m+fp/hard\libc_nano.a(libc_a-malloc.o)
                              build/button.o (malloc)
D:/code_env/arm-gnu-toolchain-15.2.rel1-mingw-w64-i686-arm-none-eabi/bin/../lib/gcc/arm-none-eabi/15.2.1/../../../../arm-none-eabi/lib/thumb/v7e-m+fp/hard\libc_nano.a(libc_a-mallocr.o)
                              D:/code_env/arm-gnu-toolchain-15.2.rel1-mingw-w64-i686-arm-none-eabi/bin/../lib/gcc/arm-none-eabi/15.2.1/../../../../arm-none-eabi/lib/thumb/v7e-m+fp/hard\libc_nano.a(libc_a-malloc.o) (_malloc_r)
D:/code_env/arm-gnu-toolchain-15.2.rel1-mingw-w64-i686-arm-none-eabi/bin/../lib/gcc/arm-none-eabi/15.2.1/../../../../arm-none-eabi/lib/thumb/v7e-m+fp/hard\libc_nano.a(libc_a-mlock.o)
                              D:/code_env/arm-gnu-toolchain-15.2.rel1-mingw-w64-i686-arm-none-eabi/bin/../lib/gcc/arm-none-eabi/15.2.1/../../../../arm-none-eabi/lib/thumb/v7e-m+fp/hard\libc_nano.a(libc_a-mallocr.o) (__malloc_lock)
D:/code_env/arm-gnu-toolchain-15.2.rel1-mingw-w64-i686-arm-none-eabi/bin/../lib/gcc/arm-none-eabi/15.2.1/../../../../arm-none-eabi/lib/thumb/v7e-m+fp/hard\libc_nano.a(libc_a-findfp.o)
                              D:/code_env/arm-gnu-toolchain-15.2.rel1-mingw-w64-i686-arm-none-eabi/bin/../lib/gcc/arm-none-eabi/15.2.1/../../../../arm-none-eabi/lib/thumb/v7e-m+fp/hard\libc_nano.a(libc_a-exit.o) (__stdio_exit_handler)
D:/code_env/arm-gnu-toolchain-15.2.rel1-mingw-w64-i686-arm-none-eabi/bin/../lib/gcc/arm-none-eabi/15.2.1/../../../../arm-none-eabi/lib/thumb/v7e-m+fp/hard\libc_nano.a(libc_a-fwalk.o)
                              D:/code_env/arm-gnu-toolchain-15.2.rel1-mingw-w64-i686-arm-none-eabi/bin/../lib/gcc/arm-none-eabi/15.2.1/../../../../arm-none-eabi/lib/thumb/v7e-m+fp/hard\libc_nano.a(libc_a-findfp.o) (_fwalk_sglue)
D:/code_env/arm-gnu-toolchain-15.2.rel1-mingw-w64-i686-arm-none-eabi/bin/../lib/gcc/arm-none-eabi/15.2.1/../../../../arm-none-eabi/lib/thumb/v7e-m+fp/hard\libc_nano.a(libc_a-stdio.o)
                              D:/code_env/arm-gnu-toolchain-15.2.rel1-mingw-w64-i686-arm-none-eabi/bin/../lib/gcc/arm-none-eabi/15.2.1/../../../../arm-none-eabi/lib/thumb/v7e-m+fp/hard\libc_nano.a(libc_a-findfp.o) (__sread)
D:/code_env/arm-gnu-toolchain-15.2.rel1-mingw-w64-i686-arm-none-eabi/bin/../lib/gcc/arm-none-eabi/15.2.1/../../../../arm-none-eabi/lib/thumb/v7e-m+fp/hard\libc_nano.a(libc_a-vsnprintf.o)
                              build/app_log.o (vsnprintf)
D:/code_env/arm-gnu-toolchain-15.2.rel1-mingw-w64-i686-arm-none-eabi/bin/../lib/gcc/arm-none-eabi/15.2.1/../../../../arm-none-eabi/lib/thumb/v7e-m+fp/hard\libc_nano.a(libc_a-memset.o)
                              D:/code_env/arm-gnu-toolchain-15.2.rel1-mingw-w64-i686-arm-none-eabi/bin/../lib/gcc/arm-none-eabi/15.2.1/../../../../arm-none-eabi/lib/thumb/v7e-m+fp/hard/crt0.o (memset)
D:/code_env/arm-gnu-toolchain-15.2.rel1-mingw-w64-i686-arm-none-eabi/bin/../lib/gcc/arm-none-eabi/15.2.1/../../../../arm-none-eabi/lib/thumb/v7e-m+fp/hard\libc_nano.a(libc_a-closer.o)
                              D:/code_env/arm-gnu-toolchain-15.2.rel1-mingw-w64-i686-arm-none-eabi/bin/../lib/gcc/arm-none-eabi/15.2.1/../../../../arm-none-eabi/lib/thumb/v7e-m+fp/hard\libc_nano.a(libc_a-stdio.o) (_close_r)
D:/code_env/arm-gnu-toolchain-15.2.rel1-mingw-w64-i686-arm-none-eabi/bin/../lib/gcc/arm-none-eabi/15.2.1/../../../../arm-none-eabi/lib/thumb/v7e-m+fp/hard\libc_nano.a(libc_a-reent.o)
                              D:/code_env/arm-gnu-toolchain-15.2.rel1-mingw-w64-i686-arm-none-eabi/bin/../lib/gcc/arm-none-eabi/15.2.1/../../../../arm-none-eabi/lib/thumb/v7e-m+fp/hard\libc_nano.a(libc_a-closer.o) (errno)
D:/code_env/arm-gnu-toolchain-15.2.rel1-mingw-w64-i686-arm-none-eabi/bin/../lib/gcc/arm-none-eabi/15.2.1/../../../../arm-none-eabi/lib/thumb/v7e-m+fp/hard\libc_nano.a(libc_a-impure.o)
                              D:/code_env/arm-gnu-toolchain-15.2.rel1-mingw-w64-i686-arm-none-eabi/bin/../lib/gcc/arm-none-eabi/15.2.1/../../../../arm-none-eabi/lib/thumb/v7e-m+fp/hard\libc_nano.a(libc_a-malloc.o) (_impure_ptr)
D:/code_env/arm-gnu-toolchain-15.2.rel1-mingw-w64-i686-arm-none-eabi/bin/../lib/gcc/arm-none-eabi/15.2.1/../../../../arm-none-eabi/lib/thumb/v7e-m+fp/hard\libc_nano.a(libc_a-lseekr.o)
[...]
Memory Configuration

Name             Origin             Length             Attributes
RAM              0x20000000         0x00020000         xrw
CCMRAM           0x10000000         0x00010000         xrw
FLASH            0x08000000         0x00080000         xr
*default*        0x00000000         0xffffffff

Linker script and memory map

LOAD D:/code_env/arm-gnu-toolchain-15.2.rel1-mingw-w64-i686-arm-none-eabi/bin/../lib/gcc/arm-none-eabi/15.2.1/thumb/v7e-m+fp/hard/crti.o
LOAD D:/code_env/arm-gnu-toolchain-15.2.rel1-mingw-w64-i686-arm-none-eabi/bin/../lib/gcc/arm-none-eabi/15.2.1/thumb/v7e-m+fp/hard/crtbegin.o
LOAD D:/code_env/arm-gnu-toolchain-15.2.rel1-mingw-w64-i686-arm-none-eabi/bin/../lib/gcc/arm-none-eabi/15.2.1/../../../../arm-none-eabi/lib/thumb/v7e-m+fp/hard/crt0.o
LOAD build/main.o
LOAD build/gpio.o
LOAD build/can.o
LOAD build/stm32f4xx_it.o
LOAD build/stm32f4xx_hal_msp.o
LOAD build/stm32f4xx_hal_can.o
LOAD build/stm32f4xx_hal_rcc.o
LOAD build/stm32f4xx_hal_rcc_ex.o
LOAD build/stm32f4xx_hal_flash.o
LOAD build/stm32f4xx_hal_flash_ex.o
LOAD build/stm32f4xx_hal_flash_ramfunc.o
LOAD build/stm32f4xx_hal_gpio.o
LOAD build/stm32f4xx_hal_dma_ex.o
LOAD build/stm32f4xx_hal_dma.o
LOAD build/stm32f4xx_hal_pwr.o
LOAD build/stm32f4xx_hal_pwr_ex.o
LOAD build/stm32f4xx_hal_cortex.o
LOAD build/stm32f4xx_hal.o
LOAD build/stm32f4xx_hal_exti.o
LOAD build/system_stm32f4xx.o
LOAD build/sysmem.o
LOAD build/syscalls.o
LOAD build/tim.o
LOAD build/stm32f4xx_hal_tim.o
LOAD build/stm32f4xx_hal_tim_ex.o
LOAD build/usart.o
LOAD build/stm32f4xx_hal_uart.o
LOAD build/app_log.o
LOAD build/async_event.o
LOAD build/button.o
LOAD build/encoder.o
LOAD build/ktime_slice.o
LOAD build/list.o
LOAD build/message.o
LOAD build/ringbuff.o
LOAD build/bsp_can.o
LOAD build/startup_stm32f407xx.o
LOAD D:/code_env/arm-gnu-toolchain-15.2.rel1-mingw-w64-i686-arm-none-eabi/bin/../lib/gcc/arm-none-eabi/15.2.1/../../../../arm-none-eabi/lib/thumb/v7e-m+fp/hard\libc_nano.a
LOAD D:/code_env/arm-gnu-toolchain-15.2.rel1-mingw-w64-i686-arm-none-eabi/bin/../lib/gcc/arm-none-eabi/15.2.1/../../../../arm-none-eabi/lib/thumb/v7e-m+fp/hard\libm.a
LOAD D:/code_env/arm-gnu-toolchain-15.2.rel1-mingw-w64-i686-arm-none-eabi/bin/../lib/gcc/arm-none-eabi/15.2.1/../../../../arm-none-eabi/lib/thumb/v7e-m+fp/hard\libnosys.a
START GROUP
LOAD D:/code_env/arm-gnu-toolchain-15.2.rel1-mingw-w64-i686-arm-none-eabi/bin/../lib/gcc/arm-none-eabi/15.2.1/thumb/v7e-m+fp/hard\libgcc.a
LOAD D:/code_env/arm-gnu-toolchain-15.2.rel1-mingw-w64-i686-arm-none-eabi/bin/../lib/gcc/arm-none-eabi/15.2.1/../../../../arm-none-eabi/lib/thumb/v7e-m+fp/hard\libc_nano.a
END GROUP
START GROUP
LOAD D:/code_env/arm-gnu-toolchain-15.2.rel1-mingw-w64-i686-arm-none-eabi/bin/../lib/gcc/arm-none-eabi/15.2.1/thumb/v7e-m+fp/hard\libgcc.a
LOAD D:/code_env/arm-gnu-toolchain-15.2.rel1-mingw-w64-i686-arm-none-eabi/bin/../lib/gcc/arm-none-eabi/15.2.1/../../../../arm-none-eabi/lib/thumb/v7e-m+fp/hard\libc_nano.a
END GROUP
LOAD D:/code_env/arm-gnu-toolchain-15.2.rel1-mingw-w64-i686-arm-none-eabi/bin/../lib/gcc/arm-none-eabi/15.2.1/thumb/v7e-m+fp/hard/crtend.o
LOAD D:/code_env/arm-gnu-toolchain-15.2.rel1-mingw-w64-i686-arm-none-eabi/bin/../lib/gcc/arm-none-eabi/15.2.1/thumb/v7e-m+fp/hard/crtn.o
                0x20020000                        _estack = (ORIGIN (RAM) + LENGTH (RAM))
                0x2001fc00                        _sstack = (_estack - _Min_Stack_Size)
                0x00000200                        _Min_Heap_Size = 0x200
                0x00000400                        _Min_Stack_Size = 0x400

.isr_vector     0x08000000      0x188
                0x08000000                        . = ALIGN (0x4)
 *(.isr_vector)
 .isr_vector    0x08000000      0x188 build/startup_stm32f407xx.o
                0x08000000                g_pfnVectors
                0x08000188                        . = ALIGN (0x4)

.text           0x08000190     0x2bfc
                0x08000190                        . = ALIGN (0x4)
 *(.text)
 .text          0x08000190       0x10 D:/code_env/arm-gnu-toolchain-15.2.rel1-mingw-w64-i686-arm-none-eabi/bin/../lib/gcc/arm-none-eabi/15.2.1/../../../../arm-none-eabi/lib/thumb/v7e-m+fp/hard\libc_nano.a(libc_a-strlen.o)
                0x08000190                strlen
 .text          0x080001a0       0xa0 D:/code_env/arm-gnu-toolchain-15.2.rel1-mingw-w64-i686-arm-none-eabi/bin/../lib/gcc/arm-none-eabi/15.2.1/../../../../arm-none-eabi/lib/thumb/v7e-m+fp/hard\libc_nano.a(libc_a-memchr.o)
                0x080001a0                memchr
 .text          0x08000240       0x30 D:/code_env/arm-gnu-toolchain-15.2.rel1-mingw-w64-i686-arm-none-eabi/bin/../lib/gcc/arm-none-eabi/15.2.1/thumb/v7e-m+fp/hard\libgcc.a(_aeabi_uldivmod.o)
                0x08000240                __aeabi_uldivmod
 .text          0x08000270        0x4 D:/code_env/arm-gnu-toolchain-15.2.rel1-mingw-w64-i686-arm-none-eabi/bin/../lib/gcc/arm-none-eabi/15.2.1/thumb/v7e-m+fp/hard\libgcc.a(_dvmd_tls.o)
                0x08000270                __aeabi_idiv0
                0x08000270                __aeabi_ldiv0
 *(.text*)
 .text.deregister_tm_clones
                0x08000274       0x1c D:/code_env/arm-gnu-toolchain-15.2.rel1-mingw-w64-i686-arm-none-eabi/bin/../lib/gcc/arm-none-eabi/15.2.1/thumb/v7e-m+fp/hard/crtbegin.o
 .text.register_tm_clones
                0x08000290       0x24 D:/code_env/arm-gnu-toolchain-15.2.rel1-mingw-w64-i686-arm-none-eabi/bin/../lib/gcc/arm-none-eabi/15.2.1/thumb/v7e-m+fp/hard/crtbegin.o
 .text.__do_global_dtors_aux
                0x080002b4       0x28 D:/code_env/arm-gnu-toolchain-15.2.rel1-mingw-w64-i686-arm-none-eabi/bin/../lib/gcc/arm-none-eabi/15.2.1/thumb/v7e-m+fp/hard/crtbegin.o
 .text.frame_dummy
                0x080002dc       0x24 D:/code_env/arm-gnu-toolchain-15.2.rel1-mingw-w64-i686-arm-none-eabi/bin/../lib/gcc/arm-none-eabi/15.2.1/thumb/v7e-m+fp/hard/crtbegin.o
 .text.Error_Handler
                0x08000300        0x4 build/main.o
                0x08000300                Error_Handler
 .text.SystemClock_Config
                0x08000304       0xa4 build/main.o
                0x08000304                SystemClock_Config
 .text.main     0x080003a8       0xa0 build/main.o
                0x080003a8                main
 .text.MX_GPIO_Init
                0x08000448       0x7c build/gpio.o
                0x08000448                MX_GPIO_Init
 .text.MX_CAN1_Init
                0x080004c4       0x40 build/can.o
                0x080004c4                MX_CAN1_Init
 .text.HAL_CAN_MspInit
                0x08000504       0x98 build/can.o
                0x08000504                HAL_CAN_MspInit
 .text.NMI_Handler
                0x0800059c        0x2 build/stm32f4xx_it.o
                0x0800059c                NMI_Handler
 .text.HardFault_Handler
                0x0800059e        0x2 build/stm32f4xx_it.o
                0x0800059e                HardFault_Handler
 .text.MemManage_Handler
                0x080005a0        0x2 build/stm32f4xx_it.o
                0x080005a0                MemManage_Handler
 .text.BusFault_Handler
                0x080005a2        0x2 build/stm32f4xx_it.o
                0x080005a2                BusFault_Handler
 .text.UsageFault_Handler
                0x080005a4        0x2 build/stm32f4xx_it.o
                0x080005a4                UsageFault_Handler
 .text.SVC_Handler
                0x080005a6        0x2 build/stm32f4xx_it.o
                0x080005a6                SVC_Handler
 .text.DebugMon_Handler
                0x080005a8        0x2 build/stm32f4xx_it.o
                0x080005a8                DebugMon_Handler
 .text.PendSV_Handler
                0x080005aa        0x2 build/stm32f4xx_it.o
                0x080005aa                PendSV_Handler
 .text.SysTick_Handler
                0x080005ac        0x8 build/stm32f4xx_it.o
                0x080005ac                SysTick_Handler
 .text.CAN1_RX1_IRQHandler
                0x080005b4       0x10 build/stm32f4xx_it.o
                0x080005b4                CAN1_RX1_IRQHandler
 .text.HAL_MspInit
                0x080005c4       0x38 build/stm32f4xx_hal_msp.o
                0x080005c4                HAL_MspInit
 .text.HAL_CAN_Init
                0x080005fc      0x14c build/stm32f4xx_hal_can.o
                0x080005fc                HAL_CAN_Init
 .text.HAL_CAN_ConfigFilter
                0x08000748      0x13c build/stm32f4xx_hal_can.o
                0x08000748                HAL_CAN_ConfigFilter
 .text.HAL_CAN_AddTxMessage
                0x08000884      0x106 build/stm32f4xx_hal_can.o
                0x08000884                HAL_CAN_AddTxMessage
 .text.HAL_CAN_GetRxMessage
                0x0800098a      0x19a build/stm32f4xx_hal_can.o
                0x0800098a                HAL_CAN_GetRxMessage
 .text.HAL_CAN_ActivateNotification
                0x08000b24       0x24 build/stm32f4xx_hal_can.o
                0x08000b24                HAL_CAN_ActivateNotification
 .text.HAL_CAN_TxMailbox0CompleteCallback
                0x08000b48        0x2 build/stm32f4xx_hal_can.o
                0x08000b48                HAL_CAN_TxMailbox0CompleteCallback
 .text.HAL_CAN_TxMailbox1CompleteCallback
                0x08000b4a        0x2 build/stm32f4xx_hal_can.o
                0x08000b4a                HAL_CAN_TxMailbox1CompleteCallback
 .text.HAL_CAN_TxMailbox2CompleteCallback
                0x08000b4c        0x2 build/stm32f4xx_hal_can.o
                0x08000b4c                HAL_CAN_TxMailbox2CompleteCallback
 .text.HAL_CAN_TxMailbox0AbortCallback
                0x08000b4e        0x2 build/stm32f4xx_hal_can.o
                0x08000b4e                HAL_CAN_TxMailbox0AbortCallback
 .text.HAL_CAN_TxMailbox1AbortCallback
                0x08000b50        0x2 build/stm32f4xx_hal_can.o
                0x08000b50                HAL_CAN_TxMailbox1AbortCallback
 .text.HAL_CAN_TxMailbox2AbortCallback
                0x08000b52        0x2 build/stm32f4xx_hal_can.o
                0x08000b52                HAL_CAN_TxMailbox2AbortCallback
 .text.HAL_CAN_RxFifo0MsgPendingCallback
                0x08000b54        0x2 build/stm32f4xx_hal_can.o
                0x08000b54                HAL_CAN_RxFifo0MsgPendingCallback
 .text.HAL_CAN_RxFifo0FullCallback
                0x08000b56        0x2 build/stm32f4xx_hal_can.o
                0x08000b56                HAL_CAN_RxFifo0FullCallback
 .text.HAL_CAN_RxFifo1FullCallback
                0x08000b58        0x2 build/stm32f4xx_hal_can.o
                0x08000b58                HAL_CAN_RxFifo1FullCallback
 .text.HAL_CAN_SleepCallback
                0x08000b5a        0x2 build/stm32f4xx_hal_can.o
                0x08000b5a                HAL_CAN_SleepCallback
 .text.HAL_CAN_WakeUpFromRxMsgCallback
                0x08000b5c        0x2 build/stm32f4xx_hal_can.o
                0x08000b5c                HAL_CAN_WakeUpFromRxMsgCallback
 .text.HAL_CAN_ErrorCallback
                0x08000b5e        0x2 build/stm32f4xx_hal_can.o
                0x08000b5e                HAL_CAN_ErrorCallback
 .text.HAL_CAN_IRQHandler
                0x08000b60      0x244 build/stm32f4xx_hal_can.o
                0x08000b60                HAL_CAN_IRQHandler
 .text.HAL_RCC_OscConfig
                0x08000da4      0x3fc build/stm32f4xx_hal_rcc.o
                0x08000da4                HAL_RCC_OscConfig
 .text.HAL_RCC_GetSysClockFreq
                0x080011a0       0xdc build/stm32f4xx_hal_rcc.o
                0x080011a0                HAL_RCC_GetSysClockFreq
 .text.HAL_RCC_ClockConfig
                0x0800127c      0x160 build/stm32f4xx_hal_rcc.o
                0x0800127c                HAL_RCC_ClockConfig
 .text.HAL_RCC_GetHCLKFreq
                0x080013dc        0xc build/stm32f4xx_hal_rcc.o
                0x080013dc                HAL_RCC_GetHCLKFreq
 .text.HAL_RCC_GetPCLK1Freq
                0x080013e8       0x20 build/stm32f4xx_hal_rcc.o
                0x080013e8                HAL_RCC_GetPCLK1Freq
 .text.HAL_RCC_GetPCLK2Freq
                0x08001408       0x20 build/stm32f4xx_hal_rcc.o
                0x08001408                HAL_RCC_GetPCLK2Freq
 .text.HAL_GPIO_Init
                0x08001428      0x208 build/stm32f4xx_hal_gpio.o
                0x08001428                HAL_GPIO_Init
 .text.HAL_GPIO_WritePin
                0x08001630        0xc build/stm32f4xx_hal_gpio.o
                0x08001630                HAL_GPIO_WritePin
 .text.__NVIC_EnableIRQ
                0x0800163c       0x1c build/stm32f4xx_hal_cortex.o
 .text.__NVIC_SetPriority
                0x08001658       0x28 build/stm32f4xx_hal_cortex.o
 .text.NVIC_EncodePriority
                0x08001680       0x46 build/stm32f4xx_hal_cortex.o
 *fill*         0x080016c6        0x2 
 .text.HAL_NVIC_SetPriorityGrouping
                0x080016c8       0x24 build/stm32f4xx_hal_cortex.o
                0x080016c8                HAL_NVIC_SetPriorityGrouping
 .text.HAL_NVIC_SetPriority
                0x080016ec       0x20 build/stm32f4xx_hal_cortex.o
                0x080016ec                HAL_NVIC_SetPriority
 .text.HAL_NVIC_EnableIRQ
                0x0800170c        0x8 build/stm32f4xx_hal_cortex.o
                0x0800170c                HAL_NVIC_EnableIRQ
 .text.HAL_SYSTICK_Config
                0x08001714       0x28 build/stm32f4xx_hal_cortex.o
                0x08001714                HAL_SYSTICK_Config
 .text.HAL_InitTick
                0x0800173c       0x4c build/stm32f4xx_hal.o
                0x0800173c                HAL_InitTick
 .text.HAL_Init
                0x08001788       0x34 build/stm32f4xx_hal.o
                0x08001788                HAL_Init
 .text.HAL_IncTick
                0x080017bc       0x18 build/stm32f4xx_hal.o
                0x080017bc                HAL_IncTick
 .text.HAL_GetTick
                0x080017d4        0xc build/stm32f4xx_hal.o
                0x080017d4                HAL_GetTick
 .text.HAL_Delay
                0x080017e0       0x28 build/stm32f4xx_hal.o
                0x080017e0                HAL_Delay
 .text.SystemInit
                0x08001808       0x14 build/system_stm32f4xx.o
                0x08001808                SystemInit
 .text._sbrk    0x0800181c       0x4c build/sysmem.o
                0x0800181c                _sbrk
 .text.MX_TIM2_Init
                0x08001868       0x60 build/tim.o
                0x08001868                MX_TIM2_Init
 .text.HAL_TIM_Encoder_MspInit
                0x080018c8       0x64 build/tim.o
                0x080018c8                HAL_TIM_Encoder_MspInit
 .text.TIM_Base_SetConfig
                0x0800192c       0xd0 build/stm32f4xx_hal_tim.o
                0x0800192c                TIM_Base_SetConfig
 .text.HAL_TIM_Encoder_Init
                0x080019fc       0xb4 build/stm32f4xx_hal_tim.o
                0x080019fc                HAL_TIM_Encoder_Init
 .text.HAL_TIMEx_MasterConfigSynchronization
                0x08001ab0       0x8c build/stm32f4xx_hal_tim_ex.o
                0x08001ab0                HAL_TIMEx_MasterConfigSynchronization
 .text.MX_USART2_UART_Init
                0x08001b3c       0x34 build/usart.o
                0x08001b3c                MX_USART2_UART_Init
 .text.HAL_UART_MspInit
                0x08001b70       0x6c build/usart.o
                0x08001b70                HAL_UART_MspInit
 .text.UART_EndRxTransfer
                0x08001bdc       0x5c build/stm32f4xx_hal_uart.o
 .text.UART_SetConfig
                0x08001c38      0x110 build/stm32f4xx_hal_uart.o
 .text.UART_WaitOnFlagUntilTimeout
                0x08001d48       0x84 build/stm32f4xx_hal_uart.o
 .text.HAL_UART_Init
                0x08001dcc       0x60 build/stm32f4xx_hal_uart.o
                0x08001dcc                HAL_UART_Init
 .text.HAL_UART_Transmit
                0x08001e2c       0xcc build/stm32f4xx_hal_uart.o
                0x08001e2c                HAL_UART_Transmit
 .text.bsp_debug_log_send_buf
                0x08001ef8       0x14 build/app_log.o
                0x08001ef8                bsp_debug_log_send_buf
 .text.app_log  0x08001f0c       0x38 build/app_log.o
                0x08001f0c                app_log
 .text.bsp_can_create
                0x08001f44       0x98 build/bsp_can.o
                0x08001f44                bsp_can_create
 .text.HAL_CAN_RxFifo1MsgPendingCallback
                0x08001fdc       0x28 build/bsp_can.o
                0x08001fdc                HAL_CAN_RxFifo1MsgPendingCallback
 .text.bsp_can_send
                0x08002004       0x3c build/bsp_can.o
                0x08002004                bsp_can_send
 .text.bsp_can_receive
                0x08002040       0x34 build/bsp_can.o
                0x08002040                bsp_can_receive
 .text.Reset_Handler
                0x08002074       0x50 build/startup_stm32f407xx.o
                0x08002074                Reset_Handler
 .text.Default_Handler
                0x080020c4        0x2 build/startup_stm32f407xx.o
                0x080020c4                RTC_Alarm_IRQHandler
                0x080020c4                HASH_RNG_IRQHandler
                0x080020c4                EXTI2_IRQHandler
                0x080020c4                TIM8_CC_IRQHandler
                0x080020c4                TIM1_CC_IRQHandler
                0x080020c4                DMA2_Stream5_IRQHandler
                0x080020c4                DMA1_Stream5_IRQHandler
                0x080020c4                PVD_IRQHandler
                0x080020c4                SDIO_IRQHandler
                0x080020c4                TAMP_STAMP_IRQHandler
                0x080020c4                CAN2_RX1_IRQHandler
                0x080020c4                EXTI3_IRQHandler
                0x080020c4                TIM8_TRG_COM_TIM14_IRQHandler
                0x080020c4                TIM1_UP_TIM10_IRQHandler
                0x080020c4                TIM8_UP_TIM13_IRQHandler
                0x080020c4                I2C3_ER_IRQHandler
                0x080020c4                EXTI0_IRQHandler
                0x080020c4                I2C2_EV_IRQHandler
                0x080020c4                DMA1_Stream2_IRQHandler
                0x080020c4                CAN1_RX0_IRQHandler
                0x080020c4                FPU_IRQHandler
                0x080020c4                OTG_HS_WKUP_IRQHandler
                0x080020c4                CAN2_SCE_IRQHandler
                0x080020c4                DMA2_Stream2_IRQHandler
                0x080020c4                SPI1_IRQHandler
                0x080020c4                TIM6_DAC_IRQHandler
                0x080020c4                TIM1_BRK_TIM9_IRQHandler
                0x080020c4                DCMI_IRQHandler
                0x080020c4                CAN2_RX0_IRQHandler
                0x080020c4                DMA2_Stream3_IRQHandler
                0x080020c4                USART6_IRQHandler
                0x080020c4                USART3_IRQHandler
                0x080020c4                UART5_IRQHandler
                0x080020c4                DMA2_Stream0_IRQHandler
                0x080020c4                TIM4_IRQHandler
                0x080020c4                I2C1_EV_IRQHandler
                0x080020c4                DMA1_Stream6_IRQHandler
                0x080020c4                DMA1_Stream1_IRQHandler
                0x080020c4                UART4_IRQHandler
                0x080020c4                TIM3_IRQHandler
                0x080020c4                RCC_IRQHandler
                0x080020c4                TIM8_BRK_TIM12_IRQHandler
                0x080020c4                Default_Handler
                0x080020c4                EXTI15_10_IRQHandler
                0x080020c4                ADC_IRQHandler
                0x080020c4                DMA1_Stream7_IRQHandler
                0x080020c4                TIM7_IRQHandler
                0x080020c4                CAN2_TX_IRQHandler
                0x080020c4                TIM5_IRQHandler
                0x080020c4                DMA2_Stream7_IRQHandler
                0x080020c4                I2C3_EV_IRQHandler
                0x080020c4                EXTI9_5_IRQHandler
                0x080020c4                RTC_WKUP_IRQHandler
                0x080020c4                ETH_WKUP_IRQHandler
                0x080020c4                SPI2_IRQHandler
                0x080020c4                OTG_HS_EP1_IN_IRQHandler
                0x080020c4                DMA1_Stream0_IRQHandler
                0x080020c4                CAN1_TX_IRQHandler
                0x080020c4                EXTI4_IRQHandler
                0x080020c4                FSMC_IRQHandler
                0x080020c4                ETH_IRQHandler
                0x080020c4                OTG_HS_EP1_OUT_IRQHandler
                0x080020c4                WWDG_IRQHandler
                0x080020c4                TIM2_IRQHandler
                0x080020c4                OTG_FS_WKUP_IRQHandler
                0x080020c4                TIM1_TRG_COM_TIM11_IRQHandler
                0x080020c4                OTG_HS_IRQHandler
                0x080020c4                EXTI1_IRQHandler
                0x080020c4                USART2_IRQHandler
                0x080020c4                I2C2_ER_IRQHandler
                0x080020c4                DMA2_Stream1_IRQHandler
                0x080020c4                CAN1_SCE_IRQHandler
                0x080020c4                FLASH_IRQHandler
                0x080020c4                DMA2_Stream4_IRQHandler
                0x080020c4                USART1_IRQHandler
                0x080020c4                OTG_FS_IRQHandler
                0x080020c4                SPI3_IRQHandler
                0x080020c4                DMA1_Stream4_IRQHandler
                0x080020c4                I2C1_ER_IRQHandler
                0x080020c4                DMA2_Stream6_IRQHandler
                0x080020c4                DMA1_Stream3_IRQHandler
 *fill*         0x080020c6        0x2 
 .text.sbrk_aligned
                0x080020c8       0x44 D:/code_env/arm-gnu-toolchain-15.2.rel1-mingw-w64-i686-arm-none-eabi/bin/../lib/gcc/arm-none-eabi/15.2.1/../../../../arm-none-eabi/lib/thumb/v7e-m+fp/hard\libc_nano.a(libc_a-mallocr.o)
 .text._malloc_r
                0x0800210c       0xf8 D:/code_env/arm-gnu-toolchain-15.2.rel1-mingw-w64-i686-arm-none-eabi/bin/../lib/gcc/arm-none-eabi/15.2.1/../../../../arm-none-eabi/lib/thumb/v7e-m+fp/hard\libc_nano.a(libc_a-mallocr.o)
                0x0800210c                _malloc_r
 .text.__malloc_lock
                0x08002204        0xc D:/code_env/arm-gnu-toolchain-15.2.rel1-mingw-w64-i686-arm-none-eabi/bin/../lib/gcc/arm-none-eabi/15.2.1/../../../../arm-none-eabi/lib/thumb/v7e-m+fp/hard\libc_nano.a(libc_a-mlock.o)
                0x08002204                __malloc_lock
 .text.__malloc_unlock
                0x08002210        0xc D:/code_env/arm-gnu-toolchain-15.2.rel1-mingw-w64-i686-arm-none-eabi/bin/../lib/gcc/arm-none-eabi/15.2.1/../../../../arm-none-eabi/lib/thumb/v7e-m+fp/hard\libc_nano.a(libc_a-mlock.o)
                0x08002210                __malloc_unlock
 .text._vsnprintf_r
                0x0800221c       0x50 D:/code_env/arm-gnu-toolchain-15.2.rel1-mingw-w64-i686-arm-none-eabi/bin/../lib/gcc/arm-none-eabi/15.2.1/../../../../arm-none-eabi/lib/thumb/v7e-m+fp/hard\libc_nano.a(libc_a-vsnprintf.o)
                0x0800221c                _vsniprintf_r
                0x0800221c                _vsnprintf_r
 .text.vsnprintf
                0x0800226c       0x1c D:/code_env/arm-gnu-toolchain-15.2.rel1-mingw-w64-i686-arm-none-eabi/bin/../lib/gcc/arm-none-eabi/15.2.1/../../../../arm-none-eabi/lib/thumb/v7e-m+fp/hard\libc_nano.a(libc_a-vsnprintf.o)
                0x0800226c                vsniprintf
                0x0800226c                vsnprintf
 .text.memset   0x08002288       0x10 D:/code_env/arm-gnu-toolchain-15.2.rel1-mingw-w64-i686-arm-none-eabi/bin/../lib/gcc/arm-none-eabi/15.2.1/../../../../arm-none-eabi/lib/thumb/v7e-m+fp/hard\libc_nano.a(libc_a-memset.o)
                0x08002288                memset
 .text._sbrk_r  0x08002298       0x20 D:/code_env/arm-gnu-toolchain-15.2.rel1-mingw-w64-i686-arm-none-eabi/bin/../lib/gcc/arm-none-eabi/15.2.1/../../../../arm-none-eabi/lib/thumb/v7e-m+fp/hard\libc_nano.a(libc_a-sbrkr.o)
                0x08002298                _sbrk_r
 .text.__errno  0x080022b8        0xc D:/code_env/arm-gnu-toolchain-15.2.rel1-mingw-w64-i686-arm-none-eabi/bin/../lib/gcc/arm-none-eabi/15.2.1/../../../../arm-none-eabi/lib/thumb/v7e-m+fp/hard\libc_nano.a(libc_a-errno.o)
                0x080022b8                __errno
 .text.__libc_init_array
                0x080022c4       0x48 D:/code_env/arm-gnu-toolchain-15.2.rel1-mingw-w64-i686-arm-none-eabi/bin/../lib/gcc/arm-none-eabi/15.2.1/../../../../arm-none-eabi/lib/thumb/v7e-m+fp/hard\libc_nano.a(libc_a-init.o)
                0x080022c4                __libc_init_array
 .text.__retarget_lock_acquire_recursive
                0x0800230c        0x2 D:/code_env/arm-gnu-toolchain-15.2.rel1-mingw-w64-i686-arm-none-eabi/bin/../lib/gcc/arm-none-eabi/15.2.1/../../../../arm-none-eabi/lib/thumb/v7e-m+fp/hard\libc_nano.a(libc_a-lock.o)
                0x0800230c                __retarget_lock_acquire_recursive
 .text.__retarget_lock_release_recursive
                0x0800230e        0x2 D:/code_env/arm-gnu-toolchain-15.2.rel1-mingw-w64-i686-arm-none-eabi/bin/../lib/gcc/arm-none-eabi/15.2.1/../../../../arm-none-eabi/lib/thumb/v7e-m+fp/hard\libc_nano.a(libc_a-lock.o)
                0x0800230e                __retarget_lock_release_recursive
 .text.memcpy   0x08002310       0x1c D:/code_env/arm-gnu-toolchain-15.2.rel1-mingw-w64-i686-arm-none-eabi/bin/../lib/gcc/arm-none-eabi/15.2.1/../../../../arm-none-eabi/lib/thumb/v7e-m+fp/hard\libc_nano.a(libc_a-memcpy-stub.o)
                0x08002310                memcpy
 .text._free_r  0x0800232c       0x98 D:/code_env/arm-gnu-toolchain-15.2.rel1-mingw-w64-i686-arm-none-eabi/bin/../lib/gcc/arm-none-eabi/15.2.1/../../../../arm-none-eabi/lib/thumb/v7e-m+fp/hard\libc_nano.a(libc_a-freer.o)
                0x0800232c                _free_r
 .text.__ssputs_r
                0x080023c4       0xc0 D:/code_env/arm-gnu-toolchain-15.2.rel1-mingw-w64-i686-arm-none-eabi/bin/../lib/gcc/arm-none-eabi/15.2.1/../../../../arm-none-eabi/lib/thumb/v7e-m+fp/hard\libc_nano.a(libc_a-nano-svfprintf.o)
                0x080023c4                __ssputs_r
 .text._svfprintf_r
                0x08002484      0x1f0 D:/code_env/arm-gnu-toolchain-15.2.rel1-mingw-w64-i686-arm-none-eabi/bin/../lib/gcc/arm-none-eabi/15.2.1/../../../../arm-none-eabi/lib/thumb/v7e-m+fp/hard\libc_nano.a(libc_a-nano-svfprintf.o)
                0x08002484                _svfiprintf_r
                0x08002484                _svfprintf_r
 .text._printf_common
                0x08002674       0xea D:/code_env/arm-gnu-toolchain-15.2.rel1-mingw-w64-i686-arm-none-eabi/bin/../lib/gcc/arm-none-eabi/15.2.1/../../../../arm-none-eabi/lib/thumb/v7e-m+fp/hard\libc_nano.a(libc_a-nano-vfprintf_i.o)
                0x08002674                _printf_common
 *fill*         0x0800275e        0x2 
 .text._printf_i
                0x08002760      0x254 D:/code_env/arm-gnu-toolchain-15.2.rel1-mingw-w64-i686-arm-none-eabi/bin/../lib/gcc/arm-none-eabi/15.2.1/../../../../arm-none-eabi/lib/thumb/v7e-m+fp/hard\libc_nano.a(libc_a-nano-vfprintf_i.o)
                0x08002760                _printf_i
 .text.memmove  0x080029b4       0x32 D:/code_env/arm-gnu-toolchain-15.2.rel1-mingw-w64-i686-arm-none-eabi/bin/../lib/gcc/arm-none-eabi/15.2.1/../../../../arm-none-eabi/lib/thumb/v7e-m+fp/hard\libc_nano.a(libc_a-memmove.o)
                0x080029b4                memmove
 .text._realloc_r
                0x080029e6       0x5c D:/code_env/arm-gnu-toolchain-15.2.rel1-mingw-w64-i686-arm-none-eabi/bin/../lib/gcc/arm-none-eabi/15.2.1/../../../../arm-none-eabi/lib/thumb/v7e-m+fp/hard\libc_nano.a(libc_a-reallocr.o)
                0x080029e6                _realloc_r
 .text._malloc_usable_size_r
                0x08002a42       0x10 D:/code_env/arm-gnu-toolchain-15.2.rel1-mingw-w64-i686-arm-none-eabi/bin/../lib/gcc/arm-none-eabi/15.2.1/../../../../arm-none-eabi/lib/thumb/v7e-m+fp/hard\libc_nano.a(libc_a-msizer.o)
                0x08002a42                _malloc_usable_size_r
 *fill*         0x08002a52        0x2 
 .text.__udivmoddi4
                0x08002a54      0x320 D:/code_env/arm-gnu-toolchain-15.2.rel1-mingw-w64-i686-arm-none-eabi/bin/../lib/gcc/arm-none-eabi/15.2.1/thumb/v7e-m+fp/hard\libgcc.a(_udivmoddi4.o)
                0x08002a54                __udivmoddi4
 *(.glue_7)
 .glue_7        0x08002d74        0x0 linker stubs
 *(.glue_7t)
 .glue_7t       0x08002d74        0x0 linker stubs
 *(.eh_frame)
 .eh_frame      0x08002d74        0x0 D:/code_env/arm-gnu-toolchain-15.2.rel1-mingw-w64-i686-arm-none-eabi/bin/../lib/gcc/arm-none-eabi/15.2.1/thumb/v7e-m+fp/hard/crtbegin.o
 *(.init)
 .init          0x08002d74        0x4 D:/code_env/arm-gnu-toolchain-15.2.rel1-mingw-w64-i686-arm-none-eabi/bin/../lib/gcc/arm-none-eabi/15.2.1/thumb/v7e-m+fp/hard/crti.o
                0x08002d74                _init
 .init          0x08002d78        0x8 D:/code_env/arm-gnu-toolchain-15.2.rel1-mingw-w64-i686-arm-none-eabi/bin/../lib/gcc/arm-none-eabi/15.2.1/thumb/v7e-m+fp/hard/crtn.o
 *(.fini)
 .fini          0x08002d80        0x4 D:/code_env/arm-gnu-toolchain-15.2.rel1-mingw-w64-i686-arm-none-eabi/bin/../lib/gcc/arm-none-eabi/15.2.1/thumb/v7e-m+fp/hard/crti.o
                0x08002d80                _fini
 .fini          0x08002d84        0x8 D:/code_env/arm-gnu-toolchain-15.2.rel1-mingw-w64-i686-arm-none-eabi/bin/../lib/gcc/arm-none-eabi/15.2.1/thumb/v7e-m+fp/hard/crtn.o
                0x08002d8c                        . = ALIGN (0x4)
                0x08002d8c                        _etext = .

.vfp11_veneer   0x08002d8c        0x0
 .vfp11_veneer  0x08002d8c        0x0 linker stubs

.v4_bx          0x08002d8c        0x0
 .v4_bx         0x08002d8c        0x0 linker stubs

.iplt           0x08002d8c        0x0
 .iplt          0x08002d8c        0x0 D:/code_env/arm-gnu-toolchain-15.2.rel1-mingw-w64-i686-arm-none-eabi/bin/../lib/gcc/arm-none-eabi/15.2.1/thumb/v7e-m+fp/hard/crtbegin.o

.rodata         0x08002d8c      0x114
                0x08002d8c                        . = ALIGN (0x4)
 *(.rodata)
 *(.rodata*)
 .rodata.main.str1.4
                0x08002d8c       0xc5 build/main.o
                                 0x3d (size before relaxing)
 *fill*         0x08002e51        0x3 
 .rodata.APBPrescTable
                0x08002e54        0x8 build/system_stm32f4xx.o
                0x08002e54                APBPrescTable
 .rodata.AHBPrescTable
                0x08002e5c       0x10 build/system_stm32f4xx.o
                0x08002e5c                AHBPrescTable
 .rodata.bsp_can_create.str1.4
                0x08002e6c        0x0 build/bsp_can.o
                                 0x41 (size before relaxing)
 .rodata.bsp_can_send.str1.4
                0x08002e6c        0x0 build/bsp_can.o
                                 0x41 (size before relaxing)
 .rodata._svfprintf_r.str1.1
                0x08002e6c       0x33 D:/code_env/arm-gnu-toolchain-15.2.rel1-mingw-w64-i686-arm-none-eabi/bin/../lib/gcc/arm-none-eabi/15.2.1/../../../../arm-none-eabi/lib/thumb/v7e-m+fp/hard\libc_nano.a(libc_a-nano-svfprintf.o)
                                 0x11 (size before relaxing)
 .rodata._printf_i.str1.1
                0x08002e9f        0x0 D:/code_env/arm-gnu-toolchain-15.2.rel1-mingw-w64-i686-arm-none-eabi/bin/../lib/gcc/arm-none-eabi/15.2.1/../../../../arm-none-eabi/lib/thumb/v7e-m+fp/hard\libc_nano.a(libc_a-nano-vfprintf_i.o)
                                 0x22 (size before relaxing)
                0x08002ea0                        . = ALIGN (0x4)
 *fill*         0x08002e9f        0x1 

.ARM.extab      0x08002ea0        0x0
                0x08002ea0                        . = ALIGN (0x4)
 *(.ARM.extab* .gnu.linkonce.armextab.*)
                0x08002ea0                        . = ALIGN (0x4)

.ARM            0x08002ea0        0x8
                0x08002ea0                        . = ALIGN (0x4)
                0x08002ea0                        __exidx_start = .
 *(.ARM.exidx*)
 .ARM.exidx     0x08002ea0        0x8 D:/code_env/arm-gnu-toolchain-15.2.rel1-mingw-w64-i686-arm-none-eabi/bin/../lib/gcc/arm-none-eabi/15.2.1/../../../../arm-none-eabi/lib/thumb/v7e-m+fp/hard\libc_nano.a(libc_a-strlen.o)
 .ARM.exidx     0x08002ea8        0x0 D:/code_env/arm-gnu-toolchain-15.2.rel1-mingw-w64-i686-arm-none-eabi/bin/../lib/gcc/arm-none-eabi/15.2.1/../../../../arm-none-eabi/lib/thumb/v7e-m+fp/hard\libc_nano.a(libc_a-memchr.o)
                                  0x8 (size before relaxing)
 .ARM.exidx.text.__udivmoddi4
                0x08002ea8        0x0 D:/code_env/arm-gnu-toolchain-15.2.rel1-mingw-w64-i686-arm-none-eabi/bin/../lib/gcc/arm-none-eabi/15.2.1/thumb/v7e-m+fp/hard\libgcc.a(_udivmoddi4.o)
                                  0x8 (size before relaxing)
                0x08002ea8                        __exidx_end = .
                0x08002ea8                        . = ALIGN (0x4)

.preinit_array  0x08002ea8        0x0
                0x08002ea8                        . = ALIGN (0x4)
                0x08002ea8                        PROVIDE (__preinit_array_start = .)
 *(.preinit_array*)
                0x08002ea8                        PROVIDE (__preinit_array_end = .)
                0x08002ea8                        . = ALIGN (0x4)

.init_array     0x08002ea8        0x4
                0x08002ea8                        . = ALIGN (0x4)
                0x08002ea8                        PROVIDE (__init_array_start = .)
 *(SORT_BY_NAME(.init_array.*))
 *(.init_array*)
 .init_array    0x08002ea8        0x4 D:/code_env/arm-gnu-toolchain-15.2.rel1-mingw-w64-i686-arm-none-eabi/bin/../lib/gcc/arm-none-eabi/15.2.1/thumb/v7e-m+fp/hard/crtbegin.o
                0x08002eac                        PROVIDE (__init_array_end = .)
                0x08002eac                        . = ALIGN (0x4)

.fini_array     0x08002eac        0x4
                0x08002eac                        . = ALIGN (0x4)
                [!provide]                        PROVIDE (__fini_array_start = .)
 *(SORT_BY_NAME(.fini_array.*))
 *(.fini_array*)
 .fini_array    0x08002eac        0x4 D:/code_env/arm-gnu-toolchain-15.2.rel1-mingw-w64-i686-arm-none-eabi/bin/../lib/gcc/arm-none-eabi/15.2.1/thumb/v7e-m+fp/hard/crtbegin.o
                [!provide]                        PROVIDE (__fini_array_end = .)
                0x08002eb0                        . = ALIGN (0x4)
                0x08002eb0                        _sidata = LOADADDR (.data)

.rel.dyn        0x08002eb0        0x0
 .rel.iplt      0x08002eb0        0x0 D:/code_env/arm-gnu-toolchain-15.2.rel1-mingw-w64-i686-arm-none-eabi/bin/../lib/gcc/arm-none-eabi/15.2.1/thumb/v7e-m+fp/hard/crtbegin.o

.data           0x20000000       0x5c load address 0x08002eb0
                0x20000000                        . = ALIGN (0x4)
                0x20000000                        _sdata = .
 *(.data)
 *(.data*)
 .data.uwTickFreq
                0x20000000        0x1 build/stm32f4xx_hal.o
                0x20000000                uwTickFreq
 *fill*         0x20000001        0x3 
 .data.uwTickPrio
                0x20000004        0x4 build/stm32f4xx_hal.o
                0x20000004                uwTickPrio
 .data.SystemCoreClock
                0x20000008        0x4 build/system_stm32f4xx.o
                0x20000008                SystemCoreClock
 .data._impure_ptr
                0x2000000c        0x4 D:/code_env/arm-gnu-toolchain-15.2.rel1-mingw-w64-i686-arm-none-eabi/bin/../lib/gcc/arm-none-eabi/15.2.1/../../../../arm-none-eabi/lib/thumb/v7e-m+fp/hard\libc_nano.a(libc_a-impure.o)
                0x2000000c                _impure_ptr
 .data._impure_data
                0x20000010       0x4c D:/code_env/arm-gnu-toolchain-15.2.rel1-mingw-w64-i686-arm-none-eabi/bin/../lib/gcc/arm-none-eabi/15.2.1/../../../../arm-none-eabi/lib/thumb/v7e-m+fp/hard\libc_nano.a(libc_a-impure.o)
                0x20000010                _impure_data
 *(.RamFunc)
 *(.RamFunc*)
                0x2000005c                        . = ALIGN (0x4)
                0x2000005c                        _edata = .
                0x08002f0c                        _siccmram = LOADADDR (.ccmram)

.tm_clone_table
                0x2000005c        0x0 load address 0x08002f0c
 .tm_clone_table
                0x2000005c        0x0 D:/code_env/arm-gnu-toolchain-15.2.rel1-mingw-w64-i686-arm-none-eabi/bin/../lib/gcc/arm-none-eabi/15.2.1/thumb/v7e-m+fp/hard/crtbegin.o
 .tm_clone_table
                0x2000005c        0x0 D:/code_env/arm-gnu-toolchain-15.2.rel1-mingw-w64-i686-arm-none-eabi/bin/../lib/gcc/arm-none-eabi/15.2.1/thumb/v7e-m+fp/hard/crtend.o

.igot.plt       0x2000005c        0x0 load address 0x08002f0c
 .igot.plt      0x2000005c        0x0 D:/code_env/arm-gnu-toolchain-15.2.rel1-mingw-w64-i686-arm-none-eabi/bin/../lib/gcc/arm-none-eabi/15.2.1/thumb/v7e-m+fp/hard/crtbegin.o

.ccmram         0x10000000        0x0 load address 0x08002f0c
                0x10000000                        . = ALIGN (0x4)
                0x10000000                        _sccmram = .
 *(.ccmram)
 *(.ccmram*)
                0x10000000                        . = ALIGN (0x4)
                0x10000000                        _eccmram = .
                0x10000000                        . = ALIGN (0x4)

.bss            0x2000005c      0x460
                0x2000005c                        _sbss = .
                0x2000005c                        __bss_start__ = _sbss
 *(.bss)
 *(.bss*)
 .bss.completed.1
                0x2000005c        0x1 D:/code_env/arm-gnu-toolchain-15.2.rel1-mingw-w64-i686-arm-none-eabi/bin/../lib/gcc/arm-none-eabi/15.2.1/thumb/v7e-m+fp/hard/crtbegin.o
 *fill*         0x2000005d        0x3 
 .bss.object.0  0x20000060       0x18 D:/code_env/arm-gnu-toolchain-15.2.rel1-mingw-w64-i686-arm-none-eabi/bin/../lib/gcc/arm-none-eabi/15.2.1/thumb/v7e-m+fp/hard/crtbegin.o
 .bss.hcan1     0x20000078       0x28 build/can.o
                0x20000078                hcan1
 .bss.uwTick    0x200000a0        0x4 build/stm32f4xx_hal.o
                0x200000a0                uwTick
 .bss.__sbrk_heap_end
                0x200000a4        0x4 build/sysmem.o
 .bss.htim2     0x200000a8       0x48 build/tim.o
                0x200000a8                htim2
 .bss.huart2    0x200000f0       0x48 build/usart.o
                0x200000f0                huart2
 .bss._log_buf  0x20000138      0x100 build/app_log.o
 .bss.rx_data   0x20000238      0x100 build/bsp_can.o
                0x20000238                rx_data
 .bss.flag_recv_data
                0x20000338        0x1 build/bsp_can.o
                0x20000338                flag_recv_data
 *fill*         0x20000339        0x3 
 .bss.tx_mailbox
                0x2000033c        0x4 build/bsp_can.o
 .bss.rx_header
                0x20000340       0x1c build/bsp_can.o
 .bss.tx_header
                0x2000035c       0x18 build/bsp_can.o
 .bss.__malloc_sbrk_start
                0x20000374        0x4 D:/code_env/arm-gnu-toolchain-15.2.rel1-mingw-w64-i686-arm-none-eabi/bin/../lib/gcc/arm-none-eabi/15.2.1/../../../../arm-none-eabi/lib/thumb/v7e-m+fp/hard\libc_nano.a(libc_a-mallocr.o)
                0x20000374                __malloc_sbrk_start
 .bss.__malloc_free_list
                0x20000378        0x4 D:/code_env/arm-gnu-toolchain-15.2.rel1-mingw-w64-i686-arm-none-eabi/bin/../lib/gcc/arm-none-eabi/15.2.1/../../../../arm-none-eabi/lib/thumb/v7e-m+fp/hard\libc_nano.a(libc_a-mallocr.o)
                0x20000378                __malloc_free_list
 .bss.__sf      0x2000037c      0x138 D:/code_env/arm-gnu-toolchain-15.2.rel1-mingw-w64-i686-arm-none-eabi/bin/../lib/gcc/arm-none-eabi/15.2.1/../../../../arm-none-eabi/lib/thumb/v7e-m+fp/hard\libc_nano.a(libc_a-findfp.o)
                0x2000037c                __sf
 .bss.errno     0x200004b4        0x4 D:/code_env/arm-gnu-toolchain-15.2.rel1-mingw-w64-i686-arm-none-eabi/bin/../lib/gcc/arm-none-eabi/15.2.1/../../../../arm-none-eabi/lib/thumb/v7e-m+fp/hard\libc_nano.a(libc_a-reent.o)
                0x200004b4                errno
 .bss.__lock___malloc_recursive_mutex
                0x200004b8        0x1 D:/code_env/arm-gnu-toolchain-15.2.rel1-mingw-w64-i686-arm-none-eabi/bin/../lib/gcc/arm-none-eabi/15.2.1/../../../../arm-none-eabi/lib/thumb/v7e-m+fp/hard\libc_nano.a(libc_a-lock.o)
                0x200004b8                __lock___malloc_recursive_mutex
 *(COMMON)
                0x200004bc                        . = ALIGN (0x4)
 *fill*         0x200004b9        0x3 
                0x200004bc                        _ebss = .
                0x200004bc                        __bss_end__ = _ebss

._user_heap_stack
                0x200004bc      0x604
                0x200004c0                        . = ALIGN (0x8)
 *fill*         0x200004bc        0x4 
                [!provide]                        PROVIDE (end = .)
                0x200004c0                        PROVIDE (_end = .)
                0x200006c0                        . = (. + _Min_Heap_Size)
 *fill*         0x200004c0      0x200 
                0x20000ac0                        . = (. + _Min_Stack_Size)
 *fill*         0x200006c0      0x400 
                0x20000ac0                        . = ALIGN (0x8)

/DISCARD/
 libc.a(*)
 libm.a(*)
 libgcc.a(*)
OUTPUT(build/DCU.elf elf32-littlearm)
LOAD linker stubs
LOAD D:/code_env/arm-gnu-toolchain-15.2.rel1-mingw-w64-i686-arm-none-eabi/bin/../lib/gcc/arm-none-eabi/15.2.1/../../../../arm-none-eabi/lib/thumb/v7e-m+fp/hard\libc.a
LOAD D:/code_env/arm-gnu-toolchain-15.2.rel1-mingw-w64-i686-arm-none-eabi/bin/../lib/gcc/arm-none-eabi/15.2.1/../../../../arm-none-eabi/lib/thumb/v7e-m+fp/hard\libm.a
LOAD D:/code_env/arm-gnu-toolchain-15.2.rel1-mingw-w64-i686-arm-none-eabi/bin/../lib/gcc/arm-none-eabi/15.2.1/thumb/v7e-m+fp/hard\libgcc.a

.ARM.attributes
                0x00000000       0x30
 .ARM.attributes
                0x00000000       0x22 D:/code_env/arm-gnu-toolchain-15.2.rel1-mingw-w64-i686-arm-none-eabi/bin/../lib/gcc/arm-none-eabi/15.2.1/thumb/v7e-m+fp/hard/crti.o
 .ARM.attributes
                0x00000022       0x34 D:/code_env/arm-gnu-toolchain-15.2.rel1-mingw-w64-i686-arm-none-eabi/bin/../lib/gcc/arm-none-eabi/15.2.1/thumb/v7e-m+fp/hard/crtbegin.o
 .ARM.attributes
                0x00000056       0x34 build/main.o
 .ARM.attributes
                0x0000008a       0x34 build/gpio.o
 .ARM.attributes
                0x000000be       0x34 build/can.o
 .ARM.attributes
                0x000000f2       0x34 build/stm32f4xx_it.o
 .ARM.attributes
                0x00000126       0x34 build/stm32f4xx_hal_msp.o
 .ARM.attributes
                0x0000015a       0x34 build/stm32f4xx_hal_can.o
 .ARM.attributes
                0x0000018e       0x34 build/stm32f4xx_hal_rcc.o
 .ARM.attributes
                0x000001c2       0x34 build/stm32f4xx_hal_gpio.o
 .ARM.attributes
                0x000001f6       0x34 build/stm32f4xx_hal_cortex.o
 .ARM.attributes
                0x0000022a       0x34 build/stm32f4xx_hal.o
 .ARM.attributes
                0x0000025e       0x34 build/system_stm32f4xx.o
 .ARM.attributes
                0x00000292       0x34 build/sysmem.o
 .ARM.attributes
                0x000002c6       0x34 build/tim.o
 .ARM.attributes
                0x000002fa       0x34 build/stm32f4xx_hal_tim.o
 .ARM.attributes
                0x0000032e       0x34 build/stm32f4xx_hal_tim_ex.o
 .ARM.attributes
                0x00000362       0x34 build/usart.o
 .ARM.attributes
                0x00000396       0x34 build/stm32f4xx_hal_uart.o
 .ARM.attributes
                0x000003ca       0x34 build/app_log.o
 .ARM.attributes
                0x000003fe       0x34 build/bsp_can.o
 .ARM.attributes
                0x00000432       0x21 build/startup_stm32f407xx.o
 .ARM.attributes
                0x00000453       0x34 D:/code_env/arm-gnu-toolchain-15.2.rel1-mingw-w64-i686-arm-none-eabi/bin/../lib/gcc/arm-none-eabi/15.2.1/../../../../arm-none-eabi/lib/thumb/v7e-m+fp/hard\libc_nano.a(libc_a-mallocr.o)
 .ARM.attributes
                0x00000487       0x34 D:/code_env/arm-gnu-toolchain-15.2.rel1-mingw-w64-i686-arm-none-eabi/bin/../lib/gcc/arm-none-eabi/15.2.1/../../../../arm-none-eabi/lib/thumb/v7e-m+fp/hard\libc_nano.a(libc_a-mlock.o)
 .ARM.attributes
                0x000004bb       0x34 D:/code_env/arm-gnu-toolchain-15.2.rel1-mingw-w64-i686-arm-none-eabi/bin/../lib/gcc/arm-none-eabi/15.2.1/../../../../arm-none-eabi/lib/thumb/v7e-m+fp/hard\libc_nano.a(libc_a-findfp.o)
 .ARM.attributes
                0x000004ef       0x34 D:/code_env/arm-gnu-toolchain-15.2.rel1-mingw-w64-i686-arm-none-eabi/bin/../lib/gcc/arm-none-eabi/15.2.1/../../../../arm-none-eabi/lib/thumb/v7e-m+fp/hard\libc_nano.a(libc_a-vsnprintf.o)
 .ARM.attributes
                0x00000523       0x34 D:/code_env/arm-gnu-toolchain-15.2.rel1-mingw-w64-i686-arm-none-eabi/bin/../lib/gcc/arm-none-eabi/15.2.1/../../../../arm-none-eabi/lib/thumb/v7e-m+fp/hard\libc_nano.a(libc_a-memset.o)
 .ARM.attributes
                0x00000557       0x34 D:/code_env/arm-gnu-toolchain-15.2.rel1-mingw-w64-i686-arm-none-eabi/bin/../lib/gcc/arm-none-eabi/15.2.1/../../../../arm-none-eabi/lib/thumb/v7e-m+fp/hard\libc_nano.a(libc_a-reent.o)
 .ARM.attributes
                0x0000058b       0x34 D:/code_env/arm-gnu-toolchain-15.2.rel1-mingw-w64-i686-arm-none-eabi/bin/../lib/gcc/arm-none-eabi/15.2.1/../../../../arm-none-eabi/lib/thumb/v7e-m+fp/hard\libc_nano.a(libc_a-impure.o)
 .ARM.attributes
                0x000005bf       0x34 D:/code_env/arm-gnu-toolchain-15.2.rel1-mingw-w64-i686-arm-none-eabi/bin/../lib/gcc/arm-none-eabi/15.2.1/../../../../arm-none-eabi/lib/thumb/v7e-m+fp/hard\libc_nano.a(libc_a-sbrkr.o)
 .ARM.attributes
                0x000005f3       0x34 D:/code_env/arm-gnu-toolchain-15.2.rel1-mingw-w64-i686-arm-none-eabi/bin/../lib/gcc/arm-none-eabi/15.2.1/../../../../arm-none-eabi/lib/thumb/v7e-m+fp/hard\libc_nano.a(libc_a-errno.o)
 .ARM.attributes
                0x00000627       0x34 D:/code_env/arm-gnu-toolchain-15.2.rel1-mingw-w64-i686-arm-none-eabi/bin/../lib/gcc/arm-none-eabi/15.2.1/../../../../arm-none-eabi/lib/thumb/v7e-m+fp/hard\libc_nano.a(libc_a-init.o)
 .ARM.attributes
                0x0000065b       0x34 D:/code_env/arm-gnu-toolchain-15.2.rel1-mingw-w64-i686-arm-none-eabi/bin/../lib/gcc/arm-none-eabi/15.2.1/../../../../arm-none-eabi/lib/thumb/v7e-m+fp/hard\libc_nano.a(libc_a-lock.o)
 .ARM.attributes
                0x0000068f       0x34 D:/code_env/arm-gnu-toolchain-15.2.rel1-mingw-w64-i686-arm-none-eabi/bin/../lib/gcc/arm-none-eabi/15.2.1/../../../../arm-none-eabi/lib/thumb/v7e-m+fp/hard\libc_nano.a(libc_a-memcpy-stub.o)
 .ARM.attributes
                0x000006c3       0x17 D:/code_env/arm-gnu-toolchain-15.2.rel1-mingw-w64-i686-arm-none-eabi/bin/../lib/gcc/arm-none-eabi/15.2.1/../../../../arm-none-eabi/lib/thumb/v7e-m+fp/hard\libc_nano.a(libc_a-strlen.o)
 .ARM.attributes
                0x000006da       0x34 D:/code_env/arm-gnu-toolchain-15.2.rel1-mingw-w64-i686-arm-none-eabi/bin/../lib/gcc/arm-none-eabi/15.2.1/../../../../arm-none-eabi/lib/thumb/v7e-m+fp/hard\libc_nano.a(libc_a-freer.o)
 .ARM.attributes
                0x0000070e       0x34 D:/code_env/arm-gnu-toolchain-15.2.rel1-mingw-w64-i686-arm-none-eabi/bin/../lib/gcc/arm-none-eabi/15.2.1/../../../../arm-none-eabi/lib/thumb/v7e-m+fp/hard\libc_nano.a(libc_a-nano-svfprintf.o)
 .ARM.attributes
                0x00000742       0x34 D:/code_env/arm-gnu-toolchain-15.2.rel1-mingw-w64-i686-arm-none-eabi/bin/../lib/gcc/arm-none-eabi/15.2.1/../../../../arm-none-eabi/lib/thumb/v7e-m+fp/hard\libc_nano.a(libc_a-nano-vfprintf_i.o)
 .ARM.attributes
                0x00000776       0x34 D:/code_env/arm-gnu-toolchain-15.2.rel1-mingw-w64-i686-arm-none-eabi/bin/../lib/gcc/arm-none-eabi/15.2.1/../../../../arm-none-eabi/lib/thumb/v7e-m+fp/hard\libc_nano.a(libc_a-memmove.o)
 .ARM.attributes
                0x000007aa       0x1c D:/code_env/arm-gnu-toolchain-15.2.rel1-mingw-w64-i686-arm-none-eabi/bin/../lib/gcc/arm-none-eabi/15.2.1/../../../../arm-none-eabi/lib/thumb/v7e-m+fp/hard\libc_nano.a(libc_a-memchr.o)
 .ARM.attributes
                0x000007c6       0x34 D:/code_env/arm-gnu-toolchain-15.2.rel1-mingw-w64-i686-arm-none-eabi/bin/../lib/gcc/arm-none-eabi/15.2.1/../../../../arm-none-eabi/lib/thumb/v7e-m+fp/hard\libc_nano.a(libc_a-reallocr.o)
 .ARM.attributes
                0x000007fa       0x34 D:/code_env/arm-gnu-toolchain-15.2.rel1-mingw-w64-i686-arm-none-eabi/bin/../lib/gcc/arm-none-eabi/15.2.1/../../../../arm-none-eabi/lib/thumb/v7e-m+fp/hard\libc_nano.a(libc_a-msizer.o)
 .ARM.attributes
                0x0000082e       0x22 D:/code_env/arm-gnu-toolchain-15.2.rel1-mingw-w64-i686-arm-none-eabi/bin/../lib/gcc/arm-none-eabi/15.2.1/thumb/v7e-m+fp/hard\libgcc.a(_aeabi_uldivmod.o)
 .ARM.attributes
                0x00000850       0x34 D:/code_env/arm-gnu-toolchain-15.2.rel1-mingw-w64-i686-arm-none-eabi/bin/../lib/gcc/arm-none-eabi/15.2.1/thumb/v7e-m+fp/hard\libgcc.a(_udivmoddi4.o)
 .ARM.attributes
                0x00000884       0x22 D:/code_env/arm-gnu-toolchain-15.2.rel1-mingw-w64-i686-arm-none-eabi/bin/../lib/gcc/arm-none-eabi/15.2.1/thumb/v7e-m+fp/hard\libgcc.a(_dvmd_tls.o)
 .ARM.attributes
                0x000008a6       0x34 D:/code_env/arm-gnu-toolchain-15.2.rel1-mingw-w64-i686-arm-none-eabi/bin/../lib/gcc/arm-none-eabi/15.2.1/thumb/v7e-m+fp/hard/crtend.o
 .ARM.attributes
                0x000008da       0x22 D:/code_env/arm-gnu-toolchain-15.2.rel1-mingw-w64-i686-arm-none-eabi/bin/../lib/gcc/arm-none-eabi/15.2.1/thumb/v7e-m+fp/hard/crtn.o

.comment        0x00000000       0x45
 .comment       0x00000000       0x45 build/main.o
                                 0x46 (size before relaxing)
 .comment       0x00000045        0x0 build/gpio.o
                                 0x46 (size before relaxing)
 .comment       0x00000045        0x0 build/can.o
                                 0x46 (size before relaxing)
 .comment       0x00000045        0x0 build/stm32f4xx_it.o
                                 0x46 (size before relaxing)
 .comment       0x00000045        0x0 build/stm32f4xx_hal_msp.o
                                 0x46 (size before relaxing)
 .comment       0x00000045        0x0 build/stm32f4xx_hal_can.o
                                 0x46 (size before relaxing)
 .comment       0x00000045        0x0 build/stm32f4xx_hal_rcc.o
                                 0x46 (size before relaxing)
 .comment       0x00000045        0x0 build/stm32f4xx_hal_gpio.o
                                 0x46 (size before relaxing)
 .comment       0x00000045        0x0 build/stm32f4xx_hal_cortex.o
                                 0x46 (size before relaxing)
 .comment       0x00000045        0x0 build/stm32f4xx_hal.o
                                 0x46 (size before relaxing)
 .comment       0x00000045        0x0 build/system_stm32f4xx.o
                                 0x46 (size before relaxing)
 .comment       0x00000045        0x0 build/sysmem.o
                                 0x46 (size before relaxing)
 .comment       0x00000045        0x0 build/tim.o
                                 0x46 (size before relaxing)
 .comment       0x00000045        0x0 build/stm32f4xx_hal_tim.o
                                 0x46 (size before relaxing)
 .comment       0x00000045        0x0 build/stm32f4xx_hal_tim_ex.o
                                 0x46 (size before relaxing)
 .comment       0x00000045        0x0 build/usart.o
                                 0x46 (size before relaxing)
 .comment       0x00000045        0x0 build/stm32f4xx_hal_uart.o
                                 0x46 (size before relaxing)
 .comment       0x00000045        0x0 build/app_log.o
                                 0x46 (size before relaxing)
 .comment       0x00000045        0x0 build/bsp_can.o
                                 0x46 (size before relaxing)

.debug_info     0x00000000    0x13a3a
 .debug_info    0x00000000      0x7ef build/main.o
 .debug_info    0x000007ef      0x4f2 build/gpio.o
 .debug_info    0x00000ce1      0xcce build/can.o
 .debug_info    0x000019af      0x5f9 build/stm32f4xx_it.o
 .debug_info    0x00001fa8      0x2eb build/stm32f4xx_hal_msp.o
 .debug_info    0x00002293     0x13cc build/stm32f4xx_hal_can.o
 .debug_info    0x0000365f      0xc20 build/stm32f4xx_hal_rcc.o
 .debug_info    0x0000427f      0x84e build/stm32f4xx_hal_gpio.o
 .debug_info    0x00004acd     0x11e0 build/stm32f4xx_hal_cortex.o
 .debug_info    0x00005cad      0xaf5 build/stm32f4xx_hal.o
 .debug_info    0x000067a2      0x5b3 build/system_stm32f4xx.o
 .debug_info    0x00006d55      0x18c build/sysmem.o
 .debug_info    0x00006ee1      0xd86 build/tim.o
 .debug_info    0x00007c67     0x4233 build/stm32f4xx_hal_tim.o
 .debug_info    0x0000be9a     0x1dbe build/stm32f4xx_hal_tim_ex.o
 .debug_info    0x0000dc58      0xb12 build/usart.o
 .debug_info    0x0000e76a     0x3ff7 build/stm32f4xx_hal_uart.o
 .debug_info    0x00012761      0x852 build/app_log.o
 .debug_info    0x00012fb3      0xa57 build/bsp_can.o
 .debug_info    0x00013a0a       0x30 build/startup_stm32f407xx.o

.debug_abbrev   0x00000000     0x298b
 .debug_abbrev  0x00000000      0x248 build/main.o
 .debug_abbrev  0x00000248      0x160 build/gpio.o
 .debug_abbrev  0x000003a8      0x214 build/can.o
 .debug_abbrev  0x000005bc      0x16d build/stm32f4xx_it.o
 .debug_abbrev  0x00000729       0xd3 build/stm32f4xx_hal_msp.o
 .debug_abbrev  0x000007fc      0x29f build/stm32f4xx_hal_can.o
 .debug_abbrev  0x00000a9b      0x2de build/stm32f4xx_hal_rcc.o
 .debug_abbrev  0x00000d79      0x23f build/stm32f4xx_hal_gpio.o
 .debug_abbrev  0x00000fb8      0x3ca build/stm32f4xx_hal_cortex.o
 .debug_abbrev  0x00001382      0x244 build/stm32f4xx_hal.o
 .debug_abbrev  0x000015c6      0x11b build/system_stm32f4xx.o
 .debug_abbrev  0x000016e1       0xeb build/sysmem.o
 .debug_abbrev  0x000017cc      0x21a build/tim.o
 .debug_abbrev  0x000019e6      0x2bd build/stm32f4xx_hal_tim.o
 .debug_abbrev  0x00001ca3      0x2b7 build/stm32f4xx_hal_tim_ex.o
 .debug_abbrev  0x00001f5a      0x20f build/usart.o
 .debug_abbrev  0x00002169      0x36a build/stm32f4xx_hal_uart.o
 .debug_abbrev  0x000024d3      0x21f build/app_log.o
 .debug_abbrev  0x000026f2      0x27c build/bsp_can.o
 .debug_abbrev  0x0000296e       0x1d build/startup_stm32f407xx.o

.debug_loc      0x00000000     0xfd44
 .debug_loc     0x00000000       0xa4 build/main.o
 .debug_loc     0x000000a4       0x38 build/gpio.o
 .debug_loc     0x000000dc      0x120 build/can.o
 .debug_loc     0x000001fc       0x40 build/stm32f4xx_it.o
 .debug_loc     0x0000023c       0x2c build/stm32f4xx_hal_msp.o
 .debug_loc     0x00000268     0x1094 build/stm32f4xx_hal_can.o
 .debug_loc     0x000012fc      0x6de build/stm32f4xx_hal_rcc.o
 .debug_loc     0x000019da      0x5d5 build/stm32f4xx_hal_gpio.o
 .debug_loc     0x00001faf      0x896 build/stm32f4xx_hal_cortex.o
 .debug_loc     0x00002845      0x1f9 build/stm32f4xx_hal.o
 .debug_loc     0x00002a3e       0xb0 build/system_stm32f4xx.o
 .debug_loc     0x00002aee       0x90 build/sysmem.o
 .debug_loc     0x00002b7e      0x144 build/tim.o
 .debug_loc     0x00002cc2     0x61b6 build/stm32f4xx_hal_tim.o
 .debug_loc     0x00008e78     0x2374 build/stm32f4xx_hal_tim_ex.o
 .debug_loc     0x0000b1ec      0x120 build/usart.o
 .debug_loc     0x0000b30c     0x4715 build/stm32f4xx_hal_uart.o
 .debug_loc     0x0000fa21      0x10a build/app_log.o
 .debug_loc     0x0000fb2b      0x219 build/bsp_can.o

.debug_aranges  0x00000000      0xd78
 .debug_aranges
                0x00000000       0x30 build/main.o
 .debug_aranges
                0x00000030       0x20 build/gpio.o
 .debug_aranges
                0x00000050       0x30 build/can.o
 .debug_aranges
                0x00000080       0x68 build/stm32f4xx_it.o
 .debug_aranges
                0x000000e8       0x20 build/stm32f4xx_hal_msp.o
 .debug_aranges
                0x00000108      0x138 build/stm32f4xx_hal_can.o
 .debug_aranges
                0x00000240       0x88 build/stm32f4xx_hal_rcc.o
 .debug_aranges
                0x000002c8       0x58 build/stm32f4xx_hal_gpio.o
 .debug_aranges
                0x00000320       0xf8 build/stm32f4xx_hal_cortex.o
 .debug_aranges
                0x00000418       0xf0 build/stm32f4xx_hal.o
 .debug_aranges
                0x00000508       0x28 build/system_stm32f4xx.o
 .debug_aranges
                0x00000530       0x20 build/sysmem.o
 .debug_aranges
                0x00000550       0x30 build/tim.o
 .debug_aranges
                0x00000580      0x3d0 build/stm32f4xx_hal_tim.o
 .debug_aranges
                0x00000950      0x168 build/stm32f4xx_hal_tim_ex.o
 .debug_aranges
                0x00000ab8       0x30 build/usart.o
 .debug_aranges
                0x00000ae8      0x208 build/stm32f4xx_hal_uart.o
 .debug_aranges
                0x00000cf0       0x28 build/app_log.o
 .debug_aranges
                0x00000d18       0x38 build/bsp_can.o
 .debug_aranges
                0x00000d50       0x28 build/startup_stm32f407xx.o

.debug_ranges   0x00000000      0xc88
 .debug_ranges  0x00000000       0x38 build/main.o
 .debug_ranges  0x00000038       0x10 build/gpio.o
 .debug_ranges  0x00000048       0x20 build/can.o
 .debug_ranges  0x00000068       0x58 build/stm32f4xx_it.o
 .debug_ranges  0x000000c0       0x10 build/stm32f4xx_hal_msp.o
 .debug_ranges  0x000000d0      0x140 build/stm32f4xx_hal_can.o
 .debug_ranges  0x00000210       0x90 build/stm32f4xx_hal_rcc.o
 .debug_ranges  0x000002a0       0x48 build/stm32f4xx_hal_gpio.o
 .debug_ranges  0x000002e8       0xe8 build/stm32f4xx_hal_cortex.o
 .debug_ranges  0x000003d0       0xe0 build/stm32f4xx_hal.o
 .debug_ranges  0x000004b0       0x18 build/system_stm32f4xx.o
 .debug_ranges  0x000004c8       0x10 build/sysmem.o
 .debug_ranges  0x000004d8       0x20 build/tim.o
 .debug_ranges  0x000004f8      0x3c0 build/stm32f4xx_hal_tim.o
 .debug_ranges  0x000008b8      0x158 build/stm32f4xx_hal_tim_ex.o
 .debug_ranges  0x00000a10       0x20 build/usart.o
 .debug_ranges  0x00000a30      0x1f8 build/stm32f4xx_hal_uart.o
 .debug_ranges  0x00000c28       0x18 build/app_log.o
 .debug_ranges  0x00000c40       0x28 build/bsp_can.o
 .debug_ranges  0x00000c68       0x20 build/startup_stm32f407xx.o

.debug_line     0x00000000     0xe74d
 .debug_line    0x00000000      0x3b9 build/main.o
 .debug_line    0x000003b9      0x1da build/gpio.o
 .debug_line    0x00000593      0x351 build/can.o
 .debug_line    0x000008e4      0x29a build/stm32f4xx_it.o
 .debug_line    0x00000b7e      0x17e build/stm32f4xx_hal_msp.o
 .debug_line    0x00000cfc     0x1152 build/stm32f4xx_hal_can.o
 .debug_line    0x00001e4e      0xbe8 build/stm32f4xx_hal_rcc.o
 .debug_line    0x00002a36      0x711 build/stm32f4xx_hal_gpio.o
 .debug_line    0x00003147      0x861 build/stm32f4xx_hal_cortex.o
 .debug_line    0x000039a8      0x591 build/stm32f4xx_hal.o
 .debug_line    0x00003f39      0x275 build/system_stm32f4xx.o
 .debug_line    0x000041ae      0x1fc build/sysmem.o
 .debug_line    0x000043aa      0x346 build/tim.o
 .debug_line    0x000046f0     0x476c build/stm32f4xx_hal_tim.o
 .debug_line    0x00008e5c     0x1a68 build/stm32f4xx_hal_tim_ex.o
 .debug_line    0x0000a8c4      0x2ed build/usart.o
 .debug_line    0x0000abb1     0x3426 build/stm32f4xx_hal_uart.o
 .debug_line    0x0000dfd7      0x315 build/app_log.o
 .debug_line    0x0000e2ec      0x3ee build/bsp_can.o
 .debug_line    0x0000e6da       0x73 build/startup_stm32f407xx.o

.debug_str      0x00000000     0x4219
 .debug_str     0x00000000     0x4219 build/main.o
                                0x4ed (size before relaxing)
 .debug_str     0x00004219        0x0 build/gpio.o
                                0x339 (size before relaxing)
 .debug_str     0x00004219        0x0 build/can.o
                                0xb1c (size before relaxing)
 .debug_str     0x00004219        0x0 build/stm32f4xx_it.o
                                0x4b5 (size before relaxing)
 .debug_str     0x00004219        0x0 build/stm32f4xx_hal_msp.o
                                0x27a (size before relaxing)
 .debug_str     0x00004219        0x0 build/stm32f4xx_hal_can.o
                                0x9f4 (size before relaxing)
 .debug_str     0x00004219        0x0 build/stm32f4xx_hal_rcc.o
                                0x6c5 (size before relaxing)
 .debug_str     0x00004219        0x0 build/stm32f4xx_hal_gpio.o
                                0x49f (size before relaxing)
 .debug_str     0x00004219        0x0 build/stm32f4xx_hal_cortex.o
                                0xc34 (size before relaxing)
 .debug_str     0x00004219        0x0 build/stm32f4xx_hal.o
                                0xb23 (size before relaxing)
 .debug_str     0x00004219        0x0 build/system_stm32f4xx.o
                                0x334 (size before relaxing)
 .debug_str     0x00004219        0x0 build/sysmem.o
                                0x1e4 (size before relaxing)
 .debug_str     0x00004219        0x0 build/tim.o
                                0x9f3 (size before relaxing)
 .debug_str     0x00004219        0x0 build/stm32f4xx_hal_tim.o
                               0x16be (size before relaxing)
 .debug_str     0x00004219        0x0 build/stm32f4xx_hal_tim_ex.o
                                0xeca (size before relaxing)
 .debug_str     0x00004219        0x0 build/usart.o
                                0x7f5 (size before relaxing)
 .debug_str     0x00004219        0x0 build/stm32f4xx_hal_uart.o
                                0xd5a (size before relaxing)
 .debug_str     0x00004219        0x0 build/app_log.o
                                0x6a3 (size before relaxing)
 .debug_str     0x00004219        0x0 build/bsp_can.o
                                0x672 (size before relaxing)
 .debug_str     0x00004219        0x0 build/startup_stm32f407xx.o
                                 0x41 (size before relaxing)

.debug_frame    0x00000000     0x2788
 .debug_frame   0x00000000       0x60 build/main.o
 .debug_frame   0x00000060       0x34 build/gpio.o
 .debug_frame   0x00000094       0x68 build/can.o
 .debug_frame   0x000000fc       0xc0 build/stm32f4xx_it.o
 .debug_frame   0x000001bc       0x28 build/stm32f4xx_hal_msp.o
 .debug_frame   0x000001e4      0x2c8 build/stm32f4xx_hal_can.o
 .debug_frame   0x000004ac      0x16c build/stm32f4xx_hal_rcc.o
 .debug_frame   0x00000618       0xd0 build/stm32f4xx_hal_gpio.o
 .debug_frame   0x000006e8      0x214 build/stm32f4xx_hal_cortex.o
 .debug_frame   0x000008fc      0x1ec build/stm32f4xx_hal.o
 .debug_frame   0x00000ae8       0x30 build/system_stm32f4xx.o
 .debug_frame   0x00000b18       0x28 build/sysmem.o
 .debug_frame   0x00000b40       0x68 build/tim.o
 .debug_frame   0x00000ba8      0xab0 build/stm32f4xx_hal_tim.o
 .debug_frame   0x00001658      0x3e8 build/stm32f4xx_hal_tim_ex.o
 .debug_frame   0x00001a40       0x60 build/usart.o
 .debug_frame   0x00001aa0      0x5dc build/stm32f4xx_hal_uart.o
 .debug_frame   0x0000207c       0x5c build/app_log.o
 .debug_frame   0x000020d8       0x70 build/bsp_can.o
 .debug_frame   0x00002148       0x50 D:/code_env/arm-gnu-toolchain-15.2.rel1-mingw-w64-i686-arm-none-eabi/bin/../lib/gcc/arm-none-eabi/15.2.1/../../../../arm-none-eabi/lib/thumb/v7e-m+fp/hard\libc_nano.a(libc_a-mallocr.o)
 .debug_frame   0x00002198       0x30 D:/code_env/arm-gnu-toolchain-15.2.rel1-mingw-w64-i686-arm-none-eabi/bin/../lib/gcc/arm-none-eabi/15.2.1/../../../../arm-none-eabi/lib/thumb/v7e-m+fp/hard\libc_nano.a(libc_a-mlock.o)
 .debug_frame   0x000021c8      0x144 D:/code_env/arm-gnu-toolchain-15.2.rel1-mingw-w64-i686-arm-none-eabi/bin/../lib/gcc/arm-none-eabi/15.2.1/../../../../arm-none-eabi/lib/thumb/v7e-m+fp/hard\libc_nano.a(libc_a-findfp.o)
 .debug_frame   0x0000230c       0x4c D:/code_env/arm-gnu-toolchain-15.2.rel1-mingw-w64-i686-arm-none-eabi/bin/../lib/gcc/arm-none-eabi/15.2.1/../../../../arm-none-eabi/lib/thumb/v7e-m+fp/hard\libc_nano.a(libc_a-vsnprintf.o)
 .debug_frame   0x00002358       0x20 D:/code_env/arm-gnu-toolchain-15.2.rel1-mingw-w64-i686-arm-none-eabi/bin/../lib/gcc/arm-none-eabi/15.2.1/../../../../arm-none-eabi/lib/thumb/v7e-m+fp/hard\libc_nano.a(libc_a-memset.o)
 .debug_frame   0x00002378       0x38 D:/code_env/arm-gnu-toolchain-15.2.rel1-mingw-w64-i686-arm-none-eabi/bin/../lib/gcc/arm-none-eabi/15.2.1/../../../../arm-none-eabi/lib/thumb/v7e-m+fp/hard\libc_nano.a(libc_a-reent.o)
 .debug_frame   0x000023b0       0x2c D:/code_env/arm-gnu-toolchain-15.2.rel1-mingw-w64-i686-arm-none-eabi/bin/../lib/gcc/arm-none-eabi/15.2.1/../../../../arm-none-eabi/lib/thumb/v7e-m+fp/hard\libc_nano.a(libc_a-sbrkr.o)
 .debug_frame   0x000023dc       0x20 D:/code_env/arm-gnu-toolchain-15.2.rel1-mingw-w64-i686-arm-none-eabi/bin/../lib/gcc/arm-none-eabi/15.2.1/../../../../arm-none-eabi/lib/thumb/v7e-m+fp/hard\libc_nano.a(libc_a-errno.o)
 .debug_frame   0x000023fc       0x2c D:/code_env/arm-gnu-toolchain-15.2.rel1-mingw-w64-i686-arm-none-eabi/bin/../lib/gcc/arm-none-eabi/15.2.1/../../../../arm-none-eabi/lib/thumb/v7e-m+fp/hard\libc_nano.a(libc_a-init.o)
 .debug_frame   0x00002428       0xb0 D:/code_env/arm-gnu-toolchain-15.2.rel1-mingw-w64-i686-arm-none-eabi/bin/../lib/gcc/arm-none-eabi/15.2.1/../../../../arm-none-eabi/lib/thumb/v7e-m+fp/hard\libc_nano.a(libc_a-lock.o)
 .debug_frame   0x000024d8       0x28 D:/code_env/arm-gnu-toolchain-15.2.rel1-mingw-w64-i686-arm-none-eabi/bin/../lib/gcc/arm-none-eabi/15.2.1/../../../../arm-none-eabi/lib/thumb/v7e-m+fp/hard\libc_nano.a(libc_a-memcpy-stub.o)
 .debug_frame   0x00002500       0x20 D:/code_env/arm-gnu-toolchain-15.2.rel1-mingw-w64-i686-arm-none-eabi/bin/../lib/gcc/arm-none-eabi/15.2.1/../../../../arm-none-eabi/lib/thumb/v7e-m+fp/hard\libc_nano.a(libc_a-strlen.o)
 .debug_frame   0x00002520       0x38 D:/code_env/arm-gnu-toolchain-15.2.rel1-mingw-w64-i686-arm-none-eabi/bin/../lib/gcc/arm-none-eabi/15.2.1/../../../../arm-none-eabi/lib/thumb/v7e-m+fp/hard\libc_nano.a(libc_a-freer.o)
 .debug_frame   0x00002558       0x90 D:/code_env/arm-gnu-toolchain-15.2.rel1-mingw-w64-i686-arm-none-eabi/bin/../lib/gcc/arm-none-eabi/15.2.1/../../../../arm-none-eabi/lib/thumb/v7e-m+fp/hard\libc_nano.a(libc_a-nano-svfprintf.o)
 .debug_frame   0x000025e8       0x60 D:/code_env/arm-gnu-toolchain-15.2.rel1-mingw-w64-i686-arm-none-eabi/bin/../lib/gcc/arm-none-eabi/15.2.1/../../../../arm-none-eabi/lib/thumb/v7e-m+fp/hard\libc_nano.a(libc_a-nano-vfprintf_i.o)
 .debug_frame   0x00002648       0x28 D:/code_env/arm-gnu-toolchain-15.2.rel1-mingw-w64-i686-arm-none-eabi/bin/../lib/gcc/arm-none-eabi/15.2.1/../../../../arm-none-eabi/lib/thumb/v7e-m+fp/hard\libc_nano.a(libc_a-memmove.o)
 .debug_frame   0x00002670       0x4c D:/code_env/arm-gnu-toolchain-15.2.rel1-mingw-w64-i686-arm-none-eabi/bin/../lib/gcc/arm-none-eabi/15.2.1/../../../../arm-none-eabi/lib/thumb/v7e-m+fp/hard\libc_nano.a(libc_a-memchr.o)
 .debug_frame   0x000026bc       0x3c D:/code_env/arm-gnu-toolchain-15.2.rel1-mingw-w64-i686-arm-none-eabi/bin/../lib/gcc/arm-none-eabi/15.2.1/../../../../arm-none-eabi/lib/thumb/v7e-m+fp/hard\libc_nano.a(libc_a-reallocr.o)
 .debug_frame   0x000026f8       0x20 D:/code_env/arm-gnu-toolchain-15.2.rel1-mingw-w64-i686-arm-none-eabi/bin/../lib/gcc/arm-none-eabi/15.2.1/../../../../arm-none-eabi/lib/thumb/v7e-m+fp/hard\libc_nano.a(libc_a-msizer.o)
 .debug_frame   0x00002718       0x2c D:/code_env/arm-gnu-toolchain-15.2.rel1-mingw-w64-i686-arm-none-eabi/bin/../lib/gcc/arm-none-eabi/15.2.1/thumb/v7e-m+fp/hard\libgcc.a(_aeabi_uldivmod.o)
 .debug_frame   0x00002744       0x44 D:/code_env/arm-gnu-toolchain-15.2.rel1-mingw-w64-i686-arm-none-eabi/bin/../lib/gcc/arm-none-eabi/15.2.1/thumb/v7e-m+fp/hard\libgcc.a(_udivmoddi4.o)

.debug_line_str
                0x00000000      0x1c9
 .debug_line_str
                0x00000000      0x1c9 D:/code_env/arm-gnu-toolchain-15.2.rel1-mingw-w64-i686-arm-none-eabi/bin/../lib/gcc/arm-none-eabi/15.2.1/../../../../arm-none-eabi/lib/thumb/v7e-m+fp/hard\libc_nano.a(libc_a-strlen.o)
                                 0xeb (size before relaxing)
 .debug_line_str
                0x000001c9        0x0 D:/code_env/arm-gnu-toolchain-15.2.rel1-mingw-w64-i686-arm-none-eabi/bin/../lib/gcc/arm-none-eabi/15.2.1/../../../../arm-none-eabi/lib/thumb/v7e-m+fp/hard\libc_nano.a(libc_a-memchr.o)
                                 0xe1 (size before relaxing)
 .debug_line_str
                0x000001c9        0x0 D:/code_env/arm-gnu-toolchain-15.2.rel1-mingw-w64-i686-arm-none-eabi/bin/../lib/gcc/arm-none-eabi/15.2.1/thumb/v7e-m+fp/hard\libgcc.a(_aeabi_uldivmod.o)
                                 0xc9 (size before relaxing)
 .debug_line_str
                0x000001c9        0x0 D:/code_env/arm-gnu-toolchain-15.2.rel1-mingw-w64-i686-arm-none-eabi/bin/../lib/gcc/arm-none-eabi/15.2.1/thumb/v7e-m+fp/hard\libgcc.a(_dvmd_tls.o)
                                 0xcd (size before relaxing)

Cross Reference Table

Symbol                                            File
ADC_IRQHandler                                    build/startup_stm32f407xx.o
AHBPrescTable                                     build/system_stm32f4xx.o
                                                  build/stm32f4xx_hal_rcc.o
APBPrescTable                                     build/system_stm32f4xx.o
                                                  build/stm32f4xx_hal_rcc.o
BusFault_Handler                                  build/stm32f4xx_it.o
CAN1_RX0_IRQHandler                               build/startup_stm32f407xx.o
CAN1_RX1_IRQHandler                               build/stm32f4xx_it.o
CAN1_SCE_IRQHandler                               build/startup_stm32f407xx.o
CAN1_TX_IRQHandler                                build/startup_stm32f407xx.o
CAN2_RX0_IRQHandler                               build/startup_stm32f407xx.o
CAN2_RX1_IRQHandler                               build/startup_stm32f407xx.o
CAN2_SCE_IRQHandler                               build/startup_stm32f407xx.o
CAN2_TX_IRQHandler                                build/startup_stm32f407xx.o
DCMI_IRQHandler                                   build/startup_stm32f407xx.o
DMA1_Stream0_IRQHandler                           build/startup_stm32f407xx.o
DMA1_Stream1_IRQHandler                           build/startup_stm32f407xx.o
DMA1_Stream2_IRQHandler                           build/startup_stm32f407xx.o
DMA1_Stream3_IRQHandler                           build/startup_stm32f407xx.o
DMA1_Stream4_IRQHandler                           build/startup_stm32f407xx.o
DMA1_Stream5_IRQHandler                           build/startup_stm32f407xx.o
DMA1_Stream6_IRQHandler                           build/startup_stm32f407xx.o
DMA1_Stream7_IRQHandler                           build/startup_stm32f407xx.o
DMA2_Stream0_IRQHandler                           build/startup_stm32f407xx.o
DMA2_Stream1_IRQHandler                           build/startup_stm32f407xx.o
DMA2_Stream2_IRQHandler                           build/startup_stm32f407xx.o
DMA2_Stream3_IRQHandler                           build/startup_stm32f407xx.o
DMA2_Stream4_IRQHandler                           build/startup_stm32f407xx.o
DMA2_Stream5_IRQHandler                           build/startup_stm32f407xx.o
DMA2_Stream6_IRQHandler                           build/startup_stm32f407xx.o
DMA2_Stream7_IRQHandler                           build/startup_stm32f407xx.o
DebugMon_Handler                                  build/stm32f4xx_it.o
Default_Handler                                   build/startup_stm32f407xx.o
ETH_IRQHandler                                    build/startup_stm32f407xx.o
ETH_WKUP_IRQHandler                               build/startup_stm32f407xx.o
EXTI0_IRQHandler                                  build/startup_stm32f407xx.o
EXTI15_10_IRQHandler                              build/startup_stm32f407xx.o
EXTI1_IRQHandler                                  build/startup_stm32f407xx.o
EXTI2_IRQHandler                                  build/startup_stm32f407xx.o
EXTI3_IRQHandler                                  build/startup_stm32f407xx.o
EXTI4_IRQHandler                                  build/startup_stm32f407xx.o
EXTI9_5_IRQHandler                                build/startup_stm32f407xx.o
Error_Handler                                     build/main.o
                                                  build/bsp_can.o
                                                  build/usart.o
                                                  build/tim.o
                                                  build/can.o
FLASH_Erase_Sector                                build/stm32f4xx_hal_flash_ex.o
                                                  build/stm32f4xx_hal_flash.o
FLASH_FlushCaches                                 build/stm32f4xx_hal_flash_ex.o
                                                  build/stm32f4xx_hal_flash.o
FLASH_IRQHandler                                  build/startup_stm32f407xx.o
FLASH_WaitForLastOperation                        build/stm32f4xx_hal_flash.o
                                                  build/stm32f4xx_hal_flash_ex.o
FPU_IRQHandler                                    build/startup_stm32f407xx.o
FSMC_IRQHandler                                   build/startup_stm32f407xx.o
HAL_CAN_AbortTxRequest                            build/stm32f4xx_hal_can.o
HAL_CAN_ActivateNotification                      build/stm32f4xx_hal_can.o
                                                  build/bsp_can.o
HAL_CAN_AddTxMessage                              build/stm32f4xx_hal_can.o
                                                  build/bsp_can.o
HAL_CAN_ConfigFilter                              build/stm32f4xx_hal_can.o
                                                  build/bsp_can.o
HAL_CAN_DeInit                                    build/stm32f4xx_hal_can.o
HAL_CAN_DeactivateNotification                    build/stm32f4xx_hal_can.o
HAL_CAN_ErrorCallback                             build/stm32f4xx_hal_can.o
HAL_CAN_GetError                                  build/stm32f4xx_hal_can.o
HAL_CAN_GetRxFifoFillLevel                        build/stm32f4xx_hal_can.o
HAL_CAN_GetRxMessage                              build/stm32f4xx_hal_can.o
                                                  build/bsp_can.o
HAL_CAN_GetState                                  build/stm32f4xx_hal_can.o
HAL_CAN_GetTxMailboxesFreeLevel                   build/stm32f4xx_hal_can.o
HAL_CAN_GetTxTimestamp                            build/stm32f4xx_hal_can.o
HAL_CAN_IRQHandler                                build/stm32f4xx_hal_can.o
                                                  build/stm32f4xx_it.o
HAL_CAN_Init                                      build/stm32f4xx_hal_can.o
                                                  build/can.o
HAL_CAN_IsSleepActive                             build/stm32f4xx_hal_can.o
HAL_CAN_IsTxMessagePending                        build/stm32f4xx_hal_can.o
HAL_CAN_MspDeInit                                 build/can.o
HAL_CAN_MspInit                                   build/can.o
HAL_CAN_RequestSleep                              build/stm32f4xx_hal_can.o
HAL_CAN_ResetError                                build/stm32f4xx_hal_can.o
HAL_CAN_RxFifo0FullCallback                       build/stm32f4xx_hal_can.o
HAL_CAN_RxFifo0MsgPendingCallback                 build/stm32f4xx_hal_can.o
HAL_CAN_RxFifo1FullCallback                       build/stm32f4xx_hal_can.o
HAL_CAN_RxFifo1MsgPendingCallback                 build/bsp_can.o
                                                  build/stm32f4xx_hal_can.o
HAL_CAN_SleepCallback                             build/stm32f4xx_hal_can.o
HAL_CAN_Start                                     build/stm32f4xx_hal_can.o
HAL_CAN_Stop                                      build/stm32f4xx_hal_can.o
HAL_CAN_TxMailbox0AbortCallback                   build/stm32f4xx_hal_can.o
HAL_CAN_TxMailbox0CompleteCallback                build/stm32f4xx_hal_can.o
HAL_CAN_TxMailbox1AbortCallback                   build/stm32f4xx_hal_can.o
HAL_CAN_TxMailbox1CompleteCallback                build/stm32f4xx_hal_can.o
HAL_CAN_TxMailbox2AbortCallback                   build/stm32f4xx_hal_can.o
HAL_CAN_TxMailbox2CompleteCallback                build/stm32f4xx_hal_can.o
HAL_CAN_WakeUp                                    build/stm32f4xx_hal_can.o
HAL_CAN_WakeUpFromRxMsgCallback                   build/stm32f4xx_hal_can.o
HAL_CORTEX_ClearEvent                             build/stm32f4xx_hal_cortex.o
HAL_DBGMCU_DisableDBGSleepMode                    build/stm32f4xx_hal.o
HAL_DBGMCU_DisableDBGStandbyMode                  build/stm32f4xx_hal.o
HAL_DBGMCU_DisableDBGStopMode                     build/stm32f4xx_hal.o
HAL_DBGMCU_EnableDBGSleepMode                     build/stm32f4xx_hal.o
HAL_DBGMCU_EnableDBGStandbyMode                   build/stm32f4xx_hal.o
HAL_DBGMCU_EnableDBGStopMode                      build/stm32f4xx_hal.o
HAL_DMAEx_ChangeMemory                            build/stm32f4xx_hal_dma_ex.o
HAL_DMAEx_MultiBufferStart                        build/stm32f4xx_hal_dma_ex.o
HAL_DMAEx_MultiBufferStart_IT                     build/stm32f4xx_hal_dma_ex.o
HAL_DMA_Abort                                     build/stm32f4xx_hal_dma.o
                                                  build/stm32f4xx_hal_uart.o
HAL_DMA_Abort_IT                                  build/stm32f4xx_hal_dma.o
                                                  build/stm32f4xx_hal_uart.o
                                                  build/stm32f4xx_hal_tim_ex.o
                                                  build/stm32f4xx_hal_tim.o
HAL_DMA_DeInit                                    build/stm32f4xx_hal_dma.o
HAL_DMA_GetError                                  build/stm32f4xx_hal_dma.o
                                                  build/stm32f4xx_hal_uart.o
HAL_DMA_GetState                                  build/stm32f4xx_hal_dma.o
HAL_DMA_IRQHandler                                build/stm32f4xx_hal_dma.o
HAL_DMA_Init                                      build/stm32f4xx_hal_dma.o
HAL_DMA_PollForTransfer                           build/stm32f4xx_hal_dma.o
HAL_DMA_RegisterCallback                          build/stm32f4xx_hal_dma.o
HAL_DMA_Start                                     build/stm32f4xx_hal_dma.o
HAL_DMA_Start_IT                                  build/stm32f4xx_hal_dma.o
                                                  build/stm32f4xx_hal_uart.o
                                                  build/stm32f4xx_hal_tim_ex.o
                                                  build/stm32f4xx_hal_tim.o
HAL_DMA_UnRegisterCallback                        build/stm32f4xx_hal_dma.o
HAL_DeInit                                        build/stm32f4xx_hal.o
HAL_Delay                                         build/stm32f4xx_hal.o
                                                  build/main.o
HAL_DisableCompensationCell                       build/stm32f4xx_hal.o
HAL_EXTI_ClearConfigLine                          build/stm32f4xx_hal_exti.o
HAL_EXTI_ClearPending                             build/stm32f4xx_hal_exti.o
HAL_EXTI_GenerateSWI                              build/stm32f4xx_hal_exti.o
HAL_EXTI_GetConfigLine                            build/stm32f4xx_hal_exti.o
HAL_EXTI_GetHandle                                build/stm32f4xx_hal_exti.o
HAL_EXTI_GetPending                               build/stm32f4xx_hal_exti.o
HAL_EXTI_IRQHandler                               build/stm32f4xx_hal_exti.o
HAL_EXTI_RegisterCallback                         build/stm32f4xx_hal_exti.o
HAL_EXTI_SetConfigLine                            build/stm32f4xx_hal_exti.o
HAL_EnableCompensationCell                        build/stm32f4xx_hal.o
HAL_FLASHEx_Erase                                 build/stm32f4xx_hal_flash_ex.o
HAL_FLASHEx_Erase_IT                              build/stm32f4xx_hal_flash_ex.o
HAL_FLASHEx_OBGetConfig                           build/stm32f4xx_hal_flash_ex.o
HAL_FLASHEx_OBProgram                             build/stm32f4xx_hal_flash_ex.o
HAL_FLASH_EndOfOperationCallback                  build/stm32f4xx_hal_flash.o
HAL_FLASH_GetError                                build/stm32f4xx_hal_flash.o
HAL_FLASH_IRQHandler                              build/stm32f4xx_hal_flash.o
HAL_FLASH_Lock                                    build/stm32f4xx_hal_flash.o
HAL_FLASH_OB_Launch                               build/stm32f4xx_hal_flash.o
HAL_FLASH_OB_Lock                                 build/stm32f4xx_hal_flash.o
HAL_FLASH_OB_Unlock                               build/stm32f4xx_hal_flash.o
HAL_FLASH_OperationErrorCallback                  build/stm32f4xx_hal_flash.o
HAL_FLASH_Program                                 build/stm32f4xx_hal_flash.o
HAL_FLASH_Program_IT                              build/stm32f4xx_hal_flash.o
HAL_FLASH_Unlock                                  build/stm32f4xx_hal_flash.o
HAL_GPIO_DeInit                                   build/stm32f4xx_hal_gpio.o
                                                  build/usart.o
                                                  build/tim.o
                                                  build/can.o
HAL_GPIO_EXTI_Callback                            build/stm32f4xx_hal_gpio.o
HAL_GPIO_EXTI_IRQHandler                          build/stm32f4xx_hal_gpio.o
HAL_GPIO_Init                                     build/stm32f4xx_hal_gpio.o
                                                  build/usart.o
                                                  build/tim.o
                                                  build/stm32f4xx_hal_rcc.o
                                                  build/can.o
                                                  build/gpio.o
HAL_GPIO_LockPin                                  build/stm32f4xx_hal_gpio.o
HAL_GPIO_ReadPin                                  build/stm32f4xx_hal_gpio.o
HAL_GPIO_TogglePin                                build/stm32f4xx_hal_gpio.o
HAL_GPIO_WritePin                                 build/stm32f4xx_hal_gpio.o
                                                  build/gpio.o
HAL_GetDEVID                                      build/stm32f4xx_hal.o
HAL_GetHalVersion                                 build/stm32f4xx_hal.o
HAL_GetREVID                                      build/stm32f4xx_hal.o
HAL_GetTick                                       build/stm32f4xx_hal.o
                                                  build/bsp_can.o
                                                  build/stm32f4xx_hal_uart.o
                                                  build/stm32f4xx_hal_pwr_ex.o
                                                  build/stm32f4xx_hal_dma.o
                                                  build/stm32f4xx_hal_flash.o
                                                  build/stm32f4xx_hal_rcc_ex.o
                                                  build/stm32f4xx_hal_rcc.o
                                                  build/stm32f4xx_hal_can.o
HAL_GetTickFreq                                   build/stm32f4xx_hal.o
HAL_GetTickPrio                                   build/stm32f4xx_hal.o
HAL_GetUIDw0                                      build/stm32f4xx_hal.o
HAL_GetUIDw1                                      build/stm32f4xx_hal.o
HAL_GetUIDw2                                      build/stm32f4xx_hal.o
HAL_HalfDuplex_EnableReceiver                     build/stm32f4xx_hal_uart.o
HAL_HalfDuplex_EnableTransmitter                  build/stm32f4xx_hal_uart.o
HAL_HalfDuplex_Init                               build/stm32f4xx_hal_uart.o
HAL_IncTick                                       build/stm32f4xx_hal.o
                                                  build/stm32f4xx_it.o
HAL_Init                                          build/stm32f4xx_hal.o
                                                  build/main.o
HAL_InitTick                                      build/stm32f4xx_hal.o
                                                  build/stm32f4xx_hal_rcc_ex.o
                                                  build/stm32f4xx_hal_rcc.o
HAL_LIN_Init                                      build/stm32f4xx_hal_uart.o
HAL_LIN_SendBreak                                 build/stm32f4xx_hal_uart.o
HAL_MPU_ConfigRegion                              build/stm32f4xx_hal_cortex.o
HAL_MPU_Disable                                   build/stm32f4xx_hal_cortex.o
HAL_MPU_DisableRegion                             build/stm32f4xx_hal_cortex.o
HAL_MPU_Enable                                    build/stm32f4xx_hal_cortex.o
HAL_MPU_EnableRegion                              build/stm32f4xx_hal_cortex.o
HAL_MspDeInit                                     build/stm32f4xx_hal.o
HAL_MspInit                                       build/stm32f4xx_hal_msp.o
HAL_MultiProcessor_EnterMuteMode                  build/stm32f4xx_hal_uart.o
HAL_MultiProcessor_ExitMuteMode                   build/stm32f4xx_hal_uart.o
HAL_MultiProcessor_Init                           build/stm32f4xx_hal_uart.o
HAL_NVIC_ClearPendingIRQ                          build/stm32f4xx_hal_cortex.o
HAL_NVIC_DisableIRQ                               build/stm32f4xx_hal_cortex.o
                                                  build/can.o
HAL_NVIC_EnableIRQ                                build/stm32f4xx_hal_cortex.o
                                                  build/can.o
HAL_NVIC_GetActive                                build/stm32f4xx_hal_cortex.o
HAL_NVIC_GetPendingIRQ                            build/stm32f4xx_hal_cortex.o
HAL_NVIC_GetPriority                              build/stm32f4xx_hal_cortex.o
HAL_NVIC_GetPriorityGrouping                      build/stm32f4xx_hal_cortex.o
HAL_NVIC_SetPendingIRQ                            build/stm32f4xx_hal_cortex.o
HAL_NVIC_SetPriority                              build/stm32f4xx_hal_cortex.o
                                                  build/stm32f4xx_hal.o
                                                  build/can.o
HAL_NVIC_SetPriorityGrouping                      build/stm32f4xx_hal_cortex.o
                                                  build/stm32f4xx_hal.o
HAL_NVIC_SystemReset                              build/stm32f4xx_hal_cortex.o
HAL_PWREx_ControlVoltageScaling                   build/stm32f4xx_hal_pwr_ex.o
HAL_PWREx_DisableBkUpReg                          build/stm32f4xx_hal_pwr_ex.o
HAL_PWREx_DisableFlashPowerDown                   build/stm32f4xx_hal_pwr_ex.o
HAL_PWREx_EnableBkUpReg                           build/stm32f4xx_hal_pwr_ex.o
HAL_PWREx_EnableFlashPowerDown                    build/stm32f4xx_hal_pwr_ex.o
HAL_PWREx_GetVoltageRange                         build/stm32f4xx_hal_pwr_ex.o
HAL_PWR_ConfigPVD                                 build/stm32f4xx_hal_pwr.o
HAL_PWR_DeInit                                    build/stm32f4xx_hal_pwr.o
HAL_PWR_DisableBkUpAccess                         build/stm32f4xx_hal_pwr.o
HAL_PWR_DisablePVD                                build/stm32f4xx_hal_pwr.o
HAL_PWR_DisableSEVOnPend                          build/stm32f4xx_hal_pwr.o
HAL_PWR_DisableSleepOnExit                        build/stm32f4xx_hal_pwr.o
HAL_PWR_DisableWakeUpPin                          build/stm32f4xx_hal_pwr.o
HAL_PWR_EnableBkUpAccess                          build/stm32f4xx_hal_pwr.o
HAL_PWR_EnablePVD                                 build/stm32f4xx_hal_pwr.o
HAL_PWR_EnableSEVOnPend                           build/stm32f4xx_hal_pwr.o
HAL_PWR_EnableSleepOnExit                         build/stm32f4xx_hal_pwr.o
HAL_PWR_EnableWakeUpPin                           build/stm32f4xx_hal_pwr.o
HAL_PWR_EnterSLEEPMode                            build/stm32f4xx_hal_pwr.o
HAL_PWR_EnterSTANDBYMode                          build/stm32f4xx_hal_pwr.o
HAL_PWR_EnterSTOPMode                             build/stm32f4xx_hal_pwr.o
HAL_PWR_PVDCallback                               build/stm32f4xx_hal_pwr.o
HAL_PWR_PVD_IRQHandler                            build/stm32f4xx_hal_pwr.o
HAL_RCCEx_DisablePLLI2S                           build/stm32f4xx_hal_rcc_ex.o
HAL_RCCEx_EnablePLLI2S                            build/stm32f4xx_hal_rcc_ex.o
HAL_RCCEx_GetPeriphCLKConfig                      build/stm32f4xx_hal_rcc_ex.o
HAL_RCCEx_GetPeriphCLKFreq                        build/stm32f4xx_hal_rcc_ex.o
HAL_RCCEx_PeriphCLKConfig                         build/stm32f4xx_hal_rcc_ex.o
HAL_RCC_CSSCallback                               build/stm32f4xx_hal_rcc.o
HAL_RCC_ClockConfig                               build/stm32f4xx_hal_rcc.o
                                                  build/main.o
HAL_RCC_DeInit                                    build/stm32f4xx_hal_rcc_ex.o
                                                  build/stm32f4xx_hal_rcc.o
HAL_RCC_DisableCSS                                build/stm32f4xx_hal_rcc.o
HAL_RCC_EnableCSS                                 build/stm32f4xx_hal_rcc.o
HAL_RCC_GetClockConfig                            build/stm32f4xx_hal_rcc.o
HAL_RCC_GetHCLKFreq                               build/stm32f4xx_hal_rcc.o
HAL_RCC_GetOscConfig                              build/stm32f4xx_hal_rcc.o
HAL_RCC_GetPCLK1Freq                              build/stm32f4xx_hal_rcc.o
                                                  build/stm32f4xx_hal_uart.o
HAL_RCC_GetPCLK2Freq                              build/stm32f4xx_hal_rcc.o
                                                  build/stm32f4xx_hal_uart.o
HAL_RCC_GetSysClockFreq                           build/stm32f4xx_hal_rcc.o
HAL_RCC_MCOConfig                                 build/stm32f4xx_hal_rcc.o
HAL_RCC_NMI_IRQHandler                            build/stm32f4xx_hal_rcc.o
HAL_RCC_OscConfig                                 build/stm32f4xx_hal_rcc.o
                                                  build/main.o
HAL_ResumeTick                                    build/stm32f4xx_hal.o
HAL_SYSTICK_CLKSourceConfig                       build/stm32f4xx_hal_cortex.o
HAL_SYSTICK_Callback                              build/stm32f4xx_hal_cortex.o
HAL_SYSTICK_Config                                build/stm32f4xx_hal_cortex.o
                                                  build/stm32f4xx_hal.o
HAL_SYSTICK_IRQHandler                            build/stm32f4xx_hal_cortex.o
HAL_SetTickFreq                                   build/stm32f4xx_hal.o
HAL_SuspendTick                                   build/stm32f4xx_hal.o
HAL_TIMEx_BreakCallback                           build/stm32f4xx_hal_tim_ex.o
                                                  build/stm32f4xx_hal_tim.o
HAL_TIMEx_CommutCallback                          build/stm32f4xx_hal_tim_ex.o
                                                  build/stm32f4xx_hal_tim.o
HAL_TIMEx_CommutHalfCpltCallback                  build/stm32f4xx_hal_tim_ex.o
HAL_TIMEx_ConfigBreakDeadTime                     build/stm32f4xx_hal_tim_ex.o
HAL_TIMEx_ConfigCommutEvent                       build/stm32f4xx_hal_tim_ex.o
HAL_TIMEx_ConfigCommutEvent_DMA                   build/stm32f4xx_hal_tim_ex.o
HAL_TIMEx_ConfigCommutEvent_IT                    build/stm32f4xx_hal_tim_ex.o
HAL_TIMEx_GetChannelNState                        build/stm32f4xx_hal_tim_ex.o
HAL_TIMEx_HallSensor_DeInit                       build/stm32f4xx_hal_tim_ex.o
HAL_TIMEx_HallSensor_GetState                     build/stm32f4xx_hal_tim_ex.o
HAL_TIMEx_HallSensor_Init                         build/stm32f4xx_hal_tim_ex.o
HAL_TIMEx_HallSensor_MspDeInit                    build/stm32f4xx_hal_tim_ex.o
HAL_TIMEx_HallSensor_MspInit                      build/stm32f4xx_hal_tim_ex.o
HAL_TIMEx_HallSensor_Start                        build/stm32f4xx_hal_tim_ex.o
HAL_TIMEx_HallSensor_Start_DMA                    build/stm32f4xx_hal_tim_ex.o
HAL_TIMEx_HallSensor_Start_IT                     build/stm32f4xx_hal_tim_ex.o
HAL_TIMEx_HallSensor_Stop                         build/stm32f4xx_hal_tim_ex.o
HAL_TIMEx_HallSensor_Stop_DMA                     build/stm32f4xx_hal_tim_ex.o
HAL_TIMEx_HallSensor_Stop_IT                      build/stm32f4xx_hal_tim_ex.o
HAL_TIMEx_MasterConfigSynchronization             build/stm32f4xx_hal_tim_ex.o
                                                  build/tim.o
HAL_TIMEx_OCN_Start                               build/stm32f4xx_hal_tim_ex.o
HAL_TIMEx_OCN_Start_DMA                           build/stm32f4xx_hal_tim_ex.o
HAL_TIMEx_OCN_Start_IT                            build/stm32f4xx_hal_tim_ex.o
HAL_TIMEx_OCN_Stop                                build/stm32f4xx_hal_tim_ex.o
HAL_TIMEx_OCN_Stop_DMA                            build/stm32f4xx_hal_tim_ex.o
HAL_TIMEx_OCN_Stop_IT                             build/stm32f4xx_hal_tim_ex.o
HAL_TIMEx_OnePulseN_Start                         build/stm32f4xx_hal_tim_ex.o
HAL_TIMEx_OnePulseN_Start_IT                      build/stm32f4xx_hal_tim_ex.o
HAL_TIMEx_OnePulseN_Stop                          build/stm32f4xx_hal_tim_ex.o
HAL_TIMEx_OnePulseN_Stop_IT                       build/stm32f4xx_hal_tim_ex.o
HAL_TIMEx_PWMN_Start                              build/stm32f4xx_hal_tim_ex.o
HAL_TIMEx_PWMN_Start_DMA                          build/stm32f4xx_hal_tim_ex.o
HAL_TIMEx_PWMN_Start_IT                           build/stm32f4xx_hal_tim_ex.o
HAL_TIMEx_PWMN_Stop                               build/stm32f4xx_hal_tim_ex.o
HAL_TIMEx_PWMN_Stop_DMA                           build/stm32f4xx_hal_tim_ex.o
HAL_TIMEx_PWMN_Stop_IT                            build/stm32f4xx_hal_tim_ex.o
HAL_TIMEx_RemapConfig                             build/stm32f4xx_hal_tim_ex.o
HAL_TIM_Base_DeInit                               build/stm32f4xx_hal_tim.o
HAL_TIM_Base_GetState                             build/stm32f4xx_hal_tim.o
HAL_TIM_Base_Init                                 build/stm32f4xx_hal_tim.o
HAL_TIM_Base_MspDeInit                            build/stm32f4xx_hal_tim.o
HAL_TIM_Base_MspInit                              build/stm32f4xx_hal_tim.o
HAL_TIM_Base_Start                                build/stm32f4xx_hal_tim.o
HAL_TIM_Base_Start_DMA                            build/stm32f4xx_hal_tim.o
HAL_TIM_Base_Start_IT                             build/stm32f4xx_hal_tim.o
HAL_TIM_Base_Stop                                 build/stm32f4xx_hal_tim.o
HAL_TIM_Base_Stop_DMA                             build/stm32f4xx_hal_tim.o
HAL_TIM_Base_Stop_IT                              build/stm32f4xx_hal_tim.o
HAL_TIM_ConfigClockSource                         build/stm32f4xx_hal_tim.o
HAL_TIM_ConfigOCrefClear                          build/stm32f4xx_hal_tim.o
HAL_TIM_ConfigTI1Input                            build/stm32f4xx_hal_tim.o
HAL_TIM_DMABurstState                             build/stm32f4xx_hal_tim.o