ARM GAS  C:\Users\Toubidou\AppData\Local\Temp\ccMbJ9Kr.s 			page 1


   1              		.cpu cortex-m4
   2              		.arch armv7e-m
   3              		.fpu fpv4-sp-d16
   4              		.eabi_attribute 27, 1
   5              		.eabi_attribute 28, 1
   6              		.eabi_attribute 20, 1
   7              		.eabi_attribute 21, 1
   8              		.eabi_attribute 23, 3
   9              		.eabi_attribute 24, 1
  10              		.eabi_attribute 25, 1
  11              		.eabi_attribute 26, 1
  12              		.eabi_attribute 30, 1
  13              		.eabi_attribute 34, 1
  14              		.eabi_attribute 18, 4
  15              		.file	"gpio.c"
  16              		.text
  17              	.Ltext0:
  18              		.cfi_sections	.debug_frame
  19              		.file 1 "Core/Src/gpio.c"
  20              		.section	.text.MX_GPIO_Init,"ax",%progbits
  21              		.align	1
  22              		.global	MX_GPIO_Init
  23              		.syntax unified
  24              		.thumb
  25              		.thumb_func
  27              	MX_GPIO_Init:
  28              	.LFB239:
   1:Core/Src/gpio.c **** /* USER CODE BEGIN Header */
   2:Core/Src/gpio.c **** /**
   3:Core/Src/gpio.c ****   ******************************************************************************
   4:Core/Src/gpio.c ****   * @file    gpio.c
   5:Core/Src/gpio.c ****   * @brief   This file provides code for the configuration
   6:Core/Src/gpio.c ****   *          of all used GPIO pins.
   7:Core/Src/gpio.c ****   ******************************************************************************
   8:Core/Src/gpio.c ****   * @attention
   9:Core/Src/gpio.c ****   *
  10:Core/Src/gpio.c ****   * Copyright (c) 2026 STMicroelectronics.
  11:Core/Src/gpio.c ****   * All rights reserved.
  12:Core/Src/gpio.c ****   *
  13:Core/Src/gpio.c ****   * This software is licensed under terms that can be found in the LICENSE file
  14:Core/Src/gpio.c ****   * in the root directory of this software component.
  15:Core/Src/gpio.c ****   * If no LICENSE file comes with this software, it is provided AS-IS.
  16:Core/Src/gpio.c ****   *
  17:Core/Src/gpio.c ****   ******************************************************************************
  18:Core/Src/gpio.c ****   */
  19:Core/Src/gpio.c **** /* USER CODE END Header */
  20:Core/Src/gpio.c **** 
  21:Core/Src/gpio.c **** /* Includes ------------------------------------------------------------------*/
  22:Core/Src/gpio.c **** #include "gpio.h"
  23:Core/Src/gpio.c **** 
  24:Core/Src/gpio.c **** /* USER CODE BEGIN 0 */
  25:Core/Src/gpio.c **** 
  26:Core/Src/gpio.c **** /* USER CODE END 0 */
  27:Core/Src/gpio.c **** 
  28:Core/Src/gpio.c **** /*----------------------------------------------------------------------------*/
  29:Core/Src/gpio.c **** /* Configure GPIO                                                             */
  30:Core/Src/gpio.c **** /*----------------------------------------------------------------------------*/
ARM GAS  C:\Users\Toubidou\AppData\Local\Temp\ccMbJ9Kr.s 			page 2


  31:Core/Src/gpio.c **** /* USER CODE BEGIN 1 */
  32:Core/Src/gpio.c **** 
  33:Core/Src/gpio.c **** /* USER CODE END 1 */
  34:Core/Src/gpio.c **** 
  35:Core/Src/gpio.c **** /** Configure pins as
  36:Core/Src/gpio.c ****         * Analog
  37:Core/Src/gpio.c ****         * Input
  38:Core/Src/gpio.c ****         * Output
  39:Core/Src/gpio.c ****         * EVENT_OUT
  40:Core/Src/gpio.c ****         * EXTI
  41:Core/Src/gpio.c **** */
  42:Core/Src/gpio.c **** void MX_GPIO_Init(void)
  43:Core/Src/gpio.c **** {
  29              		.loc 1 43 1 view -0
  30              		.cfi_startproc
  31              		@ args = 0, pretend = 0, frame = 40
  32              		@ frame_needed = 0, uses_anonymous_args = 0
  33 0000 2DE9F043 		push	{r4, r5, r6, r7, r8, r9, lr}
  34              	.LCFI0:
  35              		.cfi_def_cfa_offset 28
  36              		.cfi_offset 4, -28
  37              		.cfi_offset 5, -24
  38              		.cfi_offset 6, -20
  39              		.cfi_offset 7, -16
  40              		.cfi_offset 8, -12
  41              		.cfi_offset 9, -8
  42              		.cfi_offset 14, -4
  43 0004 8BB0     		sub	sp, sp, #44
  44              	.LCFI1:
  45              		.cfi_def_cfa_offset 72
  44:Core/Src/gpio.c **** 
  45:Core/Src/gpio.c ****   GPIO_InitTypeDef GPIO_InitStruct = {0};
  46              		.loc 1 45 3 view .LVU1
  47              		.loc 1 45 20 is_stmt 0 view .LVU2
  48 0006 05AD     		add	r5, sp, #20
  49 0008 0024     		movs	r4, #0
  50 000a 0594     		str	r4, [sp, #20]
  51 000c 0694     		str	r4, [sp, #24]
  52 000e 0794     		str	r4, [sp, #28]
  53 0010 0894     		str	r4, [sp, #32]
  54 0012 0994     		str	r4, [sp, #36]
  46:Core/Src/gpio.c **** 
  47:Core/Src/gpio.c ****   /* GPIO Ports Clock Enable */
  48:Core/Src/gpio.c ****   __HAL_RCC_GPIOH_CLK_ENABLE();
  55              		.loc 1 48 3 is_stmt 1 view .LVU3
  56              	.LBB2:
  57              		.loc 1 48 3 view .LVU4
  58 0014 0094     		str	r4, [sp]
  59              		.loc 1 48 3 view .LVU5
  60 0016 344B     		ldr	r3, .L3
  61 0018 1A6B     		ldr	r2, [r3, #48]
  62 001a 42F08002 		orr	r2, r2, #128
  63 001e 1A63     		str	r2, [r3, #48]
  64              		.loc 1 48 3 view .LVU6
  65 0020 1A6B     		ldr	r2, [r3, #48]
  66 0022 02F08002 		and	r2, r2, #128
  67 0026 0092     		str	r2, [sp]
ARM GAS  C:\Users\Toubidou\AppData\Local\Temp\ccMbJ9Kr.s 			page 3


  68              		.loc 1 48 3 view .LVU7
  69 0028 009A     		ldr	r2, [sp]
  70              	.LBE2:
  71              		.loc 1 48 3 view .LVU8
  49:Core/Src/gpio.c ****   __HAL_RCC_GPIOA_CLK_ENABLE();
  72              		.loc 1 49 3 view .LVU9
  73              	.LBB3:
  74              		.loc 1 49 3 view .LVU10
  75 002a 0194     		str	r4, [sp, #4]
  76              		.loc 1 49 3 view .LVU11
  77 002c 1A6B     		ldr	r2, [r3, #48]
  78 002e 42F00102 		orr	r2, r2, #1
  79 0032 1A63     		str	r2, [r3, #48]
  80              		.loc 1 49 3 view .LVU12
  81 0034 1A6B     		ldr	r2, [r3, #48]
  82 0036 02F00102 		and	r2, r2, #1
  83 003a 0192     		str	r2, [sp, #4]
  84              		.loc 1 49 3 view .LVU13
  85 003c 019A     		ldr	r2, [sp, #4]
  86              	.LBE3:
  87              		.loc 1 49 3 view .LVU14
  50:Core/Src/gpio.c ****   __HAL_RCC_GPIOD_CLK_ENABLE();
  88              		.loc 1 50 3 view .LVU15
  89              	.LBB4:
  90              		.loc 1 50 3 view .LVU16
  91 003e 0294     		str	r4, [sp, #8]
  92              		.loc 1 50 3 view .LVU17
  93 0040 1A6B     		ldr	r2, [r3, #48]
  94 0042 42F00802 		orr	r2, r2, #8
  95 0046 1A63     		str	r2, [r3, #48]
  96              		.loc 1 50 3 view .LVU18
  97 0048 1A6B     		ldr	r2, [r3, #48]
  98 004a 02F00802 		and	r2, r2, #8
  99 004e 0292     		str	r2, [sp, #8]
 100              		.loc 1 50 3 view .LVU19
 101 0050 029A     		ldr	r2, [sp, #8]
 102              	.LBE4:
 103              		.loc 1 50 3 view .LVU20
  51:Core/Src/gpio.c ****   __HAL_RCC_GPIOC_CLK_ENABLE();
 104              		.loc 1 51 3 view .LVU21
 105              	.LBB5:
 106              		.loc 1 51 3 view .LVU22
 107 0052 0394     		str	r4, [sp, #12]
 108              		.loc 1 51 3 view .LVU23
 109 0054 1A6B     		ldr	r2, [r3, #48]
 110 0056 42F00402 		orr	r2, r2, #4
 111 005a 1A63     		str	r2, [r3, #48]
 112              		.loc 1 51 3 view .LVU24
 113 005c 1A6B     		ldr	r2, [r3, #48]
 114 005e 02F00402 		and	r2, r2, #4
 115 0062 0392     		str	r2, [sp, #12]
 116              		.loc 1 51 3 view .LVU25
 117 0064 039A     		ldr	r2, [sp, #12]
 118              	.LBE5:
 119              		.loc 1 51 3 view .LVU26
  52:Core/Src/gpio.c ****   __HAL_RCC_GPIOB_CLK_ENABLE();
 120              		.loc 1 52 3 view .LVU27
ARM GAS  C:\Users\Toubidou\AppData\Local\Temp\ccMbJ9Kr.s 			page 4


 121              	.LBB6:
 122              		.loc 1 52 3 view .LVU28
 123 0066 0494     		str	r4, [sp, #16]
 124              		.loc 1 52 3 view .LVU29
 125 0068 1A6B     		ldr	r2, [r3, #48]
 126 006a 42F00202 		orr	r2, r2, #2
 127 006e 1A63     		str	r2, [r3, #48]
 128              		.loc 1 52 3 view .LVU30
 129 0070 1B6B     		ldr	r3, [r3, #48]
 130 0072 03F00203 		and	r3, r3, #2
 131 0076 0493     		str	r3, [sp, #16]
 132              		.loc 1 52 3 view .LVU31
 133 0078 049B     		ldr	r3, [sp, #16]
 134              	.LBE6:
 135              		.loc 1 52 3 view .LVU32
  53:Core/Src/gpio.c **** 
  54:Core/Src/gpio.c ****   /*Configure GPIO pin Output Level */
  55:Core/Src/gpio.c ****   HAL_GPIO_WritePin(GPIOC, MOTORA_IN1_Pin|MOTORA_IN2_Pin|MOTORB_IN2_Pin, GPIO_PIN_RESET);
 136              		.loc 1 55 3 view .LVU33
 137 007a DFF87490 		ldr	r9, .L3+8
 138 007e 2246     		mov	r2, r4
 139 0080 4FF46071 		mov	r1, #896
 140 0084 4846     		mov	r0, r9
 141 0086 FFF7FEFF 		bl	HAL_GPIO_WritePin
 142              	.LVL0:
  56:Core/Src/gpio.c **** 
  57:Core/Src/gpio.c ****   /*Configure GPIO pin Output Level */
  58:Core/Src/gpio.c ****   HAL_GPIO_WritePin(MOTORB_IN1_GPIO_Port, MOTORB_IN1_Pin, GPIO_PIN_RESET);
 143              		.loc 1 58 3 view .LVU34
 144 008a DFF86880 		ldr	r8, .L3+12
 145 008e 2246     		mov	r2, r4
 146 0090 4FF48071 		mov	r1, #256
 147 0094 4046     		mov	r0, r8
 148 0096 FFF7FEFF 		bl	HAL_GPIO_WritePin
 149              	.LVL1:
  59:Core/Src/gpio.c **** 
  60:Core/Src/gpio.c ****   /*Configure GPIO pin Output Level */
  61:Core/Src/gpio.c ****   HAL_GPIO_WritePin(GPIOB, VOL_5V_RN_Pin|PWR_EN_Pin, GPIO_PIN_SET);
 150              		.loc 1 61 3 view .LVU35
 151 009a 144F     		ldr	r7, .L3+4
 152 009c 0122     		movs	r2, #1
 153 009e 2821     		movs	r1, #40
 154 00a0 3846     		mov	r0, r7
 155 00a2 FFF7FEFF 		bl	HAL_GPIO_WritePin
 156              	.LVL2:
  62:Core/Src/gpio.c **** 
  63:Core/Src/gpio.c ****   /*Configure GPIO pins : MOTORA_IN1_Pin MOTORA_IN2_Pin MOTORB_IN2_Pin */
  64:Core/Src/gpio.c ****   GPIO_InitStruct.Pin = MOTORA_IN1_Pin|MOTORA_IN2_Pin|MOTORB_IN2_Pin;
 157              		.loc 1 64 3 view .LVU36
 158              		.loc 1 64 23 is_stmt 0 view .LVU37
 159 00a6 4FF46073 		mov	r3, #896
 160 00aa 0593     		str	r3, [sp, #20]
  65:Core/Src/gpio.c ****   GPIO_InitStruct.Mode = GPIO_MODE_OUTPUT_PP;
 161              		.loc 1 65 3 is_stmt 1 view .LVU38
 162              		.loc 1 65 24 is_stmt 0 view .LVU39
 163 00ac 0126     		movs	r6, #1
 164 00ae 0696     		str	r6, [sp, #24]
ARM GAS  C:\Users\Toubidou\AppData\Local\Temp\ccMbJ9Kr.s 			page 5


  66:Core/Src/gpio.c ****   GPIO_InitStruct.Pull = GPIO_NOPULL;
 165              		.loc 1 66 3 is_stmt 1 view .LVU40
 166              		.loc 1 66 24 is_stmt 0 view .LVU41
 167 00b0 0794     		str	r4, [sp, #28]
  67:Core/Src/gpio.c ****   GPIO_InitStruct.Speed = GPIO_SPEED_FREQ_LOW;
 168              		.loc 1 67 3 is_stmt 1 view .LVU42
 169              		.loc 1 67 25 is_stmt 0 view .LVU43
 170 00b2 0894     		str	r4, [sp, #32]
  68:Core/Src/gpio.c ****   HAL_GPIO_Init(GPIOC, &GPIO_InitStruct);
 171              		.loc 1 68 3 is_stmt 1 view .LVU44
 172 00b4 2946     		mov	r1, r5
 173 00b6 4846     		mov	r0, r9
 174 00b8 FFF7FEFF 		bl	HAL_GPIO_Init
 175              	.LVL3:
  69:Core/Src/gpio.c **** 
  70:Core/Src/gpio.c ****   /*Configure GPIO pin : MOTORB_IN1_Pin */
  71:Core/Src/gpio.c ****   GPIO_InitStruct.Pin = MOTORB_IN1_Pin;
 176              		.loc 1 71 3 view .LVU45
 177              		.loc 1 71 23 is_stmt 0 view .LVU46
 178 00bc 4FF48073 		mov	r3, #256
 179 00c0 0593     		str	r3, [sp, #20]
  72:Core/Src/gpio.c ****   GPIO_InitStruct.Mode = GPIO_MODE_OUTPUT_PP;
 180              		.loc 1 72 3 is_stmt 1 view .LVU47
 181              		.loc 1 72 24 is_stmt 0 view .LVU48
 182 00c2 0696     		str	r6, [sp, #24]
  73:Core/Src/gpio.c ****   GPIO_InitStruct.Pull = GPIO_NOPULL;
 183              		.loc 1 73 3 is_stmt 1 view .LVU49
 184              		.loc 1 73 24 is_stmt 0 view .LVU50
 185 00c4 0794     		str	r4, [sp, #28]
  74:Core/Src/gpio.c ****   GPIO_InitStruct.Speed = GPIO_SPEED_FREQ_LOW;
 186              		.loc 1 74 3 is_stmt 1 view .LVU51
 187              		.loc 1 74 25 is_stmt 0 view .LVU52
 188 00c6 0894     		str	r4, [sp, #32]
  75:Core/Src/gpio.c ****   HAL_GPIO_Init(MOTORB_IN1_GPIO_Port, &GPIO_InitStruct);
 189              		.loc 1 75 3 is_stmt 1 view .LVU53
 190 00c8 2946     		mov	r1, r5
 191 00ca 4046     		mov	r0, r8
 192 00cc FFF7FEFF 		bl	HAL_GPIO_Init
 193              	.LVL4:
  76:Core/Src/gpio.c **** 
  77:Core/Src/gpio.c ****   /*Configure GPIO pins : VOL_5V_RN_Pin PWR_EN_Pin */
  78:Core/Src/gpio.c ****   GPIO_InitStruct.Pin = VOL_5V_RN_Pin|PWR_EN_Pin;
 194              		.loc 1 78 3 view .LVU54
 195              		.loc 1 78 23 is_stmt 0 view .LVU55
 196 00d0 2823     		movs	r3, #40
 197 00d2 0593     		str	r3, [sp, #20]
  79:Core/Src/gpio.c ****   GPIO_InitStruct.Mode = GPIO_MODE_OUTPUT_PP;
 198              		.loc 1 79 3 is_stmt 1 view .LVU56
 199              		.loc 1 79 24 is_stmt 0 view .LVU57
 200 00d4 0696     		str	r6, [sp, #24]
  80:Core/Src/gpio.c ****   GPIO_InitStruct.Pull = GPIO_NOPULL;
 201              		.loc 1 80 3 is_stmt 1 view .LVU58
 202              		.loc 1 80 24 is_stmt 0 view .LVU59
 203 00d6 0794     		str	r4, [sp, #28]
  81:Core/Src/gpio.c ****   GPIO_InitStruct.Speed = GPIO_SPEED_FREQ_LOW;
 204              		.loc 1 81 3 is_stmt 1 view .LVU60
 205              		.loc 1 81 25 is_stmt 0 view .LVU61
ARM GAS  C:\Users\Toubidou\AppData\Local\Temp\ccMbJ9Kr.s 			page 6


 206 00d8 0894     		str	r4, [sp, #32]
  82:Core/Src/gpio.c ****   HAL_GPIO_Init(GPIOB, &GPIO_InitStruct);
 207              		.loc 1 82 3 is_stmt 1 view .LVU62
 208 00da 2946     		mov	r1, r5
 209 00dc 3846     		mov	r0, r7
 210 00de FFF7FEFF 		bl	HAL_GPIO_Init
 211              	.LVL5:
  83:Core/Src/gpio.c **** 
  84:Core/Src/gpio.c **** }
 212              		.loc 1 84 1 is_stmt 0 view .LVU63
 213 00e2 0BB0     		add	sp, sp, #44
 214              	.LCFI2:
 215              		.cfi_def_cfa_offset 28
 216              		@ sp needed
 217 00e4 BDE8F083 		pop	{r4, r5, r6, r7, r8, r9, pc}
 218              	.L4:
 219              		.align	2
 220              	.L3:
 221 00e8 00380240 		.word	1073887232
 222 00ec 00040240 		.word	1073873920
 223 00f0 00080240 		.word	1073874944
 224 00f4 00000240 		.word	1073872896
 225              		.cfi_endproc
 226              	.LFE239:
 228              		.text
 229              	.Letext0:
 230              		.file 2 "D:/code_env/arm-gnu-toolchain-15.2.rel1-mingw-w64-i686-arm-none-eabi/arm-none-eabi/includ
 231              		.file 3 "D:/code_env/arm-gnu-toolchain-15.2.rel1-mingw-w64-i686-arm-none-eabi/arm-none-eabi/includ
 232              		.file 4 "Drivers/CMSIS/Device/ST/STM32F4xx/Include/stm32f407xx.h"
 233              		.file 5 "Drivers/STM32F4xx_HAL_Driver/Inc/stm32f4xx_hal_gpio.h"
ARM GAS  C:\Users\Toubidou\AppData\Local\Temp\ccMbJ9Kr.s 			page 7


DEFINED SYMBOLS
                            *ABS*:00000000 gpio.c
C:\Users\Toubidou\AppData\Local\Temp\ccMbJ9Kr.s:21     .text.MX_GPIO_Init:00000000 $t
C:\Users\Toubidou\AppData\Local\Temp\ccMbJ9Kr.s:27     .text.MX_GPIO_Init:00000000 MX_GPIO_Init
C:\Users\Toubidou\AppData\Local\Temp\ccMbJ9Kr.s:221    .text.MX_GPIO_Init:000000e8 $d

UNDEFINED SYMBOLS
HAL_GPIO_WritePin
HAL_GPIO_Init
