ARM GAS  C:\Users\Toubidou\AppData\Local\Temp\ccMtSm8D.s 			page 1


   1              		.cpu cortex-m4
   2              		.arch armv7e-m
   3              		.fpu fpv4-sp-d16
   4              		.eabi_attribute 27, 1
   5              		.eabi_attribute 28, 1
   6              		.eabi_attribute 20, 1
   7              		.eabi_attribute 21, 1
   8              		.eabi_attribute 23, 3
   9              		.eabi_attribute 24, 1
  10              		.eabi_attribute 25, 1
  11              		.eabi_attribute 26, 1
  12              		.eabi_attribute 30, 1
  13              		.eabi_attribute 34, 1
  14              		.eabi_attribute 18, 4
  15              		.file	"list.c"
  16              		.text
  17              	.Ltext0:
  18              		.cfi_sections	.debug_frame
  19              		.file 1 "KTimeSlice/list.c"
  20              		.section	.text.list_append,"ax",%progbits
  21              		.align	1
  22              		.global	list_append
  23              		.syntax unified
  24              		.thumb
  25              		.thumb_func
  27              	list_append:
  28              	.LFB137:
   1:KTimeSlice/list.c **** #include "list.h"
   2:KTimeSlice/list.c **** 
   3:KTimeSlice/list.c **** void list_append(ListNode *l, ListNode *n)
   4:KTimeSlice/list.c **** {
  29              		.loc 1 4 1 view -0
  30              		.cfi_startproc
  31              		@ args = 0, pretend = 0, frame = 0
  32              		@ frame_needed = 0, uses_anonymous_args = 0
  33              		@ link register save eliminated.
  34              	.LVL0:
  35              	.L2:
   5:KTimeSlice/list.c ****     ListNode *node = l;
   6:KTimeSlice/list.c ****     while (node->next) node = node->next;
  36              		.loc 1 6 12 discriminator 1 view .LVU1
  37 0000 0346     		mov	r3, r0
  38              	.LVL1:
  39              		.loc 1 6 16 is_stmt 0 discriminator 1 view .LVU2
  40 0002 0068     		ldr	r0, [r0]
  41              		.loc 1 6 12 discriminator 1 view .LVU3
  42 0004 0028     		cmp	r0, #0
  43 0006 FBD1     		bne	.L2
   7:KTimeSlice/list.c **** 
   8:KTimeSlice/list.c ****     /* append the node to the tail */
   9:KTimeSlice/list.c ****     node->next = n;
  44              		.loc 1 9 5 is_stmt 1 view .LVU4
  45              		.loc 1 9 16 is_stmt 0 view .LVU5
  46 0008 1960     		str	r1, [r3]
  10:KTimeSlice/list.c ****     n->next = NULL;
  47              		.loc 1 10 5 is_stmt 1 view .LVU6
  48              		.loc 1 10 13 is_stmt 0 view .LVU7
ARM GAS  C:\Users\Toubidou\AppData\Local\Temp\ccMtSm8D.s 			page 2


  49 000a 0860     		str	r0, [r1]
  11:KTimeSlice/list.c **** }
  50              		.loc 1 11 1 view .LVU8
  51 000c 7047     		bx	lr
  52              		.cfi_endproc
  53              	.LFE137:
  55              		.section	.text.list_get_len,"ax",%progbits
  56              		.align	1
  57              		.global	list_get_len
  58              		.syntax unified
  59              		.thumb
  60              		.thumb_func
  62              	list_get_len:
  63              	.LVL2:
  64              	.LFB138:
  12:KTimeSlice/list.c **** unsigned int list_get_len(const ListNode *l)
  13:KTimeSlice/list.c **** {
  65              		.loc 1 13 1 is_stmt 1 view -0
  66              		.cfi_startproc
  67              		@ args = 0, pretend = 0, frame = 0
  68              		@ frame_needed = 0, uses_anonymous_args = 0
  69              		@ link register save eliminated.
  14:KTimeSlice/list.c ****     unsigned int len = 0;
  70              		.loc 1 14 5 view .LVU10
  15:KTimeSlice/list.c ****     const ListNode *list = l->next;
  71              		.loc 1 15 5 view .LVU11
  72              		.loc 1 15 21 is_stmt 0 view .LVU12
  73 0000 0368     		ldr	r3, [r0]
  74              	.LVL3:
  16:KTimeSlice/list.c ****     while (list != NULL)
  75              		.loc 1 16 5 is_stmt 1 view .LVU13
  14:KTimeSlice/list.c ****     unsigned int len = 0;
  76              		.loc 1 14 18 is_stmt 0 view .LVU14
  77 0002 0020     		movs	r0, #0
  78              	.LVL4:
  79              		.loc 1 16 11 view .LVU15
  80 0004 01E0     		b	.L4
  81              	.LVL5:
  82              	.L5:
  17:KTimeSlice/list.c ****     {
  18:KTimeSlice/list.c ****         list = list->next;
  83              		.loc 1 18 9 is_stmt 1 view .LVU16
  84              		.loc 1 18 14 is_stmt 0 view .LVU17
  85 0006 1B68     		ldr	r3, [r3]
  86              	.LVL6:
  19:KTimeSlice/list.c ****         len ++;
  87              		.loc 1 19 9 is_stmt 1 view .LVU18
  88              		.loc 1 19 13 is_stmt 0 view .LVU19
  89 0008 0130     		adds	r0, r0, #1
  90              	.LVL7:
  91              	.L4:
  16:KTimeSlice/list.c ****     while (list != NULL)
  92              		.loc 1 16 17 is_stmt 1 view .LVU20
  93 000a 002B     		cmp	r3, #0
  94 000c FBD1     		bne	.L5
  20:KTimeSlice/list.c ****     }
  21:KTimeSlice/list.c **** 
ARM GAS  C:\Users\Toubidou\AppData\Local\Temp\ccMtSm8D.s 			page 3


  22:KTimeSlice/list.c ****     return len;
  95              		.loc 1 22 5 view .LVU21
  23:KTimeSlice/list.c **** }
  96              		.loc 1 23 1 is_stmt 0 view .LVU22
  97 000e 7047     		bx	lr
  98              		.cfi_endproc
  99              	.LFE138:
 101              		.section	.text.list_remove,"ax",%progbits
 102              		.align	1
 103              		.global	list_remove
 104              		.syntax unified
 105              		.thumb
 106              		.thumb_func
 108              	list_remove:
 109              	.LVL8:
 110              	.LFB139:
  24:KTimeSlice/list.c **** 
  25:KTimeSlice/list.c **** ListNode *list_remove(ListNode *l, ListNode *n)
  26:KTimeSlice/list.c **** {
 111              		.loc 1 26 1 is_stmt 1 view -0
 112              		.cfi_startproc
 113              		@ args = 0, pretend = 0, frame = 0
 114              		@ frame_needed = 0, uses_anonymous_args = 0
 115              		@ link register save eliminated.
  27:KTimeSlice/list.c ****     /* remove slist head */
  28:KTimeSlice/list.c ****     ListNode *node = l;
 116              		.loc 1 28 5 view .LVU24
  29:KTimeSlice/list.c ****     while (node->next && node->next != n) node = node->next;
 117              		.loc 1 29 5 view .LVU25
  28:KTimeSlice/list.c ****     while (node->next && node->next != n) node = node->next;
 118              		.loc 1 28 15 is_stmt 0 view .LVU26
 119 0000 0346     		mov	r3, r0
 120              	.LVL9:
 121              	.L8:
 122              		.loc 1 29 23 is_stmt 1 discriminator 1 view .LVU27
 123 0002 1A46     		mov	r2, r3
 124              		.loc 1 29 16 is_stmt 0 discriminator 1 view .LVU28
 125 0004 1B68     		ldr	r3, [r3]
 126              	.LVL10:
 127              		.loc 1 29 23 discriminator 1 view .LVU29
 128 0006 0BB1     		cbz	r3, .L7
 129              		.loc 1 29 23 discriminator 2 view .LVU30
 130 0008 8B42     		cmp	r3, r1
 131 000a FAD1     		bne	.L8
 132              	.L7:
  30:KTimeSlice/list.c **** 
  31:KTimeSlice/list.c ****     /* remove node */
  32:KTimeSlice/list.c ****     if (node->next != (ListNode *)0) node->next = node->next->next;
 133              		.loc 1 32 5 is_stmt 1 view .LVU31
 134              		.loc 1 32 8 is_stmt 0 view .LVU32
 135 000c 0BB1     		cbz	r3, .L9
 136              		.loc 1 32 38 is_stmt 1 discriminator 1 view .LVU33
 137              		.loc 1 32 61 is_stmt 0 discriminator 1 view .LVU34
 138 000e 1B68     		ldr	r3, [r3]
 139              		.loc 1 32 49 discriminator 1 view .LVU35
 140 0010 1360     		str	r3, [r2]
 141              	.L9:
ARM GAS  C:\Users\Toubidou\AppData\Local\Temp\ccMtSm8D.s 			page 4


  33:KTimeSlice/list.c **** 
  34:KTimeSlice/list.c ****     return l;
 142              		.loc 1 34 5 is_stmt 1 view .LVU36
  35:KTimeSlice/list.c **** }...
 143              		.loc 1 35 1 is_stmt 0 view .LVU37
 144 0012 7047     		bx	lr
 145              		.cfi_endproc
 146              	.LFE139:
 148              		.text
 149              	.Letext0:
 150              		.file 2 "KTimeSlice/list.h"
ARM GAS  C:\Users\Toubidou\AppData\Local\Temp\ccMtSm8D.s 			page 5


DEFINED SYMBOLS
                            *ABS*:00000000 list.c
C:\Users\Toubidou\AppData\Local\Temp\ccMtSm8D.s:21     .text.list_append:00000000 $t
C:\Users\Toubidou\AppData\Local\Temp\ccMtSm8D.s:27     .text.list_append:00000000 list_append
C:\Users\Toubidou\AppData\Local\Temp\ccMtSm8D.s:56     .text.list_get_len:00000000 $t
C:\Users\Toubidou\AppData\Local\Temp\ccMtSm8D.s:62     .text.list_get_len:00000000 list_get_len
C:\Users\Toubidou\AppData\Local\Temp\ccMtSm8D.s:102    .text.list_remove:00000000 $t
C:\Users\Toubidou\AppData\Local\Temp\ccMtSm8D.s:108    .text.list_remove:00000000 list_remove

NO UNDEFINED SYMBOLS
