ARM GAS  C:\Users\Toubidou\AppData\Local\Temp\ccvwndjA.s 			page 1


   1              		.cpu cortex-m4
   2              		.arch armv7e-m
   3              		.fpu fpv4-sp-d16
   4              		.eabi_attribute 27, 1
   5              		.eabi_attribute 28, 1
   6              		.eabi_attribute 20, 1
   7              		.eabi_attribute 21, 1
   8              		.eabi_attribute 23, 3
   9              		.eabi_attribute 24, 1
  10              		.eabi_attribute 25, 1
  11              		.eabi_attribute 26, 1
  12              		.eabi_attribute 30, 1
  13              		.eabi_attribute 34, 1
  14              		.eabi_attribute 18, 4
  15              		.file	"tim.c"
  16              		.text
  17              	.Ltext0:
  18              		.cfi_sections	.debug_frame
  19              		.file 1 "Core/Src/tim.c"
  20              		.section	.text.MX_TIM2_Init,"ax",%progbits
  21              		.align	1
  22              		.global	MX_TIM2_Init
  23              		.syntax unified
  24              		.thumb
  25              		.thumb_func
  27              	MX_TIM2_Init:
  28              	.LFB240:
   1:Core/Src/tim.c **** /* USER CODE BEGIN Header */
   2:Core/Src/tim.c **** /**
   3:Core/Src/tim.c ****   ******************************************************************************
   4:Core/Src/tim.c ****   * @file    tim.c
   5:Core/Src/tim.c ****   * @brief   This file provides code for the configuration
   6:Core/Src/tim.c ****   *          of the TIM instances.
   7:Core/Src/tim.c ****   ******************************************************************************
   8:Core/Src/tim.c ****   * @attention
   9:Core/Src/tim.c ****   *
  10:Core/Src/tim.c ****   * Copyright (c) 2026 STMicroelectronics.
  11:Core/Src/tim.c ****   * All rights reserved.
  12:Core/Src/tim.c ****   *
  13:Core/Src/tim.c ****   * This software is licensed under terms that can be found in the LICENSE file
  14:Core/Src/tim.c ****   * in the root directory of this software component.
  15:Core/Src/tim.c ****   * If no LICENSE file comes with this software, it is provided AS-IS.
  16:Core/Src/tim.c ****   *
  17:Core/Src/tim.c ****   ******************************************************************************
  18:Core/Src/tim.c ****   */
  19:Core/Src/tim.c **** /* USER CODE END Header */
  20:Core/Src/tim.c **** /* Includes ------------------------------------------------------------------*/
  21:Core/Src/tim.c **** #include "tim.h"
  22:Core/Src/tim.c **** 
  23:Core/Src/tim.c **** /* USER CODE BEGIN 0 */
  24:Core/Src/tim.c **** 
  25:Core/Src/tim.c **** /* USER CODE END 0 */
  26:Core/Src/tim.c **** 
  27:Core/Src/tim.c **** TIM_HandleTypeDef htim1;
  28:Core/Src/tim.c **** TIM_HandleTypeDef htim2;
  29:Core/Src/tim.c **** TIM_HandleTypeDef htim3;
  30:Core/Src/tim.c **** TIM_HandleTypeDef htim8;
ARM GAS  C:\Users\Toubidou\AppData\Local\Temp\ccvwndjA.s 			page 2


  31:Core/Src/tim.c **** 
  32:Core/Src/tim.c **** /* TIM1 init function */
  33:Core/Src/tim.c **** void MX_TIM1_Init(void)
  34:Core/Src/tim.c **** {
  35:Core/Src/tim.c **** 
  36:Core/Src/tim.c ****   /* USER CODE BEGIN TIM1_Init 0 */
  37:Core/Src/tim.c **** 
  38:Core/Src/tim.c ****   /* USER CODE END TIM1_Init 0 */
  39:Core/Src/tim.c **** 
  40:Core/Src/tim.c ****   TIM_MasterConfigTypeDef sMasterConfig = {0};
  41:Core/Src/tim.c ****   TIM_OC_InitTypeDef sConfigOC = {0};
  42:Core/Src/tim.c ****   TIM_BreakDeadTimeConfigTypeDef sBreakDeadTimeConfig = {0};
  43:Core/Src/tim.c **** 
  44:Core/Src/tim.c ****   /* USER CODE BEGIN TIM1_Init 1 */
  45:Core/Src/tim.c **** 
  46:Core/Src/tim.c ****   /* USER CODE END TIM1_Init 1 */
  47:Core/Src/tim.c ****   htim1.Instance = TIM1;
  48:Core/Src/tim.c ****   htim1.Init.Prescaler = 0;
  49:Core/Src/tim.c ****   htim1.Init.CounterMode = TIM_COUNTERMODE_UP;
  50:Core/Src/tim.c ****   htim1.Init.Period = 8399;
  51:Core/Src/tim.c ****   htim1.Init.ClockDivision = TIM_CLOCKDIVISION_DIV1;
  52:Core/Src/tim.c ****   htim1.Init.RepetitionCounter = 0;
  53:Core/Src/tim.c ****   htim1.Init.AutoReloadPreload = TIM_AUTORELOAD_PRELOAD_DISABLE;
  54:Core/Src/tim.c ****   if (HAL_TIM_PWM_Init(&htim1) != HAL_OK)
  55:Core/Src/tim.c ****   {
  56:Core/Src/tim.c ****     Error_Handler();
  57:Core/Src/tim.c ****   }
  58:Core/Src/tim.c ****   sMasterConfig.MasterOutputTrigger = TIM_TRGO_RESET;
  59:Core/Src/tim.c ****   sMasterConfig.MasterSlaveMode = TIM_MASTERSLAVEMODE_DISABLE;
  60:Core/Src/tim.c ****   if (HAL_TIMEx_MasterConfigSynchronization(&htim1, &sMasterConfig) != HAL_OK)
  61:Core/Src/tim.c ****   {
  62:Core/Src/tim.c ****     Error_Handler();
  63:Core/Src/tim.c ****   }
  64:Core/Src/tim.c ****   sConfigOC.OCMode = TIM_OCMODE_PWM1;
  65:Core/Src/tim.c ****   sConfigOC.Pulse = 0;
  66:Core/Src/tim.c ****   sConfigOC.OCPolarity = TIM_OCPOLARITY_HIGH;
  67:Core/Src/tim.c ****   sConfigOC.OCNPolarity = TIM_OCNPOLARITY_HIGH;
  68:Core/Src/tim.c ****   sConfigOC.OCFastMode = TIM_OCFAST_DISABLE;
  69:Core/Src/tim.c ****   sConfigOC.OCIdleState = TIM_OCIDLESTATE_RESET;
  70:Core/Src/tim.c ****   sConfigOC.OCNIdleState = TIM_OCNIDLESTATE_RESET;
  71:Core/Src/tim.c ****   if (HAL_TIM_PWM_ConfigChannel(&htim1, &sConfigOC, TIM_CHANNEL_2) != HAL_OK)
  72:Core/Src/tim.c ****   {
  73:Core/Src/tim.c ****     Error_Handler();
  74:Core/Src/tim.c ****   }
  75:Core/Src/tim.c ****   sBreakDeadTimeConfig.OffStateRunMode = TIM_OSSR_DISABLE;
  76:Core/Src/tim.c ****   sBreakDeadTimeConfig.OffStateIDLEMode = TIM_OSSI_DISABLE;
  77:Core/Src/tim.c ****   sBreakDeadTimeConfig.LockLevel = TIM_LOCKLEVEL_OFF;
  78:Core/Src/tim.c ****   sBreakDeadTimeConfig.DeadTime = 0;
  79:Core/Src/tim.c ****   sBreakDeadTimeConfig.BreakState = TIM_BREAK_DISABLE;
  80:Core/Src/tim.c ****   sBreakDeadTimeConfig.BreakPolarity = TIM_BREAKPOLARITY_HIGH;
  81:Core/Src/tim.c ****   sBreakDeadTimeConfig.AutomaticOutput = TIM_AUTOMATICOUTPUT_DISABLE;
  82:Core/Src/tim.c ****   if (HAL_TIMEx_ConfigBreakDeadTime(&htim1, &sBreakDeadTimeConfig) != HAL_OK)
  83:Core/Src/tim.c ****   {
  84:Core/Src/tim.c ****     Error_Handler();
  85:Core/Src/tim.c ****   }
  86:Core/Src/tim.c ****   /* USER CODE BEGIN TIM1_Init 2 */
  87:Core/Src/tim.c **** 
ARM GAS  C:\Users\Toubidou\AppData\Local\Temp\ccvwndjA.s 			page 3


  88:Core/Src/tim.c ****   /* USER CODE END TIM1_Init 2 */
  89:Core/Src/tim.c ****   HAL_TIM_MspPostInit(&htim1);
  90:Core/Src/tim.c **** 
  91:Core/Src/tim.c **** }
  92:Core/Src/tim.c **** /* TIM2 init function */
  93:Core/Src/tim.c **** void MX_TIM2_Init(void)
  94:Core/Src/tim.c **** {
  29              		.loc 1 94 1 view -0
  30              		.cfi_startproc
  31              		@ args = 0, pretend = 0, frame = 48
  32              		@ frame_needed = 0, uses_anonymous_args = 0
  33 0000 10B5     		push	{r4, lr}
  34              	.LCFI0:
  35              		.cfi_def_cfa_offset 8
  36              		.cfi_offset 4, -8
  37              		.cfi_offset 14, -4
  38 0002 8CB0     		sub	sp, sp, #48
  39              	.LCFI1:
  40              		.cfi_def_cfa_offset 56
  95:Core/Src/tim.c **** 
  96:Core/Src/tim.c ****   /* USER CODE BEGIN TIM2_Init 0 */
  97:Core/Src/tim.c **** 
  98:Core/Src/tim.c ****   /* USER CODE END TIM2_Init 0 */
  99:Core/Src/tim.c **** 
 100:Core/Src/tim.c ****   TIM_Encoder_InitTypeDef sConfig = {0};
  41              		.loc 1 100 3 view .LVU1
  42              		.loc 1 100 27 is_stmt 0 view .LVU2
  43 0004 03AC     		add	r4, sp, #12
  44 0006 2422     		movs	r2, #36
  45 0008 0021     		movs	r1, #0
  46 000a 2046     		mov	r0, r4
  47 000c FFF7FEFF 		bl	memset
  48              	.LVL0:
 101:Core/Src/tim.c ****   TIM_MasterConfigTypeDef sMasterConfig = {0};
  49              		.loc 1 101 3 is_stmt 1 view .LVU3
  50              		.loc 1 101 27 is_stmt 0 view .LVU4
  51 0010 0023     		movs	r3, #0
  52 0012 0193     		str	r3, [sp, #4]
  53 0014 0293     		str	r3, [sp, #8]
 102:Core/Src/tim.c **** 
 103:Core/Src/tim.c ****   /* USER CODE BEGIN TIM2_Init 1 */
 104:Core/Src/tim.c **** 
 105:Core/Src/tim.c ****   /* USER CODE END TIM2_Init 1 */
 106:Core/Src/tim.c ****   htim2.Instance = TIM2;
  54              		.loc 1 106 3 is_stmt 1 view .LVU5
  55              		.loc 1 106 18 is_stmt 0 view .LVU6
  56 0016 1248     		ldr	r0, .L7
  57 0018 4FF08042 		mov	r2, #1073741824
  58 001c 0260     		str	r2, [r0]
 107:Core/Src/tim.c ****   htim2.Init.Prescaler = 0;
  59              		.loc 1 107 3 is_stmt 1 view .LVU7
  60              		.loc 1 107 24 is_stmt 0 view .LVU8
  61 001e 4360     		str	r3, [r0, #4]
 108:Core/Src/tim.c ****   htim2.Init.CounterMode = TIM_COUNTERMODE_UP;
  62              		.loc 1 108 3 is_stmt 1 view .LVU9
  63              		.loc 1 108 26 is_stmt 0 view .LVU10
  64 0020 8360     		str	r3, [r0, #8]
ARM GAS  C:\Users\Toubidou\AppData\Local\Temp\ccvwndjA.s 			page 4


 109:Core/Src/tim.c ****   htim2.Init.Period = 4294967295;
  65              		.loc 1 109 3 is_stmt 1 view .LVU11
  66              		.loc 1 109 21 is_stmt 0 view .LVU12
  67 0022 4FF0FF32 		mov	r2, #-1
  68 0026 C260     		str	r2, [r0, #12]
 110:Core/Src/tim.c ****   htim2.Init.ClockDivision = TIM_CLOCKDIVISION_DIV1;
  69              		.loc 1 110 3 is_stmt 1 view .LVU13
  70              		.loc 1 110 28 is_stmt 0 view .LVU14
  71 0028 0361     		str	r3, [r0, #16]
 111:Core/Src/tim.c ****   htim2.Init.AutoReloadPreload = TIM_AUTORELOAD_PRELOAD_DISABLE;
  72              		.loc 1 111 3 is_stmt 1 view .LVU15
  73              		.loc 1 111 32 is_stmt 0 view .LVU16
  74 002a 8361     		str	r3, [r0, #24]
 112:Core/Src/tim.c ****   sConfig.EncoderMode = TIM_ENCODERMODE_TI12;
  75              		.loc 1 112 3 is_stmt 1 view .LVU17
  76              		.loc 1 112 23 is_stmt 0 view .LVU18
  77 002c 0323     		movs	r3, #3
  78 002e 0393     		str	r3, [sp, #12]
 113:Core/Src/tim.c ****   sConfig.IC1Polarity = TIM_ICPOLARITY_RISING;
  79              		.loc 1 113 3 is_stmt 1 view .LVU19
 114:Core/Src/tim.c ****   sConfig.IC1Selection = TIM_ICSELECTION_DIRECTTI;
  80              		.loc 1 114 3 view .LVU20
  81              		.loc 1 114 24 is_stmt 0 view .LVU21
  82 0030 0123     		movs	r3, #1
  83 0032 0593     		str	r3, [sp, #20]
 115:Core/Src/tim.c ****   sConfig.IC1Prescaler = TIM_ICPSC_DIV1;
  84              		.loc 1 115 3 is_stmt 1 view .LVU22
 116:Core/Src/tim.c ****   sConfig.IC1Filter = 0;
  85              		.loc 1 116 3 view .LVU23
 117:Core/Src/tim.c ****   sConfig.IC2Polarity = TIM_ICPOLARITY_RISING;
  86              		.loc 1 117 3 view .LVU24
 118:Core/Src/tim.c ****   sConfig.IC2Selection = TIM_ICSELECTION_DIRECTTI;
  87              		.loc 1 118 3 view .LVU25
  88              		.loc 1 118 24 is_stmt 0 view .LVU26
  89 0034 0993     		str	r3, [sp, #36]
 119:Core/Src/tim.c ****   sConfig.IC2Prescaler = TIM_ICPSC_DIV1;
  90              		.loc 1 119 3 is_stmt 1 view .LVU27
 120:Core/Src/tim.c ****   sConfig.IC2Filter = 0;
  91              		.loc 1 120 3 view .LVU28
 121:Core/Src/tim.c ****   if (HAL_TIM_Encoder_Init(&htim2, &sConfig) != HAL_OK)
  92              		.loc 1 121 3 view .LVU29
  93              		.loc 1 121 7 is_stmt 0 view .LVU30
  94 0036 2146     		mov	r1, r4
  95 0038 FFF7FEFF 		bl	HAL_TIM_Encoder_Init
  96              	.LVL1:
  97              		.loc 1 121 6 discriminator 1 view .LVU31
  98 003c 48B9     		cbnz	r0, .L5
  99              	.L2:
 122:Core/Src/tim.c ****   {
 123:Core/Src/tim.c ****     Error_Handler();
 124:Core/Src/tim.c ****   }
 125:Core/Src/tim.c ****   sMasterConfig.MasterOutputTrigger = TIM_TRGO_RESET;
 100              		.loc 1 125 3 is_stmt 1 view .LVU32
 101              		.loc 1 125 37 is_stmt 0 view .LVU33
 102 003e 0023     		movs	r3, #0
 103 0040 0193     		str	r3, [sp, #4]
 126:Core/Src/tim.c ****   sMasterConfig.MasterSlaveMode = TIM_MASTERSLAVEMODE_DISABLE;
ARM GAS  C:\Users\Toubidou\AppData\Local\Temp\ccvwndjA.s 			page 5


 104              		.loc 1 126 3 is_stmt 1 view .LVU34
 105              		.loc 1 126 33 is_stmt 0 view .LVU35
 106 0042 0293     		str	r3, [sp, #8]
 127:Core/Src/tim.c ****   if (HAL_TIMEx_MasterConfigSynchronization(&htim2, &sMasterConfig) != HAL_OK)
 107              		.loc 1 127 3 is_stmt 1 view .LVU36
 108              		.loc 1 127 7 is_stmt 0 view .LVU37
 109 0044 01A9     		add	r1, sp, #4
 110 0046 0648     		ldr	r0, .L7
 111 0048 FFF7FEFF 		bl	HAL_TIMEx_MasterConfigSynchronization
 112              	.LVL2:
 113              		.loc 1 127 6 discriminator 1 view .LVU38
 114 004c 20B9     		cbnz	r0, .L6
 115              	.L1:
 128:Core/Src/tim.c ****   {
 129:Core/Src/tim.c ****     Error_Handler();
 130:Core/Src/tim.c ****   }
 131:Core/Src/tim.c ****   /* USER CODE BEGIN TIM2_Init 2 */
 132:Core/Src/tim.c **** 
 133:Core/Src/tim.c ****   /* USER CODE END TIM2_Init 2 */
 134:Core/Src/tim.c **** 
 135:Core/Src/tim.c **** }
 116              		.loc 1 135 1 view .LVU39
 117 004e 0CB0     		add	sp, sp, #48
 118              	.LCFI2:
 119              		.cfi_remember_state
 120              		.cfi_def_cfa_offset 8
 121              		@ sp needed
 122 0050 10BD     		pop	{r4, pc}
 123              	.L5:
 124              	.LCFI3:
 125              		.cfi_restore_state
 123:Core/Src/tim.c ****   }
 126              		.loc 1 123 5 is_stmt 1 view .LVU40
 127 0052 FFF7FEFF 		bl	Error_Handler
 128              	.LVL3:
 129 0056 F2E7     		b	.L2
 130              	.L6:
 129:Core/Src/tim.c ****   }
 131              		.loc 1 129 5 view .LVU41
 132 0058 FFF7FEFF 		bl	Error_Handler
 133              	.LVL4:
 134              		.loc 1 135 1 is_stmt 0 view .LVU42
 135 005c F7E7     		b	.L1
 136              	.L8:
 137 005e 00BF     		.align	2
 138              	.L7:
 139 0060 00000000 		.word	htim2
 140              		.cfi_endproc
 141              	.LFE240:
 143              		.section	.text.MX_TIM3_Init,"ax",%progbits
 144              		.align	1
 145              		.global	MX_TIM3_Init
 146              		.syntax unified
 147              		.thumb
 148              		.thumb_func
 150              	MX_TIM3_Init:
 151              	.LFB241:
ARM GAS  C:\Users\Toubidou\AppData\Local\Temp\ccvwndjA.s 			page 6


 136:Core/Src/tim.c **** /* TIM3 init function */
 137:Core/Src/tim.c **** void MX_TIM3_Init(void)
 138:Core/Src/tim.c **** {
 152              		.loc 1 138 1 is_stmt 1 view -0
 153              		.cfi_startproc
 154              		@ args = 0, pretend = 0, frame = 48
 155              		@ frame_needed = 0, uses_anonymous_args = 0
 156 0000 10B5     		push	{r4, lr}
 157              	.LCFI4:
 158              		.cfi_def_cfa_offset 8
 159              		.cfi_offset 4, -8
 160              		.cfi_offset 14, -4
 161 0002 8CB0     		sub	sp, sp, #48
 162              	.LCFI5:
 163              		.cfi_def_cfa_offset 56
 139:Core/Src/tim.c **** 
 140:Core/Src/tim.c ****   /* USER CODE BEGIN TIM3_Init 0 */
 141:Core/Src/tim.c **** 
 142:Core/Src/tim.c ****   /* USER CODE END TIM3_Init 0 */
 143:Core/Src/tim.c **** 
 144:Core/Src/tim.c ****   TIM_Encoder_InitTypeDef sConfig = {0};
 164              		.loc 1 144 3 view .LVU44
 165              		.loc 1 144 27 is_stmt 0 view .LVU45
 166 0004 03AC     		add	r4, sp, #12
 167 0006 2422     		movs	r2, #36
 168 0008 0021     		movs	r1, #0
 169 000a 2046     		mov	r0, r4
 170 000c FFF7FEFF 		bl	memset
 171              	.LVL5:
 145:Core/Src/tim.c ****   TIM_MasterConfigTypeDef sMasterConfig = {0};
 172              		.loc 1 145 3 is_stmt 1 view .LVU46
 173              		.loc 1 145 27 is_stmt 0 view .LVU47
 174 0010 0023     		movs	r3, #0
 175 0012 0193     		str	r3, [sp, #4]
 176 0014 0293     		str	r3, [sp, #8]
 146:Core/Src/tim.c **** 
 147:Core/Src/tim.c ****   /* USER CODE BEGIN TIM3_Init 1 */
 148:Core/Src/tim.c **** 
 149:Core/Src/tim.c ****   /* USER CODE END TIM3_Init 1 */
 150:Core/Src/tim.c ****   htim3.Instance = TIM3;
 177              		.loc 1 150 3 is_stmt 1 view .LVU48
 178              		.loc 1 150 18 is_stmt 0 view .LVU49
 179 0016 1148     		ldr	r0, .L15
 180 0018 114A     		ldr	r2, .L15+4
 181 001a 0260     		str	r2, [r0]
 151:Core/Src/tim.c ****   htim3.Init.Prescaler = 0;
 182              		.loc 1 151 3 is_stmt 1 view .LVU50
 183              		.loc 1 151 24 is_stmt 0 view .LVU51
 184 001c 4360     		str	r3, [r0, #4]
 152:Core/Src/tim.c ****   htim3.Init.CounterMode = TIM_COUNTERMODE_UP;
 185              		.loc 1 152 3 is_stmt 1 view .LVU52
 186              		.loc 1 152 26 is_stmt 0 view .LVU53
 187 001e 8360     		str	r3, [r0, #8]
 153:Core/Src/tim.c ****   htim3.Init.Period = 65535;
 188              		.loc 1 153 3 is_stmt 1 view .LVU54
 189              		.loc 1 153 21 is_stmt 0 view .LVU55
 190 0020 4FF6FF72 		movw	r2, #65535
ARM GAS  C:\Users\Toubidou\AppData\Local\Temp\ccvwndjA.s 			page 7


 191 0024 C260     		str	r2, [r0, #12]
 154:Core/Src/tim.c ****   htim3.Init.ClockDivision = TIM_CLOCKDIVISION_DIV1;
 192              		.loc 1 154 3 is_stmt 1 view .LVU56
 193              		.loc 1 154 28 is_stmt 0 view .LVU57
 194 0026 0361     		str	r3, [r0, #16]
 155:Core/Src/tim.c ****   htim3.Init.AutoReloadPreload = TIM_AUTORELOAD_PRELOAD_DISABLE;
 195              		.loc 1 155 3 is_stmt 1 view .LVU58
 196              		.loc 1 155 32 is_stmt 0 view .LVU59
 197 0028 8361     		str	r3, [r0, #24]
 156:Core/Src/tim.c ****   sConfig.EncoderMode = TIM_ENCODERMODE_TI12;
 198              		.loc 1 156 3 is_stmt 1 view .LVU60
 199              		.loc 1 156 23 is_stmt 0 view .LVU61
 200 002a 0323     		movs	r3, #3
 201 002c 0393     		str	r3, [sp, #12]
 157:Core/Src/tim.c ****   sConfig.IC1Polarity = TIM_ICPOLARITY_RISING;
 202              		.loc 1 157 3 is_stmt 1 view .LVU62
 158:Core/Src/tim.c ****   sConfig.IC1Selection = TIM_ICSELECTION_DIRECTTI;
 203              		.loc 1 158 3 view .LVU63
 204              		.loc 1 158 24 is_stmt 0 view .LVU64
 205 002e 0123     		movs	r3, #1
 206 0030 0593     		str	r3, [sp, #20]
 159:Core/Src/tim.c ****   sConfig.IC1Prescaler = TIM_ICPSC_DIV1;
 207              		.loc 1 159 3 is_stmt 1 view .LVU65
 160:Core/Src/tim.c ****   sConfig.IC1Filter = 0;
 208              		.loc 1 160 3 view .LVU66
 161:Core/Src/tim.c ****   sConfig.IC2Polarity = TIM_ICPOLARITY_RISING;
 209              		.loc 1 161 3 view .LVU67
 162:Core/Src/tim.c ****   sConfig.IC2Selection = TIM_ICSELECTION_DIRECTTI;
 210              		.loc 1 162 3 view .LVU68
 211              		.loc 1 162 24 is_stmt 0 view .LVU69
 212 0032 0993     		str	r3, [sp, #36]
 163:Core/Src/tim.c ****   sConfig.IC2Prescaler = TIM_ICPSC_DIV1;
 213              		.loc 1 163 3 is_stmt 1 view .LVU70
 164:Core/Src/tim.c ****   sConfig.IC2Filter = 0;
 214              		.loc 1 164 3 view .LVU71
 165:Core/Src/tim.c ****   if (HAL_TIM_Encoder_Init(&htim3, &sConfig) != HAL_OK)
 215              		.loc 1 165 3 view .LVU72
 216              		.loc 1 165 7 is_stmt 0 view .LVU73
 217 0034 2146     		mov	r1, r4
 218 0036 FFF7FEFF 		bl	HAL_TIM_Encoder_Init
 219              	.LVL6:
 220              		.loc 1 165 6 discriminator 1 view .LVU74
 221 003a 48B9     		cbnz	r0, .L13
 222              	.L10:
 166:Core/Src/tim.c ****   {
 167:Core/Src/tim.c ****     Error_Handler();
 168:Core/Src/tim.c ****   }
 169:Core/Src/tim.c ****   sMasterConfig.MasterOutputTrigger = TIM_TRGO_RESET;
 223              		.loc 1 169 3 is_stmt 1 view .LVU75
 224              		.loc 1 169 37 is_stmt 0 view .LVU76
 225 003c 0023     		movs	r3, #0
 226 003e 0193     		str	r3, [sp, #4]
 170:Core/Src/tim.c ****   sMasterConfig.MasterSlaveMode = TIM_MASTERSLAVEMODE_DISABLE;
 227              		.loc 1 170 3 is_stmt 1 view .LVU77
 228              		.loc 1 170 33 is_stmt 0 view .LVU78
 229 0040 0293     		str	r3, [sp, #8]
 171:Core/Src/tim.c ****   if (HAL_TIMEx_MasterConfigSynchronization(&htim3, &sMasterConfig) != HAL_OK)
ARM GAS  C:\Users\Toubidou\AppData\Local\Temp\ccvwndjA.s 			page 8


 230              		.loc 1 171 3 is_stmt 1 view .LVU79
 231              		.loc 1 171 7 is_stmt 0 view .LVU80
 232 0042 01A9     		add	r1, sp, #4
 233 0044 0548     		ldr	r0, .L15
 234 0046 FFF7FEFF 		bl	HAL_TIMEx_MasterConfigSynchronization
 235              	.LVL7:
 236              		.loc 1 171 6 discriminator 1 view .LVU81
 237 004a 20B9     		cbnz	r0, .L14
 238              	.L9:
 172:Core/Src/tim.c ****   {
 173:Core/Src/tim.c ****     Error_Handler();
 174:Core/Src/tim.c ****   }
 175:Core/Src/tim.c ****   /* USER CODE BEGIN TIM3_Init 2 */
 176:Core/Src/tim.c **** 
 177:Core/Src/tim.c ****   /* USER CODE END TIM3_Init 2 */
 178:Core/Src/tim.c **** 
 179:Core/Src/tim.c **** }
 239              		.loc 1 179 1 view .LVU82
 240 004c 0CB0     		add	sp, sp, #48
 241              	.LCFI6:
 242              		.cfi_remember_state
 243              		.cfi_def_cfa_offset 8
 244              		@ sp needed
 245 004e 10BD     		pop	{r4, pc}
 246              	.L13:
 247              	.LCFI7:
 248              		.cfi_restore_state
 167:Core/Src/tim.c ****   }
 249              		.loc 1 167 5 is_stmt 1 view .LVU83
 250 0050 FFF7FEFF 		bl	Error_Handler
 251              	.LVL8:
 252 0054 F2E7     		b	.L10
 253              	.L14:
 173:Core/Src/tim.c ****   }
 254              		.loc 1 173 5 view .LVU84
 255 0056 FFF7FEFF 		bl	Error_Handler
 256              	.LVL9:
 257              		.loc 1 179 1 is_stmt 0 view .LVU85
 258 005a F7E7     		b	.L9
 259              	.L16:
 260              		.align	2
 261              	.L15:
 262 005c 00000000 		.word	htim3
 263 0060 00040040 		.word	1073742848
 264              		.cfi_endproc
 265              	.LFE241:
 267              		.section	.text.HAL_TIM_PWM_MspInit,"ax",%progbits
 268              		.align	1
 269              		.global	HAL_TIM_PWM_MspInit
 270              		.syntax unified
 271              		.thumb
 272              		.thumb_func
 274              	HAL_TIM_PWM_MspInit:
 275              	.LVL10:
 276              	.LFB243:
 180:Core/Src/tim.c **** /* TIM8 init function */
 181:Core/Src/tim.c **** void MX_TIM8_Init(void)
ARM GAS  C:\Users\Toubidou\AppData\Local\Temp\ccvwndjA.s 			page 9


 182:Core/Src/tim.c **** {
 183:Core/Src/tim.c **** 
 184:Core/Src/tim.c ****   /* USER CODE BEGIN TIM8_Init 0 */
 185:Core/Src/tim.c **** 
 186:Core/Src/tim.c ****   /* USER CODE END TIM8_Init 0 */
 187:Core/Src/tim.c **** 
 188:Core/Src/tim.c ****   TIM_MasterConfigTypeDef sMasterConfig = {0};
 189:Core/Src/tim.c ****   TIM_OC_InitTypeDef sConfigOC = {0};
 190:Core/Src/tim.c ****   TIM_BreakDeadTimeConfigTypeDef sBreakDeadTimeConfig = {0};
 191:Core/Src/tim.c **** 
 192:Core/Src/tim.c ****   /* USER CODE BEGIN TIM8_Init 1 */
 193:Core/Src/tim.c **** 
 194:Core/Src/tim.c ****   /* USER CODE END TIM8_Init 1 */
 195:Core/Src/tim.c ****   htim8.Instance = TIM8;
 196:Core/Src/tim.c ****   htim8.Init.Prescaler = 0;
 197:Core/Src/tim.c ****   htim8.Init.CounterMode = TIM_COUNTERMODE_UP;
 198:Core/Src/tim.c ****   htim8.Init.Period = 8399;
 199:Core/Src/tim.c ****   htim8.Init.ClockDivision = TIM_CLOCKDIVISION_DIV1;
 200:Core/Src/tim.c ****   htim8.Init.RepetitionCounter = 0;
 201:Core/Src/tim.c ****   htim8.Init.AutoReloadPreload = TIM_AUTORELOAD_PRELOAD_DISABLE;
 202:Core/Src/tim.c ****   if (HAL_TIM_PWM_Init(&htim8) != HAL_OK)
 203:Core/Src/tim.c ****   {
 204:Core/Src/tim.c ****     Error_Handler();
 205:Core/Src/tim.c ****   }
 206:Core/Src/tim.c ****   sMasterConfig.MasterOutputTrigger = TIM_TRGO_RESET;
 207:Core/Src/tim.c ****   sMasterConfig.MasterSlaveMode = TIM_MASTERSLAVEMODE_DISABLE;
 208:Core/Src/tim.c ****   if (HAL_TIMEx_MasterConfigSynchronization(&htim8, &sMasterConfig) != HAL_OK)
 209:Core/Src/tim.c ****   {
 210:Core/Src/tim.c ****     Error_Handler();
 211:Core/Src/tim.c ****   }
 212:Core/Src/tim.c ****   sConfigOC.OCMode = TIM_OCMODE_PWM1;
 213:Core/Src/tim.c ****   sConfigOC.Pulse = 0;
 214:Core/Src/tim.c ****   sConfigOC.OCPolarity = TIM_OCPOLARITY_HIGH;
 215:Core/Src/tim.c ****   sConfigOC.OCNPolarity = TIM_OCNPOLARITY_HIGH;
 216:Core/Src/tim.c ****   sConfigOC.OCFastMode = TIM_OCFAST_DISABLE;
 217:Core/Src/tim.c ****   sConfigOC.OCIdleState = TIM_OCIDLESTATE_RESET;
 218:Core/Src/tim.c ****   sConfigOC.OCNIdleState = TIM_OCNIDLESTATE_RESET;
 219:Core/Src/tim.c ****   if (HAL_TIM_PWM_ConfigChannel(&htim8, &sConfigOC, TIM_CHANNEL_1) != HAL_OK)
 220:Core/Src/tim.c ****   {
 221:Core/Src/tim.c ****     Error_Handler();
 222:Core/Src/tim.c ****   }
 223:Core/Src/tim.c ****   sBreakDeadTimeConfig.OffStateRunMode = TIM_OSSR_DISABLE;
 224:Core/Src/tim.c ****   sBreakDeadTimeConfig.OffStateIDLEMode = TIM_OSSI_DISABLE;
 225:Core/Src/tim.c ****   sBreakDeadTimeConfig.LockLevel = TIM_LOCKLEVEL_OFF;
 226:Core/Src/tim.c ****   sBreakDeadTimeConfig.DeadTime = 0;
 227:Core/Src/tim.c ****   sBreakDeadTimeConfig.BreakState = TIM_BREAK_DISABLE;
 228:Core/Src/tim.c ****   sBreakDeadTimeConfig.BreakPolarity = TIM_BREAKPOLARITY_HIGH;
 229:Core/Src/tim.c ****   sBreakDeadTimeConfig.AutomaticOutput = TIM_AUTOMATICOUTPUT_DISABLE;
 230:Core/Src/tim.c ****   if (HAL_TIMEx_ConfigBreakDeadTime(&htim8, &sBreakDeadTimeConfig) != HAL_OK)
 231:Core/Src/tim.c ****   {
 232:Core/Src/tim.c ****     Error_Handler();
 233:Core/Src/tim.c ****   }
 234:Core/Src/tim.c ****   /* USER CODE BEGIN TIM8_Init 2 */
 235:Core/Src/tim.c **** 
 236:Core/Src/tim.c ****   /* USER CODE END TIM8_Init 2 */
 237:Core/Src/tim.c ****   HAL_TIM_MspPostInit(&htim8);
 238:Core/Src/tim.c **** 
ARM GAS  C:\Users\Toubidou\AppData\Local\Temp\ccvwndjA.s 			page 10


 239:Core/Src/tim.c **** }
 240:Core/Src/tim.c **** 
 241:Core/Src/tim.c **** void HAL_TIM_PWM_MspInit(TIM_HandleTypeDef* tim_pwmHandle)
 242:Core/Src/tim.c **** {
 277              		.loc 1 242 1 is_stmt 1 view -0
 278              		.cfi_startproc
 279              		@ args = 0, pretend = 0, frame = 8
 280              		@ frame_needed = 0, uses_anonymous_args = 0
 281              		@ link register save eliminated.
 282              		.loc 1 242 1 is_stmt 0 view .LVU87
 283 0000 82B0     		sub	sp, sp, #8
 284              	.LCFI8:
 285              		.cfi_def_cfa_offset 8
 243:Core/Src/tim.c **** 
 244:Core/Src/tim.c ****   if(tim_pwmHandle->Instance==TIM1)
 286              		.loc 1 244 3 is_stmt 1 view .LVU88
 287              		.loc 1 244 19 is_stmt 0 view .LVU89
 288 0002 0368     		ldr	r3, [r0]
 289              		.loc 1 244 5 view .LVU90
 290 0004 104A     		ldr	r2, .L23
 291 0006 9342     		cmp	r3, r2
 292 0008 04D0     		beq	.L21
 245:Core/Src/tim.c ****   {
 246:Core/Src/tim.c ****   /* USER CODE BEGIN TIM1_MspInit 0 */
 247:Core/Src/tim.c **** 
 248:Core/Src/tim.c ****   /* USER CODE END TIM1_MspInit 0 */
 249:Core/Src/tim.c ****     /* TIM1 clock enable */
 250:Core/Src/tim.c ****     __HAL_RCC_TIM1_CLK_ENABLE();
 251:Core/Src/tim.c ****   /* USER CODE BEGIN TIM1_MspInit 1 */
 252:Core/Src/tim.c **** 
 253:Core/Src/tim.c ****   /* USER CODE END TIM1_MspInit 1 */
 254:Core/Src/tim.c ****   }
 255:Core/Src/tim.c ****   else if(tim_pwmHandle->Instance==TIM8)
 293              		.loc 1 255 8 is_stmt 1 view .LVU91
 294              		.loc 1 255 10 is_stmt 0 view .LVU92
 295 000a 104A     		ldr	r2, .L23+4
 296 000c 9342     		cmp	r3, r2
 297 000e 0ED0     		beq	.L22
 298              	.L17:
 256:Core/Src/tim.c ****   {
 257:Core/Src/tim.c ****   /* USER CODE BEGIN TIM8_MspInit 0 */
 258:Core/Src/tim.c **** 
 259:Core/Src/tim.c ****   /* USER CODE END TIM8_MspInit 0 */
 260:Core/Src/tim.c ****     /* TIM8 clock enable */
 261:Core/Src/tim.c ****     __HAL_RCC_TIM8_CLK_ENABLE();
 262:Core/Src/tim.c ****   /* USER CODE BEGIN TIM8_MspInit 1 */
 263:Core/Src/tim.c **** 
 264:Core/Src/tim.c ****   /* USER CODE END TIM8_MspInit 1 */
 265:Core/Src/tim.c ****   }
 266:Core/Src/tim.c **** }
 299              		.loc 1 266 1 view .LVU93
 300 0010 02B0     		add	sp, sp, #8
 301              	.LCFI9:
 302              		.cfi_remember_state
 303              		.cfi_def_cfa_offset 0
 304              		@ sp needed
 305 0012 7047     		bx	lr
ARM GAS  C:\Users\Toubidou\AppData\Local\Temp\ccvwndjA.s 			page 11


 306              	.L21:
 307              	.LCFI10:
 308              		.cfi_restore_state
 250:Core/Src/tim.c ****   /* USER CODE BEGIN TIM1_MspInit 1 */
 309              		.loc 1 250 5 is_stmt 1 view .LVU94
 310              	.LBB2:
 250:Core/Src/tim.c ****   /* USER CODE BEGIN TIM1_MspInit 1 */
 311              		.loc 1 250 5 view .LVU95
 312 0014 0023     		movs	r3, #0
 313 0016 0093     		str	r3, [sp]
 250:Core/Src/tim.c ****   /* USER CODE BEGIN TIM1_MspInit 1 */
 314              		.loc 1 250 5 view .LVU96
 315 0018 0D4B     		ldr	r3, .L23+8
 316 001a 5A6C     		ldr	r2, [r3, #68]
 317 001c 42F00102 		orr	r2, r2, #1
 318 0020 5A64     		str	r2, [r3, #68]
 250:Core/Src/tim.c ****   /* USER CODE BEGIN TIM1_MspInit 1 */
 319              		.loc 1 250 5 view .LVU97
 320 0022 5B6C     		ldr	r3, [r3, #68]
 321 0024 03F00103 		and	r3, r3, #1
 322 0028 0093     		str	r3, [sp]
 250:Core/Src/tim.c ****   /* USER CODE BEGIN TIM1_MspInit 1 */
 323              		.loc 1 250 5 view .LVU98
 324 002a 009B     		ldr	r3, [sp]
 325              	.LBE2:
 250:Core/Src/tim.c ****   /* USER CODE BEGIN TIM1_MspInit 1 */
 326              		.loc 1 250 5 view .LVU99
 327 002c F0E7     		b	.L17
 328              	.L22:
 261:Core/Src/tim.c ****   /* USER CODE BEGIN TIM8_MspInit 1 */
 329              		.loc 1 261 5 view .LVU100
 330              	.LBB3:
 261:Core/Src/tim.c ****   /* USER CODE BEGIN TIM8_MspInit 1 */
 331              		.loc 1 261 5 view .LVU101
 332 002e 0023     		movs	r3, #0
 333 0030 0193     		str	r3, [sp, #4]
 261:Core/Src/tim.c ****   /* USER CODE BEGIN TIM8_MspInit 1 */
 334              		.loc 1 261 5 view .LVU102
 335 0032 074B     		ldr	r3, .L23+8
 336 0034 5A6C     		ldr	r2, [r3, #68]
 337 0036 42F00202 		orr	r2, r2, #2
 338 003a 5A64     		str	r2, [r3, #68]
 261:Core/Src/tim.c ****   /* USER CODE BEGIN TIM8_MspInit 1 */
 339              		.loc 1 261 5 view .LVU103
 340 003c 5B6C     		ldr	r3, [r3, #68]
 341 003e 03F00203 		and	r3, r3, #2
 342 0042 0193     		str	r3, [sp, #4]
 261:Core/Src/tim.c ****   /* USER CODE BEGIN TIM8_MspInit 1 */
 343              		.loc 1 261 5 view .LVU104
 344 0044 019B     		ldr	r3, [sp, #4]
 345              	.LBE3:
 261:Core/Src/tim.c ****   /* USER CODE BEGIN TIM8_MspInit 1 */
 346              		.loc 1 261 5 view .LVU105
 347              		.loc 1 266 1 is_stmt 0 view .LVU106
 348 0046 E3E7     		b	.L17
 349              	.L24:
 350              		.align	2
ARM GAS  C:\Users\Toubidou\AppData\Local\Temp\ccvwndjA.s 			page 12


 351              	.L23:
 352 0048 00000140 		.word	1073807360
 353 004c 00040140 		.word	1073808384
 354 0050 00380240 		.word	1073887232
 355              		.cfi_endproc
 356              	.LFE243:
 358              		.section	.text.HAL_TIM_Encoder_MspInit,"ax",%progbits
 359              		.align	1
 360              		.global	HAL_TIM_Encoder_MspInit
 361              		.syntax unified
 362              		.thumb
 363              		.thumb_func
 365              	HAL_TIM_Encoder_MspInit:
 366              	.LVL11:
 367              	.LFB244:
 267:Core/Src/tim.c **** 
 268:Core/Src/tim.c **** void HAL_TIM_Encoder_MspInit(TIM_HandleTypeDef* tim_encoderHandle)
 269:Core/Src/tim.c **** {
 368              		.loc 1 269 1 is_stmt 1 view -0
 369              		.cfi_startproc
 370              		@ args = 0, pretend = 0, frame = 40
 371              		@ frame_needed = 0, uses_anonymous_args = 0
 372              		.loc 1 269 1 is_stmt 0 view .LVU108
 373 0000 00B5     		push	{lr}
 374              	.LCFI11:
 375              		.cfi_def_cfa_offset 4
 376              		.cfi_offset 14, -4
 377 0002 8BB0     		sub	sp, sp, #44
 378              	.LCFI12:
 379              		.cfi_def_cfa_offset 48
 270:Core/Src/tim.c **** 
 271:Core/Src/tim.c ****   GPIO_InitTypeDef GPIO_InitStruct = {0};
 380              		.loc 1 271 3 is_stmt 1 view .LVU109
 381              		.loc 1 271 20 is_stmt 0 view .LVU110
 382 0004 0023     		movs	r3, #0
 383 0006 0593     		str	r3, [sp, #20]
 384 0008 0693     		str	r3, [sp, #24]
 385 000a 0793     		str	r3, [sp, #28]
 386 000c 0893     		str	r3, [sp, #32]
 387 000e 0993     		str	r3, [sp, #36]
 272:Core/Src/tim.c ****   if(tim_encoderHandle->Instance==TIM2)
 388              		.loc 1 272 3 is_stmt 1 view .LVU111
 389              		.loc 1 272 23 is_stmt 0 view .LVU112
 390 0010 0368     		ldr	r3, [r0]
 391              		.loc 1 272 5 view .LVU113
 392 0012 B3F1804F 		cmp	r3, #1073741824
 393 0016 04D0     		beq	.L29
 273:Core/Src/tim.c ****   {
 274:Core/Src/tim.c ****   /* USER CODE BEGIN TIM2_MspInit 0 */
 275:Core/Src/tim.c **** 
 276:Core/Src/tim.c ****   /* USER CODE END TIM2_MspInit 0 */
 277:Core/Src/tim.c ****     /* TIM2 clock enable */
 278:Core/Src/tim.c ****     __HAL_RCC_TIM2_CLK_ENABLE();
 279:Core/Src/tim.c **** 
 280:Core/Src/tim.c ****     __HAL_RCC_GPIOA_CLK_ENABLE();
 281:Core/Src/tim.c ****     /**TIM2 GPIO Configuration
 282:Core/Src/tim.c ****     PA1     ------> TIM2_CH2
ARM GAS  C:\Users\Toubidou\AppData\Local\Temp\ccvwndjA.s 			page 13


 283:Core/Src/tim.c ****     PA5     ------> TIM2_CH1
 284:Core/Src/tim.c ****     */
 285:Core/Src/tim.c ****     GPIO_InitStruct.Pin = GPIO_PIN_1|GPIO_PIN_5;
 286:Core/Src/tim.c ****     GPIO_InitStruct.Mode = GPIO_MODE_AF_PP;
 287:Core/Src/tim.c ****     GPIO_InitStruct.Pull = GPIO_NOPULL;
 288:Core/Src/tim.c ****     GPIO_InitStruct.Speed = GPIO_SPEED_FREQ_LOW;
 289:Core/Src/tim.c ****     GPIO_InitStruct.Alternate = GPIO_AF1_TIM2;
 290:Core/Src/tim.c ****     HAL_GPIO_Init(GPIOA, &GPIO_InitStruct);
 291:Core/Src/tim.c **** 
 292:Core/Src/tim.c ****   /* USER CODE BEGIN TIM2_MspInit 1 */
 293:Core/Src/tim.c **** 
 294:Core/Src/tim.c ****   /* USER CODE END TIM2_MspInit 1 */
 295:Core/Src/tim.c ****   }
 296:Core/Src/tim.c ****   else if(tim_encoderHandle->Instance==TIM3)
 394              		.loc 1 296 8 is_stmt 1 view .LVU114
 395              		.loc 1 296 10 is_stmt 0 view .LVU115
 396 0018 234A     		ldr	r2, .L31
 397 001a 9342     		cmp	r3, r2
 398 001c 23D0     		beq	.L30
 399              	.LVL12:
 400              	.L25:
 297:Core/Src/tim.c ****   {
 298:Core/Src/tim.c ****   /* USER CODE BEGIN TIM3_MspInit 0 */
 299:Core/Src/tim.c **** 
 300:Core/Src/tim.c ****   /* USER CODE END TIM3_MspInit 0 */
 301:Core/Src/tim.c ****     /* TIM3 clock enable */
 302:Core/Src/tim.c ****     __HAL_RCC_TIM3_CLK_ENABLE();
 303:Core/Src/tim.c **** 
 304:Core/Src/tim.c ****     __HAL_RCC_GPIOA_CLK_ENABLE();
 305:Core/Src/tim.c ****     /**TIM3 GPIO Configuration
 306:Core/Src/tim.c ****     PA6     ------> TIM3_CH1
 307:Core/Src/tim.c ****     PA7     ------> TIM3_CH2
 308:Core/Src/tim.c ****     */
 309:Core/Src/tim.c ****     GPIO_InitStruct.Pin = GPIO_PIN_6|GPIO_PIN_7;
 310:Core/Src/tim.c ****     GPIO_InitStruct.Mode = GPIO_MODE_AF_PP;
 311:Core/Src/tim.c ****     GPIO_InitStruct.Pull = GPIO_NOPULL;
 312:Core/Src/tim.c ****     GPIO_InitStruct.Speed = GPIO_SPEED_FREQ_LOW;
 313:Core/Src/tim.c ****     GPIO_InitStruct.Alternate = GPIO_AF2_TIM3;
 314:Core/Src/tim.c ****     HAL_GPIO_Init(GPIOA, &GPIO_InitStruct);
 315:Core/Src/tim.c **** 
 316:Core/Src/tim.c ****   /* USER CODE BEGIN TIM3_MspInit 1 */
 317:Core/Src/tim.c **** 
 318:Core/Src/tim.c ****   /* USER CODE END TIM3_MspInit 1 */
 319:Core/Src/tim.c ****   }
 320:Core/Src/tim.c **** }
 401              		.loc 1 320 1 view .LVU116
 402 001e 0BB0     		add	sp, sp, #44
 403              	.LCFI13:
 404              		.cfi_remember_state
 405              		.cfi_def_cfa_offset 4
 406              		@ sp needed
 407 0020 00BD     		pop	{pc}
 408              	.LVL13:
 409              	.L29:
 410              	.LCFI14:
 411              		.cfi_restore_state
 278:Core/Src/tim.c **** 
ARM GAS  C:\Users\Toubidou\AppData\Local\Temp\ccvwndjA.s 			page 14


 412              		.loc 1 278 5 is_stmt 1 view .LVU117
 413              	.LBB4:
 278:Core/Src/tim.c **** 
 414              		.loc 1 278 5 view .LVU118
 415 0022 0021     		movs	r1, #0
 416 0024 0191     		str	r1, [sp, #4]
 278:Core/Src/tim.c **** 
 417              		.loc 1 278 5 view .LVU119
 418 0026 03F50E33 		add	r3, r3, #145408
 419 002a 1A6C     		ldr	r2, [r3, #64]
 420 002c 42F00102 		orr	r2, r2, #1
 421 0030 1A64     		str	r2, [r3, #64]
 278:Core/Src/tim.c **** 
 422              		.loc 1 278 5 view .LVU120
 423 0032 1A6C     		ldr	r2, [r3, #64]
 424 0034 02F00102 		and	r2, r2, #1
 425 0038 0192     		str	r2, [sp, #4]
 278:Core/Src/tim.c **** 
 426              		.loc 1 278 5 view .LVU121
 427 003a 019A     		ldr	r2, [sp, #4]
 428              	.LBE4:
 278:Core/Src/tim.c **** 
 429              		.loc 1 278 5 view .LVU122
 280:Core/Src/tim.c ****     /**TIM2 GPIO Configuration
 430              		.loc 1 280 5 view .LVU123
 431              	.LBB5:
 280:Core/Src/tim.c ****     /**TIM2 GPIO Configuration
 432              		.loc 1 280 5 view .LVU124
 433 003c 0291     		str	r1, [sp, #8]
 280:Core/Src/tim.c ****     /**TIM2 GPIO Configuration
 434              		.loc 1 280 5 view .LVU125
 435 003e 1A6B     		ldr	r2, [r3, #48]
 436 0040 42F00102 		orr	r2, r2, #1
 437 0044 1A63     		str	r2, [r3, #48]
 280:Core/Src/tim.c ****     /**TIM2 GPIO Configuration
 438              		.loc 1 280 5 view .LVU126
 439 0046 1B6B     		ldr	r3, [r3, #48]
 440 0048 03F00103 		and	r3, r3, #1
 441 004c 0293     		str	r3, [sp, #8]
 280:Core/Src/tim.c ****     /**TIM2 GPIO Configuration
 442              		.loc 1 280 5 view .LVU127
 443 004e 029B     		ldr	r3, [sp, #8]
 444              	.LBE5:
 280:Core/Src/tim.c ****     /**TIM2 GPIO Configuration
 445              		.loc 1 280 5 view .LVU128
 285:Core/Src/tim.c ****     GPIO_InitStruct.Mode = GPIO_MODE_AF_PP;
 446              		.loc 1 285 5 view .LVU129
 285:Core/Src/tim.c ****     GPIO_InitStruct.Mode = GPIO_MODE_AF_PP;
 447              		.loc 1 285 25 is_stmt 0 view .LVU130
 448 0050 2223     		movs	r3, #34
 449 0052 0593     		str	r3, [sp, #20]
 286:Core/Src/tim.c ****     GPIO_InitStruct.Pull = GPIO_NOPULL;
 450              		.loc 1 286 5 is_stmt 1 view .LVU131
 286:Core/Src/tim.c ****     GPIO_InitStruct.Pull = GPIO_NOPULL;
 451              		.loc 1 286 26 is_stmt 0 view .LVU132
 452 0054 0223     		movs	r3, #2
 453 0056 0693     		str	r3, [sp, #24]
ARM GAS  C:\Users\Toubidou\AppData\Local\Temp\ccvwndjA.s 			page 15


 287:Core/Src/tim.c ****     GPIO_InitStruct.Speed = GPIO_SPEED_FREQ_LOW;
 454              		.loc 1 287 5 is_stmt 1 view .LVU133
 288:Core/Src/tim.c ****     GPIO_InitStruct.Alternate = GPIO_AF1_TIM2;
 455              		.loc 1 288 5 view .LVU134
 289:Core/Src/tim.c ****     HAL_GPIO_Init(GPIOA, &GPIO_InitStruct);
 456              		.loc 1 289 5 view .LVU135
 289:Core/Src/tim.c ****     HAL_GPIO_Init(GPIOA, &GPIO_InitStruct);
 457              		.loc 1 289 31 is_stmt 0 view .LVU136
 458 0058 0123     		movs	r3, #1
 459 005a 0993     		str	r3, [sp, #36]
 290:Core/Src/tim.c **** 
 460              		.loc 1 290 5 is_stmt 1 view .LVU137
 461 005c 05A9     		add	r1, sp, #20
 462 005e 1348     		ldr	r0, .L31+4
 463              	.LVL14:
 290:Core/Src/tim.c **** 
 464              		.loc 1 290 5 is_stmt 0 view .LVU138
 465 0060 FFF7FEFF 		bl	HAL_GPIO_Init
 466              	.LVL15:
 467 0064 DBE7     		b	.L25
 468              	.LVL16:
 469              	.L30:
 302:Core/Src/tim.c **** 
 470              		.loc 1 302 5 is_stmt 1 view .LVU139
 471              	.LBB6:
 302:Core/Src/tim.c **** 
 472              		.loc 1 302 5 view .LVU140
 473 0066 0021     		movs	r1, #0
 474 0068 0391     		str	r1, [sp, #12]
 302:Core/Src/tim.c **** 
 475              		.loc 1 302 5 view .LVU141
 476 006a 114B     		ldr	r3, .L31+8
 477 006c 1A6C     		ldr	r2, [r3, #64]
 478 006e 42F00202 		orr	r2, r2, #2
 479 0072 1A64     		str	r2, [r3, #64]
 302:Core/Src/tim.c **** 
 480              		.loc 1 302 5 view .LVU142
 481 0074 1A6C     		ldr	r2, [r3, #64]
 482 0076 02F00202 		and	r2, r2, #2
 483 007a 0392     		str	r2, [sp, #12]
 302:Core/Src/tim.c **** 
 484              		.loc 1 302 5 view .LVU143
 485 007c 039A     		ldr	r2, [sp, #12]
 486              	.LBE6:
 302:Core/Src/tim.c **** 
 487              		.loc 1 302 5 view .LVU144
 304:Core/Src/tim.c ****     /**TIM3 GPIO Configuration
 488              		.loc 1 304 5 view .LVU145
 489              	.LBB7:
 304:Core/Src/tim.c ****     /**TIM3 GPIO Configuration
 490              		.loc 1 304 5 view .LVU146
 491 007e 0491     		str	r1, [sp, #16]
 304:Core/Src/tim.c ****     /**TIM3 GPIO Configuration
 492              		.loc 1 304 5 view .LVU147
 493 0080 1A6B     		ldr	r2, [r3, #48]
 494 0082 42F00102 		orr	r2, r2, #1
 495 0086 1A63     		str	r2, [r3, #48]
ARM GAS  C:\Users\Toubidou\AppData\Local\Temp\ccvwndjA.s 			page 16


 304:Core/Src/tim.c ****     /**TIM3 GPIO Configuration
 496              		.loc 1 304 5 view .LVU148
 497 0088 1B6B     		ldr	r3, [r3, #48]
 498 008a 03F00103 		and	r3, r3, #1
 499 008e 0493     		str	r3, [sp, #16]
 304:Core/Src/tim.c ****     /**TIM3 GPIO Configuration
 500              		.loc 1 304 5 view .LVU149
 501 0090 049B     		ldr	r3, [sp, #16]
 502              	.LBE7:
 304:Core/Src/tim.c ****     /**TIM3 GPIO Configuration
 503              		.loc 1 304 5 view .LVU150
 309:Core/Src/tim.c ****     GPIO_InitStruct.Mode = GPIO_MODE_AF_PP;
 504              		.loc 1 309 5 view .LVU151
 309:Core/Src/tim.c ****     GPIO_InitStruct.Mode = GPIO_MODE_AF_PP;
 505              		.loc 1 309 25 is_stmt 0 view .LVU152
 506 0092 C023     		movs	r3, #192
 507 0094 0593     		str	r3, [sp, #20]
 310:Core/Src/tim.c ****     GPIO_InitStruct.Pull = GPIO_NOPULL;
 508              		.loc 1 310 5 is_stmt 1 view .LVU153
 310:Core/Src/tim.c ****     GPIO_InitStruct.Pull = GPIO_NOPULL;
 509              		.loc 1 310 26 is_stmt 0 view .LVU154
 510 0096 0223     		movs	r3, #2
 511 0098 0693     		str	r3, [sp, #24]
 311:Core/Src/tim.c ****     GPIO_InitStruct.Speed = GPIO_SPEED_FREQ_LOW;
 512              		.loc 1 311 5 is_stmt 1 view .LVU155
 312:Core/Src/tim.c ****     GPIO_InitStruct.Alternate = GPIO_AF2_TIM3;
 513              		.loc 1 312 5 view .LVU156
 313:Core/Src/tim.c ****     HAL_GPIO_Init(GPIOA, &GPIO_InitStruct);
 514              		.loc 1 313 5 view .LVU157
 313:Core/Src/tim.c ****     HAL_GPIO_Init(GPIOA, &GPIO_InitStruct);
 515              		.loc 1 313 31 is_stmt 0 view .LVU158
 516 009a 0993     		str	r3, [sp, #36]
 314:Core/Src/tim.c **** 
 517              		.loc 1 314 5 is_stmt 1 view .LVU159
 518 009c 05A9     		add	r1, sp, #20
 519 009e 0348     		ldr	r0, .L31+4
 520              	.LVL17:
 314:Core/Src/tim.c **** 
 521              		.loc 1 314 5 is_stmt 0 view .LVU160
 522 00a0 FFF7FEFF 		bl	HAL_GPIO_Init
 523              	.LVL18:
 524              		.loc 1 320 1 view .LVU161
 525 00a4 BBE7     		b	.L25
 526              	.L32:
 527 00a6 00BF     		.align	2
 528              	.L31:
 529 00a8 00040040 		.word	1073742848
 530 00ac 00000240 		.word	1073872896
 531 00b0 00380240 		.word	1073887232
 532              		.cfi_endproc
 533              	.LFE244:
 535              		.section	.text.HAL_TIM_MspPostInit,"ax",%progbits
 536              		.align	1
 537              		.global	HAL_TIM_MspPostInit
 538              		.syntax unified
 539              		.thumb
 540              		.thumb_func
ARM GAS  C:\Users\Toubidou\AppData\Local\Temp\ccvwndjA.s 			page 17


 542              	HAL_TIM_MspPostInit:
 543              	.LVL19:
 544              	.LFB245:
 321:Core/Src/tim.c **** void HAL_TIM_MspPostInit(TIM_HandleTypeDef* timHandle)
 322:Core/Src/tim.c **** {
 545              		.loc 1 322 1 is_stmt 1 view -0
 546              		.cfi_startproc
 547              		@ args = 0, pretend = 0, frame = 32
 548              		@ frame_needed = 0, uses_anonymous_args = 0
 549              		.loc 1 322 1 is_stmt 0 view .LVU163
 550 0000 00B5     		push	{lr}
 551              	.LCFI15:
 552              		.cfi_def_cfa_offset 4
 553              		.cfi_offset 14, -4
 554 0002 89B0     		sub	sp, sp, #36
 555              	.LCFI16:
 556              		.cfi_def_cfa_offset 40
 323:Core/Src/tim.c **** 
 324:Core/Src/tim.c ****   GPIO_InitTypeDef GPIO_InitStruct = {0};
 557              		.loc 1 324 3 is_stmt 1 view .LVU164
 558              		.loc 1 324 20 is_stmt 0 view .LVU165
 559 0004 0023     		movs	r3, #0
 560 0006 0393     		str	r3, [sp, #12]
 561 0008 0493     		str	r3, [sp, #16]
 562 000a 0593     		str	r3, [sp, #20]
 563 000c 0693     		str	r3, [sp, #24]
 564 000e 0793     		str	r3, [sp, #28]
 325:Core/Src/tim.c ****   if(timHandle->Instance==TIM1)
 565              		.loc 1 325 3 is_stmt 1 view .LVU166
 566              		.loc 1 325 15 is_stmt 0 view .LVU167
 567 0010 0368     		ldr	r3, [r0]
 568              		.loc 1 325 5 view .LVU168
 569 0012 1B4A     		ldr	r2, .L39
 570 0014 9342     		cmp	r3, r2
 571 0016 04D0     		beq	.L37
 326:Core/Src/tim.c ****   {
 327:Core/Src/tim.c ****   /* USER CODE BEGIN TIM1_MspPostInit 0 */
 328:Core/Src/tim.c **** 
 329:Core/Src/tim.c ****   /* USER CODE END TIM1_MspPostInit 0 */
 330:Core/Src/tim.c ****     __HAL_RCC_GPIOA_CLK_ENABLE();
 331:Core/Src/tim.c ****     /**TIM1 GPIO Configuration
 332:Core/Src/tim.c ****     PA9     ------> TIM1_CH2
 333:Core/Src/tim.c ****     */
 334:Core/Src/tim.c ****     GPIO_InitStruct.Pin = CH_MOTORB_Pin;
 335:Core/Src/tim.c ****     GPIO_InitStruct.Mode = GPIO_MODE_AF_PP;
 336:Core/Src/tim.c ****     GPIO_InitStruct.Pull = GPIO_NOPULL;
 337:Core/Src/tim.c ****     GPIO_InitStruct.Speed = GPIO_SPEED_FREQ_LOW;
 338:Core/Src/tim.c ****     GPIO_InitStruct.Alternate = GPIO_AF1_TIM1;
 339:Core/Src/tim.c ****     HAL_GPIO_Init(CH_MOTORB_GPIO_Port, &GPIO_InitStruct);
 340:Core/Src/tim.c **** 
 341:Core/Src/tim.c ****   /* USER CODE BEGIN TIM1_MspPostInit 1 */
 342:Core/Src/tim.c **** 
 343:Core/Src/tim.c ****   /* USER CODE END TIM1_MspPostInit 1 */
 344:Core/Src/tim.c ****   }
 345:Core/Src/tim.c ****   else if(timHandle->Instance==TIM8)
 572              		.loc 1 345 8 is_stmt 1 view .LVU169
 573              		.loc 1 345 10 is_stmt 0 view .LVU170
ARM GAS  C:\Users\Toubidou\AppData\Local\Temp\ccvwndjA.s 			page 18


 574 0018 1A4A     		ldr	r2, .L39+4
 575 001a 9342     		cmp	r3, r2
 576 001c 19D0     		beq	.L38
 577              	.LVL20:
 578              	.L33:
 346:Core/Src/tim.c ****   {
 347:Core/Src/tim.c ****   /* USER CODE BEGIN TIM8_MspPostInit 0 */
 348:Core/Src/tim.c **** 
 349:Core/Src/tim.c ****   /* USER CODE END TIM8_MspPostInit 0 */
 350:Core/Src/tim.c **** 
 351:Core/Src/tim.c ****     __HAL_RCC_GPIOC_CLK_ENABLE();
 352:Core/Src/tim.c ****     /**TIM8 GPIO Configuration
 353:Core/Src/tim.c ****     PC6     ------> TIM8_CH1
 354:Core/Src/tim.c ****     */
 355:Core/Src/tim.c ****     GPIO_InitStruct.Pin = CH_MOTORA_Pin;
 356:Core/Src/tim.c ****     GPIO_InitStruct.Mode = GPIO_MODE_AF_PP;
 357:Core/Src/tim.c ****     GPIO_InitStruct.Pull = GPIO_NOPULL;
 358:Core/Src/tim.c ****     GPIO_InitStruct.Speed = GPIO_SPEED_FREQ_LOW;
 359:Core/Src/tim.c ****     GPIO_InitStruct.Alternate = GPIO_AF3_TIM8;
 360:Core/Src/tim.c ****     HAL_GPIO_Init(CH_MOTORA_GPIO_Port, &GPIO_InitStruct);
 361:Core/Src/tim.c **** 
 362:Core/Src/tim.c ****   /* USER CODE BEGIN TIM8_MspPostInit 1 */
 363:Core/Src/tim.c **** 
 364:Core/Src/tim.c ****   /* USER CODE END TIM8_MspPostInit 1 */
 365:Core/Src/tim.c ****   }
 366:Core/Src/tim.c **** 
 367:Core/Src/tim.c **** }
 579              		.loc 1 367 1 view .LVU171
 580 001e 09B0     		add	sp, sp, #36
 581              	.LCFI17:
 582              		.cfi_remember_state
 583              		.cfi_def_cfa_offset 4
 584              		@ sp needed
 585 0020 00BD     		pop	{pc}
 586              	.LVL21:
 587              	.L37:
 588              	.LCFI18:
 589              		.cfi_restore_state
 330:Core/Src/tim.c ****     /**TIM1 GPIO Configuration
 590              		.loc 1 330 5 is_stmt 1 view .LVU172
 591              	.LBB8:
 330:Core/Src/tim.c ****     /**TIM1 GPIO Configuration
 592              		.loc 1 330 5 view .LVU173
 593 0022 0023     		movs	r3, #0
 594 0024 0193     		str	r3, [sp, #4]
 330:Core/Src/tim.c ****     /**TIM1 GPIO Configuration
 595              		.loc 1 330 5 view .LVU174
 596 0026 184B     		ldr	r3, .L39+8
 597 0028 1A6B     		ldr	r2, [r3, #48]
 598 002a 42F00102 		orr	r2, r2, #1
 599 002e 1A63     		str	r2, [r3, #48]
 330:Core/Src/tim.c ****     /**TIM1 GPIO Configuration
 600              		.loc 1 330 5 view .LVU175
 601 0030 1B6B     		ldr	r3, [r3, #48]
 602 0032 03F00103 		and	r3, r3, #1
 603 0036 0193     		str	r3, [sp, #4]
 330:Core/Src/tim.c ****     /**TIM1 GPIO Configuration
ARM GAS  C:\Users\Toubidou\AppData\Local\Temp\ccvwndjA.s 			page 19


 604              		.loc 1 330 5 view .LVU176
 605 0038 019B     		ldr	r3, [sp, #4]
 606              	.LBE8:
 330:Core/Src/tim.c ****     /**TIM1 GPIO Configuration
 607              		.loc 1 330 5 view .LVU177
 334:Core/Src/tim.c ****     GPIO_InitStruct.Mode = GPIO_MODE_AF_PP;
 608              		.loc 1 334 5 view .LVU178
 334:Core/Src/tim.c ****     GPIO_InitStruct.Mode = GPIO_MODE_AF_PP;
 609              		.loc 1 334 25 is_stmt 0 view .LVU179
 610 003a 4FF40073 		mov	r3, #512
 611 003e 0393     		str	r3, [sp, #12]
 335:Core/Src/tim.c ****     GPIO_InitStruct.Pull = GPIO_NOPULL;
 612              		.loc 1 335 5 is_stmt 1 view .LVU180
 335:Core/Src/tim.c ****     GPIO_InitStruct.Pull = GPIO_NOPULL;
 613              		.loc 1 335 26 is_stmt 0 view .LVU181
 614 0040 0223     		movs	r3, #2
 615 0042 0493     		str	r3, [sp, #16]
 336:Core/Src/tim.c ****     GPIO_InitStruct.Speed = GPIO_SPEED_FREQ_LOW;
 616              		.loc 1 336 5 is_stmt 1 view .LVU182
 337:Core/Src/tim.c ****     GPIO_InitStruct.Alternate = GPIO_AF1_TIM1;
 617              		.loc 1 337 5 view .LVU183
 338:Core/Src/tim.c ****     HAL_GPIO_Init(CH_MOTORB_GPIO_Port, &GPIO_InitStruct);
 618              		.loc 1 338 5 view .LVU184
 338:Core/Src/tim.c ****     HAL_GPIO_Init(CH_MOTORB_GPIO_Port, &GPIO_InitStruct);
 619              		.loc 1 338 31 is_stmt 0 view .LVU185
 620 0044 0123     		movs	r3, #1
 621 0046 0793     		str	r3, [sp, #28]
 339:Core/Src/tim.c **** 
 622              		.loc 1 339 5 is_stmt 1 view .LVU186
 623 0048 03A9     		add	r1, sp, #12
 624 004a 1048     		ldr	r0, .L39+12
 625              	.LVL22:
 339:Core/Src/tim.c **** 
 626              		.loc 1 339 5 is_stmt 0 view .LVU187
 627 004c FFF7FEFF 		bl	HAL_GPIO_Init
 628              	.LVL23:
 629 0050 E5E7     		b	.L33
 630              	.LVL24:
 631              	.L38:
 351:Core/Src/tim.c ****     /**TIM8 GPIO Configuration
 632              		.loc 1 351 5 is_stmt 1 view .LVU188
 633              	.LBB9:
 351:Core/Src/tim.c ****     /**TIM8 GPIO Configuration
 634              		.loc 1 351 5 view .LVU189
 635 0052 0023     		movs	r3, #0
 636 0054 0293     		str	r3, [sp, #8]
 351:Core/Src/tim.c ****     /**TIM8 GPIO Configuration
 637              		.loc 1 351 5 view .LVU190
 638 0056 0C4B     		ldr	r3, .L39+8
 639 0058 1A6B     		ldr	r2, [r3, #48]
 640 005a 42F00402 		orr	r2, r2, #4
 641 005e 1A63     		str	r2, [r3, #48]
 351:Core/Src/tim.c ****     /**TIM8 GPIO Configuration
 642              		.loc 1 351 5 view .LVU191
 643 0060 1B6B     		ldr	r3, [r3, #48]
 644 0062 03F00403 		and	r3, r3, #4
 645 0066 0293     		str	r3, [sp, #8]
ARM GAS  C:\Users\Toubidou\AppData\Local\Temp\ccvwndjA.s 			page 20


 351:Core/Src/tim.c ****     /**TIM8 GPIO Configuration
 646              		.loc 1 351 5 view .LVU192
 647 0068 029B     		ldr	r3, [sp, #8]
 648              	.LBE9:
 351:Core/Src/tim.c ****     /**TIM8 GPIO Configuration
 649              		.loc 1 351 5 view .LVU193
 355:Core/Src/tim.c ****     GPIO_InitStruct.Mode = GPIO_MODE_AF_PP;
 650              		.loc 1 355 5 view .LVU194
 355:Core/Src/tim.c ****     GPIO_InitStruct.Mode = GPIO_MODE_AF_PP;
 651              		.loc 1 355 25 is_stmt 0 view .LVU195
 652 006a 4023     		movs	r3, #64
 653 006c 0393     		str	r3, [sp, #12]
 356:Core/Src/tim.c ****     GPIO_InitStruct.Pull = GPIO_NOPULL;
 654              		.loc 1 356 5 is_stmt 1 view .LVU196
 356:Core/Src/tim.c ****     GPIO_InitStruct.Pull = GPIO_NOPULL;
 655              		.loc 1 356 26 is_stmt 0 view .LVU197
 656 006e 0223     		movs	r3, #2
 657 0070 0493     		str	r3, [sp, #16]
 357:Core/Src/tim.c ****     GPIO_InitStruct.Speed = GPIO_SPEED_FREQ_LOW;
 658              		.loc 1 357 5 is_stmt 1 view .LVU198
 358:Core/Src/tim.c ****     GPIO_InitStruct.Alternate = GPIO_AF3_TIM8;
 659              		.loc 1 358 5 view .LVU199
 359:Core/Src/tim.c ****     HAL_GPIO_Init(CH_MOTORA_GPIO_Port, &GPIO_InitStruct);
 660              		.loc 1 359 5 view .LVU200
 359:Core/Src/tim.c ****     HAL_GPIO_Init(CH_MOTORA_GPIO_Port, &GPIO_InitStruct);
 661              		.loc 1 359 31 is_stmt 0 view .LVU201
 662 0072 0323     		movs	r3, #3
 663 0074 0793     		str	r3, [sp, #28]
 360:Core/Src/tim.c **** 
 664              		.loc 1 360 5 is_stmt 1 view .LVU202
 665 0076 03A9     		add	r1, sp, #12
 666 0078 0548     		ldr	r0, .L39+16
 667              	.LVL25:
 360:Core/Src/tim.c **** 
 668              		.loc 1 360 5 is_stmt 0 view .LVU203
 669 007a FFF7FEFF 		bl	HAL_GPIO_Init
 670              	.LVL26:
 671              		.loc 1 367 1 view .LVU204
 672 007e CEE7     		b	.L33
 673              	.L40:
 674              		.align	2
 675              	.L39:
 676 0080 00000140 		.word	1073807360
 677 0084 00040140 		.word	1073808384
 678 0088 00380240 		.word	1073887232
 679 008c 00000240 		.word	1073872896
 680 0090 00080240 		.word	1073874944
 681              		.cfi_endproc
 682              	.LFE245:
 684              		.section	.text.MX_TIM1_Init,"ax",%progbits
 685              		.align	1
 686              		.global	MX_TIM1_Init
 687              		.syntax unified
 688              		.thumb
 689              		.thumb_func
 691              	MX_TIM1_Init:
 692              	.LFB239:
ARM GAS  C:\Users\Toubidou\AppData\Local\Temp\ccvwndjA.s 			page 21


  34:Core/Src/tim.c **** 
 693              		.loc 1 34 1 is_stmt 1 view -0
 694              		.cfi_startproc
 695              		@ args = 0, pretend = 0, frame = 72
 696              		@ frame_needed = 0, uses_anonymous_args = 0
 697 0000 10B5     		push	{r4, lr}
 698              	.LCFI19:
 699              		.cfi_def_cfa_offset 8
 700              		.cfi_offset 4, -8
 701              		.cfi_offset 14, -4
 702 0002 92B0     		sub	sp, sp, #72
 703              	.LCFI20:
 704              		.cfi_def_cfa_offset 80
  40:Core/Src/tim.c ****   TIM_OC_InitTypeDef sConfigOC = {0};
 705              		.loc 1 40 3 view .LVU206
  40:Core/Src/tim.c ****   TIM_OC_InitTypeDef sConfigOC = {0};
 706              		.loc 1 40 27 is_stmt 0 view .LVU207
 707 0004 0024     		movs	r4, #0
 708 0006 1094     		str	r4, [sp, #64]
 709 0008 1194     		str	r4, [sp, #68]
  41:Core/Src/tim.c ****   TIM_BreakDeadTimeConfigTypeDef sBreakDeadTimeConfig = {0};
 710              		.loc 1 41 3 is_stmt 1 view .LVU208
  41:Core/Src/tim.c ****   TIM_BreakDeadTimeConfigTypeDef sBreakDeadTimeConfig = {0};
 711              		.loc 1 41 22 is_stmt 0 view .LVU209
 712 000a 0994     		str	r4, [sp, #36]
 713 000c 0A94     		str	r4, [sp, #40]
 714 000e 0B94     		str	r4, [sp, #44]
 715 0010 0C94     		str	r4, [sp, #48]
 716 0012 0D94     		str	r4, [sp, #52]
 717 0014 0E94     		str	r4, [sp, #56]
 718 0016 0F94     		str	r4, [sp, #60]
  42:Core/Src/tim.c **** 
 719              		.loc 1 42 3 is_stmt 1 view .LVU210
  42:Core/Src/tim.c **** 
 720              		.loc 1 42 34 is_stmt 0 view .LVU211
 721 0018 2022     		movs	r2, #32
 722 001a 2146     		mov	r1, r4
 723 001c 01A8     		add	r0, sp, #4
 724 001e FFF7FEFF 		bl	memset
 725              	.LVL27:
  47:Core/Src/tim.c ****   htim1.Init.Prescaler = 0;
 726              		.loc 1 47 3 is_stmt 1 view .LVU212
  47:Core/Src/tim.c ****   htim1.Init.Prescaler = 0;
 727              		.loc 1 47 18 is_stmt 0 view .LVU213
 728 0022 2348     		ldr	r0, .L51
 729 0024 234B     		ldr	r3, .L51+4
 730 0026 0360     		str	r3, [r0]
  48:Core/Src/tim.c ****   htim1.Init.CounterMode = TIM_COUNTERMODE_UP;
 731              		.loc 1 48 3 is_stmt 1 view .LVU214
  48:Core/Src/tim.c ****   htim1.Init.CounterMode = TIM_COUNTERMODE_UP;
 732              		.loc 1 48 24 is_stmt 0 view .LVU215
 733 0028 4460     		str	r4, [r0, #4]
  49:Core/Src/tim.c ****   htim1.Init.Period = 8399;
 734              		.loc 1 49 3 is_stmt 1 view .LVU216
  49:Core/Src/tim.c ****   htim1.Init.Period = 8399;
 735              		.loc 1 49 26 is_stmt 0 view .LVU217
 736 002a 8460     		str	r4, [r0, #8]
ARM GAS  C:\Users\Toubidou\AppData\Local\Temp\ccvwndjA.s 			page 22


  50:Core/Src/tim.c ****   htim1.Init.ClockDivision = TIM_CLOCKDIVISION_DIV1;
 737              		.loc 1 50 3 is_stmt 1 view .LVU218
  50:Core/Src/tim.c ****   htim1.Init.ClockDivision = TIM_CLOCKDIVISION_DIV1;
 738              		.loc 1 50 21 is_stmt 0 view .LVU219
 739 002c 42F2CF03 		movw	r3, #8399
 740 0030 C360     		str	r3, [r0, #12]
  51:Core/Src/tim.c ****   htim1.Init.RepetitionCounter = 0;
 741              		.loc 1 51 3 is_stmt 1 view .LVU220
  51:Core/Src/tim.c ****   htim1.Init.RepetitionCounter = 0;
 742              		.loc 1 51 28 is_stmt 0 view .LVU221
 743 0032 0461     		str	r4, [r0, #16]
  52:Core/Src/tim.c ****   htim1.Init.AutoReloadPreload = TIM_AUTORELOAD_PRELOAD_DISABLE;
 744              		.loc 1 52 3 is_stmt 1 view .LVU222
  52:Core/Src/tim.c ****   htim1.Init.AutoReloadPreload = TIM_AUTORELOAD_PRELOAD_DISABLE;
 745              		.loc 1 52 32 is_stmt 0 view .LVU223
 746 0034 4461     		str	r4, [r0, #20]
  53:Core/Src/tim.c ****   if (HAL_TIM_PWM_Init(&htim1) != HAL_OK)
 747              		.loc 1 53 3 is_stmt 1 view .LVU224
  53:Core/Src/tim.c ****   if (HAL_TIM_PWM_Init(&htim1) != HAL_OK)
 748              		.loc 1 53 32 is_stmt 0 view .LVU225
 749 0036 8461     		str	r4, [r0, #24]
  54:Core/Src/tim.c ****   {
 750              		.loc 1 54 3 is_stmt 1 view .LVU226
  54:Core/Src/tim.c ****   {
 751              		.loc 1 54 7 is_stmt 0 view .LVU227
 752 0038 FFF7FEFF 		bl	HAL_TIM_PWM_Init
 753              	.LVL28:
  54:Core/Src/tim.c ****   {
 754              		.loc 1 54 6 discriminator 1 view .LVU228
 755 003c 0028     		cmp	r0, #0
 756 003e 2AD1     		bne	.L47
 757              	.L42:
  58:Core/Src/tim.c ****   sMasterConfig.MasterSlaveMode = TIM_MASTERSLAVEMODE_DISABLE;
 758              		.loc 1 58 3 is_stmt 1 view .LVU229
  58:Core/Src/tim.c ****   sMasterConfig.MasterSlaveMode = TIM_MASTERSLAVEMODE_DISABLE;
 759              		.loc 1 58 37 is_stmt 0 view .LVU230
 760 0040 0023     		movs	r3, #0
 761 0042 1093     		str	r3, [sp, #64]
  59:Core/Src/tim.c ****   if (HAL_TIMEx_MasterConfigSynchronization(&htim1, &sMasterConfig) != HAL_OK)
 762              		.loc 1 59 3 is_stmt 1 view .LVU231
  59:Core/Src/tim.c ****   if (HAL_TIMEx_MasterConfigSynchronization(&htim1, &sMasterConfig) != HAL_OK)
 763              		.loc 1 59 33 is_stmt 0 view .LVU232
 764 0044 1193     		str	r3, [sp, #68]
  60:Core/Src/tim.c ****   {
 765              		.loc 1 60 3 is_stmt 1 view .LVU233
  60:Core/Src/tim.c ****   {
 766              		.loc 1 60 7 is_stmt 0 view .LVU234
 767 0046 10A9     		add	r1, sp, #64
 768 0048 1948     		ldr	r0, .L51
 769 004a FFF7FEFF 		bl	HAL_TIMEx_MasterConfigSynchronization
 770              	.LVL29:
  60:Core/Src/tim.c ****   {
 771              		.loc 1 60 6 discriminator 1 view .LVU235
 772 004e 28BB     		cbnz	r0, .L48
 773              	.L43:
  64:Core/Src/tim.c ****   sConfigOC.Pulse = 0;
 774              		.loc 1 64 3 is_stmt 1 view .LVU236
ARM GAS  C:\Users\Toubidou\AppData\Local\Temp\ccvwndjA.s 			page 23


  64:Core/Src/tim.c ****   sConfigOC.Pulse = 0;
 775              		.loc 1 64 20 is_stmt 0 view .LVU237
 776 0050 6023     		movs	r3, #96
 777 0052 0993     		str	r3, [sp, #36]
  65:Core/Src/tim.c ****   sConfigOC.OCPolarity = TIM_OCPOLARITY_HIGH;
 778              		.loc 1 65 3 is_stmt 1 view .LVU238
  65:Core/Src/tim.c ****   sConfigOC.OCPolarity = TIM_OCPOLARITY_HIGH;
 779              		.loc 1 65 19 is_stmt 0 view .LVU239
 780 0054 0023     		movs	r3, #0
 781 0056 0A93     		str	r3, [sp, #40]
  66:Core/Src/tim.c ****   sConfigOC.OCNPolarity = TIM_OCNPOLARITY_HIGH;
 782              		.loc 1 66 3 is_stmt 1 view .LVU240
  66:Core/Src/tim.c ****   sConfigOC.OCNPolarity = TIM_OCNPOLARITY_HIGH;
 783              		.loc 1 66 24 is_stmt 0 view .LVU241
 784 0058 0B93     		str	r3, [sp, #44]
  67:Core/Src/tim.c ****   sConfigOC.OCFastMode = TIM_OCFAST_DISABLE;
 785              		.loc 1 67 3 is_stmt 1 view .LVU242
  67:Core/Src/tim.c ****   sConfigOC.OCFastMode = TIM_OCFAST_DISABLE;
 786              		.loc 1 67 25 is_stmt 0 view .LVU243
 787 005a 0C93     		str	r3, [sp, #48]
  68:Core/Src/tim.c ****   sConfigOC.OCIdleState = TIM_OCIDLESTATE_RESET;
 788              		.loc 1 68 3 is_stmt 1 view .LVU244
  68:Core/Src/tim.c ****   sConfigOC.OCIdleState = TIM_OCIDLESTATE_RESET;
 789              		.loc 1 68 24 is_stmt 0 view .LVU245
 790 005c 0D93     		str	r3, [sp, #52]
  69:Core/Src/tim.c ****   sConfigOC.OCNIdleState = TIM_OCNIDLESTATE_RESET;
 791              		.loc 1 69 3 is_stmt 1 view .LVU246
  69:Core/Src/tim.c ****   sConfigOC.OCNIdleState = TIM_OCNIDLESTATE_RESET;
 792              		.loc 1 69 25 is_stmt 0 view .LVU247
 793 005e 0E93     		str	r3, [sp, #56]
  70:Core/Src/tim.c ****   if (HAL_TIM_PWM_ConfigChannel(&htim1, &sConfigOC, TIM_CHANNEL_2) != HAL_OK)
 794              		.loc 1 70 3 is_stmt 1 view .LVU248
  70:Core/Src/tim.c ****   if (HAL_TIM_PWM_ConfigChannel(&htim1, &sConfigOC, TIM_CHANNEL_2) != HAL_OK)
 795              		.loc 1 70 26 is_stmt 0 view .LVU249
 796 0060 0F93     		str	r3, [sp, #60]
  71:Core/Src/tim.c ****   {
 797              		.loc 1 71 3 is_stmt 1 view .LVU250
  71:Core/Src/tim.c ****   {
 798              		.loc 1 71 7 is_stmt 0 view .LVU251
 799 0062 0422     		movs	r2, #4
 800 0064 09A9     		add	r1, sp, #36
 801 0066 1248     		ldr	r0, .L51
 802 0068 FFF7FEFF 		bl	HAL_TIM_PWM_ConfigChannel
 803              	.LVL30:
  71:Core/Src/tim.c ****   {
 804              		.loc 1 71 6 discriminator 1 view .LVU252
 805 006c C8B9     		cbnz	r0, .L49
 806              	.L44:
  75:Core/Src/tim.c ****   sBreakDeadTimeConfig.OffStateIDLEMode = TIM_OSSI_DISABLE;
 807              		.loc 1 75 3 is_stmt 1 view .LVU253
  75:Core/Src/tim.c ****   sBreakDeadTimeConfig.OffStateIDLEMode = TIM_OSSI_DISABLE;
 808              		.loc 1 75 40 is_stmt 0 view .LVU254
 809 006e 0023     		movs	r3, #0
 810 0070 0193     		str	r3, [sp, #4]
  76:Core/Src/tim.c ****   sBreakDeadTimeConfig.LockLevel = TIM_LOCKLEVEL_OFF;
 811              		.loc 1 76 3 is_stmt 1 view .LVU255
  76:Core/Src/tim.c ****   sBreakDeadTimeConfig.LockLevel = TIM_LOCKLEVEL_OFF;
ARM GAS  C:\Users\Toubidou\AppData\Local\Temp\ccvwndjA.s 			page 24


 812              		.loc 1 76 41 is_stmt 0 view .LVU256
 813 0072 0293     		str	r3, [sp, #8]
  77:Core/Src/tim.c ****   sBreakDeadTimeConfig.DeadTime = 0;
 814              		.loc 1 77 3 is_stmt 1 view .LVU257
  77:Core/Src/tim.c ****   sBreakDeadTimeConfig.DeadTime = 0;
 815              		.loc 1 77 34 is_stmt 0 view .LVU258
 816 0074 0393     		str	r3, [sp, #12]
  78:Core/Src/tim.c ****   sBreakDeadTimeConfig.BreakState = TIM_BREAK_DISABLE;
 817              		.loc 1 78 3 is_stmt 1 view .LVU259
  78:Core/Src/tim.c ****   sBreakDeadTimeConfig.BreakState = TIM_BREAK_DISABLE;
 818              		.loc 1 78 33 is_stmt 0 view .LVU260
 819 0076 0493     		str	r3, [sp, #16]
  79:Core/Src/tim.c ****   sBreakDeadTimeConfig.BreakPolarity = TIM_BREAKPOLARITY_HIGH;
 820              		.loc 1 79 3 is_stmt 1 view .LVU261
  79:Core/Src/tim.c ****   sBreakDeadTimeConfig.BreakPolarity = TIM_BREAKPOLARITY_HIGH;
 821              		.loc 1 79 35 is_stmt 0 view .LVU262
 822 0078 0593     		str	r3, [sp, #20]
  80:Core/Src/tim.c ****   sBreakDeadTimeConfig.AutomaticOutput = TIM_AUTOMATICOUTPUT_DISABLE;
 823              		.loc 1 80 3 is_stmt 1 view .LVU263
  80:Core/Src/tim.c ****   sBreakDeadTimeConfig.AutomaticOutput = TIM_AUTOMATICOUTPUT_DISABLE;
 824              		.loc 1 80 38 is_stmt 0 view .LVU264
 825 007a 4FF40052 		mov	r2, #8192
 826 007e 0692     		str	r2, [sp, #24]
  81:Core/Src/tim.c ****   if (HAL_TIMEx_ConfigBreakDeadTime(&htim1, &sBreakDeadTimeConfig) != HAL_OK)
 827              		.loc 1 81 3 is_stmt 1 view .LVU265
  81:Core/Src/tim.c ****   if (HAL_TIMEx_ConfigBreakDeadTime(&htim1, &sBreakDeadTimeConfig) != HAL_OK)
 828              		.loc 1 81 40 is_stmt 0 view .LVU266
 829 0080 0893     		str	r3, [sp, #32]
  82:Core/Src/tim.c ****   {
 830              		.loc 1 82 3 is_stmt 1 view .LVU267
  82:Core/Src/tim.c ****   {
 831              		.loc 1 82 7 is_stmt 0 view .LVU268
 832 0082 01A9     		add	r1, sp, #4
 833 0084 0A48     		ldr	r0, .L51
 834 0086 FFF7FEFF 		bl	HAL_TIMEx_ConfigBreakDeadTime
 835              	.LVL31:
  82:Core/Src/tim.c ****   {
 836              		.loc 1 82 6 discriminator 1 view .LVU269
 837 008a 68B9     		cbnz	r0, .L50
 838              	.L45:
  89:Core/Src/tim.c **** 
 839              		.loc 1 89 3 is_stmt 1 view .LVU270
 840 008c 0848     		ldr	r0, .L51
 841 008e FFF7FEFF 		bl	HAL_TIM_MspPostInit
 842              	.LVL32:
  91:Core/Src/tim.c **** /* TIM2 init function */
 843              		.loc 1 91 1 is_stmt 0 view .LVU271
 844 0092 12B0     		add	sp, sp, #72
 845              	.LCFI21:
 846              		.cfi_remember_state
 847              		.cfi_def_cfa_offset 8
 848              		@ sp needed
 849 0094 10BD     		pop	{r4, pc}
 850              	.L47:
 851              	.LCFI22:
 852              		.cfi_restore_state
  56:Core/Src/tim.c ****   }
ARM GAS  C:\Users\Toubidou\AppData\Local\Temp\ccvwndjA.s 			page 25


 853              		.loc 1 56 5 is_stmt 1 view .LVU272
 854 0096 FFF7FEFF 		bl	Error_Handler
 855              	.LVL33:
 856 009a D1E7     		b	.L42
 857              	.L48:
  62:Core/Src/tim.c ****   }
 858              		.loc 1 62 5 view .LVU273
 859 009c FFF7FEFF 		bl	Error_Handler
 860              	.LVL34:
 861 00a0 D6E7     		b	.L43
 862              	.L49:
  73:Core/Src/tim.c ****   }
 863              		.loc 1 73 5 view .LVU274
 864 00a2 FFF7FEFF 		bl	Error_Handler
 865              	.LVL35:
 866 00a6 E2E7     		b	.L44
 867              	.L50:
  84:Core/Src/tim.c ****   }
 868              		.loc 1 84 5 view .LVU275
 869 00a8 FFF7FEFF 		bl	Error_Handler
 870              	.LVL36:
 871 00ac EEE7     		b	.L45
 872              	.L52:
 873 00ae 00BF     		.align	2
 874              	.L51:
 875 00b0 00000000 		.word	htim1
 876 00b4 00000140 		.word	1073807360
 877              		.cfi_endproc
 878              	.LFE239:
 880              		.section	.text.MX_TIM8_Init,"ax",%progbits
 881              		.align	1
 882              		.global	MX_TIM8_Init
 883              		.syntax unified
 884              		.thumb
 885              		.thumb_func
 887              	MX_TIM8_Init:
 888              	.LFB242:
 182:Core/Src/tim.c **** 
 889              		.loc 1 182 1 view -0
 890              		.cfi_startproc
 891              		@ args = 0, pretend = 0, frame = 72
 892              		@ frame_needed = 0, uses_anonymous_args = 0
 893 0000 10B5     		push	{r4, lr}
 894              	.LCFI23:
 895              		.cfi_def_cfa_offset 8
 896              		.cfi_offset 4, -8
 897              		.cfi_offset 14, -4
 898 0002 92B0     		sub	sp, sp, #72
 899              	.LCFI24:
 900              		.cfi_def_cfa_offset 80
 188:Core/Src/tim.c ****   TIM_OC_InitTypeDef sConfigOC = {0};
 901              		.loc 1 188 3 view .LVU277
 188:Core/Src/tim.c ****   TIM_OC_InitTypeDef sConfigOC = {0};
 902              		.loc 1 188 27 is_stmt 0 view .LVU278
 903 0004 0024     		movs	r4, #0
 904 0006 1094     		str	r4, [sp, #64]
 905 0008 1194     		str	r4, [sp, #68]
ARM GAS  C:\Users\Toubidou\AppData\Local\Temp\ccvwndjA.s 			page 26


 189:Core/Src/tim.c ****   TIM_BreakDeadTimeConfigTypeDef sBreakDeadTimeConfig = {0};
 906              		.loc 1 189 3 is_stmt 1 view .LVU279
 189:Core/Src/tim.c ****   TIM_BreakDeadTimeConfigTypeDef sBreakDeadTimeConfig = {0};
 907              		.loc 1 189 22 is_stmt 0 view .LVU280
 908 000a 0994     		str	r4, [sp, #36]
 909 000c 0A94     		str	r4, [sp, #40]
 910 000e 0B94     		str	r4, [sp, #44]
 911 0010 0C94     		str	r4, [sp, #48]
 912 0012 0D94     		str	r4, [sp, #52]
 913 0014 0E94     		str	r4, [sp, #56]
 914 0016 0F94     		str	r4, [sp, #60]
 190:Core/Src/tim.c **** 
 915              		.loc 1 190 3 is_stmt 1 view .LVU281
 190:Core/Src/tim.c **** 
 916              		.loc 1 190 34 is_stmt 0 view .LVU282
 917 0018 2022     		movs	r2, #32
 918 001a 2146     		mov	r1, r4
 919 001c 01A8     		add	r0, sp, #4
 920 001e FFF7FEFF 		bl	memset
 921              	.LVL37:
 195:Core/Src/tim.c ****   htim8.Init.Prescaler = 0;
 922              		.loc 1 195 3 is_stmt 1 view .LVU283
 195:Core/Src/tim.c ****   htim8.Init.Prescaler = 0;
 923              		.loc 1 195 18 is_stmt 0 view .LVU284
 924 0022 2248     		ldr	r0, .L63
 925 0024 224B     		ldr	r3, .L63+4
 926 0026 0360     		str	r3, [r0]
 196:Core/Src/tim.c ****   htim8.Init.CounterMode = TIM_COUNTERMODE_UP;
 927              		.loc 1 196 3 is_stmt 1 view .LVU285
 196:Core/Src/tim.c ****   htim8.Init.CounterMode = TIM_COUNTERMODE_UP;
 928              		.loc 1 196 24 is_stmt 0 view .LVU286
 929 0028 4460     		str	r4, [r0, #4]
 197:Core/Src/tim.c ****   htim8.Init.Period = 8399;
 930              		.loc 1 197 3 is_stmt 1 view .LVU287
 197:Core/Src/tim.c ****   htim8.Init.Period = 8399;
 931              		.loc 1 197 26 is_stmt 0 view .LVU288
 932 002a 8460     		str	r4, [r0, #8]
 198:Core/Src/tim.c ****   htim8.Init.ClockDivision = TIM_CLOCKDIVISION_DIV1;
 933              		.loc 1 198 3 is_stmt 1 view .LVU289
 198:Core/Src/tim.c ****   htim8.Init.ClockDivision = TIM_CLOCKDIVISION_DIV1;
 934              		.loc 1 198 21 is_stmt 0 view .LVU290
 935 002c 42F2CF03 		movw	r3, #8399
 936 0030 C360     		str	r3, [r0, #12]
 199:Core/Src/tim.c ****   htim8.Init.RepetitionCounter = 0;
 937              		.loc 1 199 3 is_stmt 1 view .LVU291
 199:Core/Src/tim.c ****   htim8.Init.RepetitionCounter = 0;
 938              		.loc 1 199 28 is_stmt 0 view .LVU292
 939 0032 0461     		str	r4, [r0, #16]
 200:Core/Src/tim.c ****   htim8.Init.AutoReloadPreload = TIM_AUTORELOAD_PRELOAD_DISABLE;
 940              		.loc 1 200 3 is_stmt 1 view .LVU293
 200:Core/Src/tim.c ****   htim8.Init.AutoReloadPreload = TIM_AUTORELOAD_PRELOAD_DISABLE;
 941              		.loc 1 200 32 is_stmt 0 view .LVU294
 942 0034 4461     		str	r4, [r0, #20]
 201:Core/Src/tim.c ****   if (HAL_TIM_PWM_Init(&htim8) != HAL_OK)
 943              		.loc 1 201 3 is_stmt 1 view .LVU295
 201:Core/Src/tim.c ****   if (HAL_TIM_PWM_Init(&htim8) != HAL_OK)
 944              		.loc 1 201 32 is_stmt 0 view .LVU296
ARM GAS  C:\Users\Toubidou\AppData\Local\Temp\ccvwndjA.s 			page 27


 945 0036 8461     		str	r4, [r0, #24]
 202:Core/Src/tim.c ****   {
 946              		.loc 1 202 3 is_stmt 1 view .LVU297
 202:Core/Src/tim.c ****   {
 947              		.loc 1 202 7 is_stmt 0 view .LVU298
 948 0038 FFF7FEFF 		bl	HAL_TIM_PWM_Init
 949              	.LVL38:
 202:Core/Src/tim.c ****   {
 950              		.loc 1 202 6 discriminator 1 view .LVU299
 951 003c 0028     		cmp	r0, #0
 952 003e 29D1     		bne	.L59
 953              	.L54:
 206:Core/Src/tim.c ****   sMasterConfig.MasterSlaveMode = TIM_MASTERSLAVEMODE_DISABLE;
 954              		.loc 1 206 3 is_stmt 1 view .LVU300
 206:Core/Src/tim.c ****   sMasterConfig.MasterSlaveMode = TIM_MASTERSLAVEMODE_DISABLE;
 955              		.loc 1 206 37 is_stmt 0 view .LVU301
 956 0040 0023     		movs	r3, #0
 957 0042 1093     		str	r3, [sp, #64]
 207:Core/Src/tim.c ****   if (HAL_TIMEx_MasterConfigSynchronization(&htim8, &sMasterConfig) != HAL_OK)
 958              		.loc 1 207 3 is_stmt 1 view .LVU302
 207:Core/Src/tim.c ****   if (HAL_TIMEx_MasterConfigSynchronization(&htim8, &sMasterConfig) != HAL_OK)
 959              		.loc 1 207 33 is_stmt 0 view .LVU303
 960 0044 1193     		str	r3, [sp, #68]
 208:Core/Src/tim.c ****   {
 961              		.loc 1 208 3 is_stmt 1 view .LVU304
 208:Core/Src/tim.c ****   {
 962              		.loc 1 208 7 is_stmt 0 view .LVU305
 963 0046 10A9     		add	r1, sp, #64
 964 0048 1848     		ldr	r0, .L63
 965 004a FFF7FEFF 		bl	HAL_TIMEx_MasterConfigSynchronization
 966              	.LVL39:
 208:Core/Src/tim.c ****   {
 967              		.loc 1 208 6 discriminator 1 view .LVU306
 968 004e 20BB     		cbnz	r0, .L60
 969              	.L55:
 212:Core/Src/tim.c ****   sConfigOC.Pulse = 0;
 970              		.loc 1 212 3 is_stmt 1 view .LVU307
 212:Core/Src/tim.c ****   sConfigOC.Pulse = 0;
 971              		.loc 1 212 20 is_stmt 0 view .LVU308
 972 0050 6023     		movs	r3, #96
 973 0052 0993     		str	r3, [sp, #36]
 213:Core/Src/tim.c ****   sConfigOC.OCPolarity = TIM_OCPOLARITY_HIGH;
 974              		.loc 1 213 3 is_stmt 1 view .LVU309
 213:Core/Src/tim.c ****   sConfigOC.OCPolarity = TIM_OCPOLARITY_HIGH;
 975              		.loc 1 213 19 is_stmt 0 view .LVU310
 976 0054 0022     		movs	r2, #0
 977 0056 0A92     		str	r2, [sp, #40]
 214:Core/Src/tim.c ****   sConfigOC.OCNPolarity = TIM_OCNPOLARITY_HIGH;
 978              		.loc 1 214 3 is_stmt 1 view .LVU311
 214:Core/Src/tim.c ****   sConfigOC.OCNPolarity = TIM_OCNPOLARITY_HIGH;
 979              		.loc 1 214 24 is_stmt 0 view .LVU312
 980 0058 0B92     		str	r2, [sp, #44]
 215:Core/Src/tim.c ****   sConfigOC.OCFastMode = TIM_OCFAST_DISABLE;
 981              		.loc 1 215 3 is_stmt 1 view .LVU313
 215:Core/Src/tim.c ****   sConfigOC.OCFastMode = TIM_OCFAST_DISABLE;
 982              		.loc 1 215 25 is_stmt 0 view .LVU314
 983 005a 0C92     		str	r2, [sp, #48]
ARM GAS  C:\Users\Toubidou\AppData\Local\Temp\ccvwndjA.s 			page 28


 216:Core/Src/tim.c ****   sConfigOC.OCIdleState = TIM_OCIDLESTATE_RESET;
 984              		.loc 1 216 3 is_stmt 1 view .LVU315
 216:Core/Src/tim.c ****   sConfigOC.OCIdleState = TIM_OCIDLESTATE_RESET;
 985              		.loc 1 216 24 is_stmt 0 view .LVU316
 986 005c 0D92     		str	r2, [sp, #52]
 217:Core/Src/tim.c ****   sConfigOC.OCNIdleState = TIM_OCNIDLESTATE_RESET;
 987              		.loc 1 217 3 is_stmt 1 view .LVU317
 217:Core/Src/tim.c ****   sConfigOC.OCNIdleState = TIM_OCNIDLESTATE_RESET;
 988              		.loc 1 217 25 is_stmt 0 view .LVU318
 989 005e 0E92     		str	r2, [sp, #56]
 218:Core/Src/tim.c ****   if (HAL_TIM_PWM_ConfigChannel(&htim8, &sConfigOC, TIM_CHANNEL_1) != HAL_OK)
 990              		.loc 1 218 3 is_stmt 1 view .LVU319
 218:Core/Src/tim.c ****   if (HAL_TIM_PWM_ConfigChannel(&htim8, &sConfigOC, TIM_CHANNEL_1) != HAL_OK)
 991              		.loc 1 218 26 is_stmt 0 view .LVU320
 992 0060 0F92     		str	r2, [sp, #60]
 219:Core/Src/tim.c ****   {
 993              		.loc 1 219 3 is_stmt 1 view .LVU321
 219:Core/Src/tim.c ****   {
 994              		.loc 1 219 7 is_stmt 0 view .LVU322
 995 0062 09A9     		add	r1, sp, #36
 996 0064 1148     		ldr	r0, .L63
 997 0066 FFF7FEFF 		bl	HAL_TIM_PWM_ConfigChannel
 998              	.LVL40:
 219:Core/Src/tim.c ****   {
 999              		.loc 1 219 6 discriminator 1 view .LVU323
 1000 006a C8B9     		cbnz	r0, .L61
 1001              	.L56:
 223:Core/Src/tim.c ****   sBreakDeadTimeConfig.OffStateIDLEMode = TIM_OSSI_DISABLE;
 1002              		.loc 1 223 3 is_stmt 1 view .LVU324
 223:Core/Src/tim.c ****   sBreakDeadTimeConfig.OffStateIDLEMode = TIM_OSSI_DISABLE;
 1003              		.loc 1 223 40 is_stmt 0 view .LVU325
 1004 006c 0023     		movs	r3, #0
 1005 006e 0193     		str	r3, [sp, #4]
 224:Core/Src/tim.c ****   sBreakDeadTimeConfig.LockLevel = TIM_LOCKLEVEL_OFF;
 1006              		.loc 1 224 3 is_stmt 1 view .LVU326
 224:Core/Src/tim.c ****   sBreakDeadTimeConfig.LockLevel = TIM_LOCKLEVEL_OFF;
 1007              		.loc 1 224 41 is_stmt 0 view .LVU327
 1008 0070 0293     		str	r3, [sp, #8]
 225:Core/Src/tim.c ****   sBreakDeadTimeConfig.DeadTime = 0;
 1009              		.loc 1 225 3 is_stmt 1 view .LVU328
 225:Core/Src/tim.c ****   sBreakDeadTimeConfig.DeadTime = 0;
 1010              		.loc 1 225 34 is_stmt 0 view .LVU329
 1011 0072 0393     		str	r3, [sp, #12]
 226:Core/Src/tim.c ****   sBreakDeadTimeConfig.BreakState = TIM_BREAK_DISABLE;
 1012              		.loc 1 226 3 is_stmt 1 view .LVU330
 226:Core/Src/tim.c ****   sBreakDeadTimeConfig.BreakState = TIM_BREAK_DISABLE;
 1013              		.loc 1 226 33 is_stmt 0 view .LVU331
 1014 0074 0493     		str	r3, [sp, #16]
 227:Core/Src/tim.c ****   sBreakDeadTimeConfig.BreakPolarity = TIM_BREAKPOLARITY_HIGH;
 1015              		.loc 1 227 3 is_stmt 1 view .LVU332
 227:Core/Src/tim.c ****   sBreakDeadTimeConfig.BreakPolarity = TIM_BREAKPOLARITY_HIGH;
 1016              		.loc 1 227 35 is_stmt 0 view .LVU333
 1017 0076 0593     		str	r3, [sp, #20]
 228:Core/Src/tim.c ****   sBreakDeadTimeConfig.AutomaticOutput = TIM_AUTOMATICOUTPUT_DISABLE;
 1018              		.loc 1 228 3 is_stmt 1 view .LVU334
 228:Core/Src/tim.c ****   sBreakDeadTimeConfig.AutomaticOutput = TIM_AUTOMATICOUTPUT_DISABLE;
 1019              		.loc 1 228 38 is_stmt 0 view .LVU335
ARM GAS  C:\Users\Toubidou\AppData\Local\Temp\ccvwndjA.s 			page 29


 1020 0078 4FF40052 		mov	r2, #8192
 1021 007c 0692     		str	r2, [sp, #24]
 229:Core/Src/tim.c ****   if (HAL_TIMEx_ConfigBreakDeadTime(&htim8, &sBreakDeadTimeConfig) != HAL_OK)
 1022              		.loc 1 229 3 is_stmt 1 view .LVU336
 229:Core/Src/tim.c ****   if (HAL_TIMEx_ConfigBreakDeadTime(&htim8, &sBreakDeadTimeConfig) != HAL_OK)
 1023              		.loc 1 229 40 is_stmt 0 view .LVU337
 1024 007e 0893     		str	r3, [sp, #32]
 230:Core/Src/tim.c ****   {
 1025              		.loc 1 230 3 is_stmt 1 view .LVU338
 230:Core/Src/tim.c ****   {
 1026              		.loc 1 230 7 is_stmt 0 view .LVU339
 1027 0080 01A9     		add	r1, sp, #4
 1028 0082 0A48     		ldr	r0, .L63
 1029 0084 FFF7FEFF 		bl	HAL_TIMEx_ConfigBreakDeadTime
 1030              	.LVL41:
 230:Core/Src/tim.c ****   {
 1031              		.loc 1 230 6 discriminator 1 view .LVU340
 1032 0088 68B9     		cbnz	r0, .L62
 1033              	.L57:
 237:Core/Src/tim.c **** 
 1034              		.loc 1 237 3 is_stmt 1 view .LVU341
 1035 008a 0848     		ldr	r0, .L63
 1036 008c FFF7FEFF 		bl	HAL_TIM_MspPostInit
 1037              	.LVL42:
 239:Core/Src/tim.c **** 
 1038              		.loc 1 239 1 is_stmt 0 view .LVU342
 1039 0090 12B0     		add	sp, sp, #72
 1040              	.LCFI25:
 1041              		.cfi_remember_state
 1042              		.cfi_def_cfa_offset 8
 1043              		@ sp needed
 1044 0092 10BD     		pop	{r4, pc}
 1045              	.L59:
 1046              	.LCFI26:
 1047              		.cfi_restore_state
 204:Core/Src/tim.c ****   }
 1048              		.loc 1 204 5 is_stmt 1 view .LVU343
 1049 0094 FFF7FEFF 		bl	Error_Handler
 1050              	.LVL43:
 1051 0098 D2E7     		b	.L54
 1052              	.L60:
 210:Core/Src/tim.c ****   }
 1053              		.loc 1 210 5 view .LVU344
 1054 009a FFF7FEFF 		bl	Error_Handler
 1055              	.LVL44:
 1056 009e D7E7     		b	.L55
 1057              	.L61:
 221:Core/Src/tim.c ****   }
 1058              		.loc 1 221 5 view .LVU345
 1059 00a0 FFF7FEFF 		bl	Error_Handler
 1060              	.LVL45:
 1061 00a4 E2E7     		b	.L56
 1062              	.L62:
 232:Core/Src/tim.c ****   }
 1063              		.loc 1 232 5 view .LVU346
 1064 00a6 FFF7FEFF 		bl	Error_Handler
 1065              	.LVL46:
ARM GAS  C:\Users\Toubidou\AppData\Local\Temp\ccvwndjA.s 			page 30


 1066 00aa EEE7     		b	.L57
 1067              	.L64:
 1068              		.align	2
 1069              	.L63:
 1070 00ac 00000000 		.word	htim8
 1071 00b0 00040140 		.word	1073808384
 1072              		.cfi_endproc
 1073              	.LFE242:
 1075              		.section	.text.HAL_TIM_PWM_MspDeInit,"ax",%progbits
 1076              		.align	1
 1077              		.global	HAL_TIM_PWM_MspDeInit
 1078              		.syntax unified
 1079              		.thumb
 1080              		.thumb_func
 1082              	HAL_TIM_PWM_MspDeInit:
 1083              	.LVL47:
 1084              	.LFB246:
 368:Core/Src/tim.c **** 
 369:Core/Src/tim.c **** void HAL_TIM_PWM_MspDeInit(TIM_HandleTypeDef* tim_pwmHandle)
 370:Core/Src/tim.c **** {
 1085              		.loc 1 370 1 view -0
 1086              		.cfi_startproc
 1087              		@ args = 0, pretend = 0, frame = 0
 1088              		@ frame_needed = 0, uses_anonymous_args = 0
 1089              		@ link register save eliminated.
 371:Core/Src/tim.c **** 
 372:Core/Src/tim.c ****   if(tim_pwmHandle->Instance==TIM1)
 1090              		.loc 1 372 3 view .LVU348
 1091              		.loc 1 372 19 is_stmt 0 view .LVU349
 1092 0000 0368     		ldr	r3, [r0]
 1093              		.loc 1 372 5 view .LVU350
 1094 0002 0A4A     		ldr	r2, .L70
 1095 0004 9342     		cmp	r3, r2
 1096 0006 03D0     		beq	.L68
 373:Core/Src/tim.c ****   {
 374:Core/Src/tim.c ****   /* USER CODE BEGIN TIM1_MspDeInit 0 */
 375:Core/Src/tim.c **** 
 376:Core/Src/tim.c ****   /* USER CODE END TIM1_MspDeInit 0 */
 377:Core/Src/tim.c ****     /* Peripheral clock disable */
 378:Core/Src/tim.c ****     __HAL_RCC_TIM1_CLK_DISABLE();
 379:Core/Src/tim.c ****   /* USER CODE BEGIN TIM1_MspDeInit 1 */
 380:Core/Src/tim.c **** 
 381:Core/Src/tim.c ****   /* USER CODE END TIM1_MspDeInit 1 */
 382:Core/Src/tim.c ****   }
 383:Core/Src/tim.c ****   else if(tim_pwmHandle->Instance==TIM8)
 1097              		.loc 1 383 8 is_stmt 1 view .LVU351
 1098              		.loc 1 383 10 is_stmt 0 view .LVU352
 1099 0008 094A     		ldr	r2, .L70+4
 1100 000a 9342     		cmp	r3, r2
 1101 000c 07D0     		beq	.L69
 1102              	.L65:
 384:Core/Src/tim.c ****   {
 385:Core/Src/tim.c ****   /* USER CODE BEGIN TIM8_MspDeInit 0 */
 386:Core/Src/tim.c **** 
 387:Core/Src/tim.c ****   /* USER CODE END TIM8_MspDeInit 0 */
 388:Core/Src/tim.c ****     /* Peripheral clock disable */
 389:Core/Src/tim.c ****     __HAL_RCC_TIM8_CLK_DISABLE();
ARM GAS  C:\Users\Toubidou\AppData\Local\Temp\ccvwndjA.s 			page 31


 390:Core/Src/tim.c ****   /* USER CODE BEGIN TIM8_MspDeInit 1 */
 391:Core/Src/tim.c **** 
 392:Core/Src/tim.c ****   /* USER CODE END TIM8_MspDeInit 1 */
 393:Core/Src/tim.c ****   }
 394:Core/Src/tim.c **** }
 1103              		.loc 1 394 1 view .LVU353
 1104 000e 7047     		bx	lr
 1105              	.L68:
 378:Core/Src/tim.c ****   /* USER CODE BEGIN TIM1_MspDeInit 1 */
 1106              		.loc 1 378 5 is_stmt 1 view .LVU354
 1107 0010 02F59C32 		add	r2, r2, #79872
 1108 0014 536C     		ldr	r3, [r2, #68]
 1109 0016 23F00103 		bic	r3, r3, #1
 1110 001a 5364     		str	r3, [r2, #68]
 1111 001c 7047     		bx	lr
 1112              	.L69:
 389:Core/Src/tim.c ****   /* USER CODE BEGIN TIM8_MspDeInit 1 */
 1113              		.loc 1 389 5 view .LVU355
 1114 001e 02F59A32 		add	r2, r2, #78848
 1115 0022 536C     		ldr	r3, [r2, #68]
 1116 0024 23F00203 		bic	r3, r3, #2
 1117 0028 5364     		str	r3, [r2, #68]
 1118              		.loc 1 394 1 is_stmt 0 view .LVU356
 1119 002a F0E7     		b	.L65
 1120              	.L71:
 1121              		.align	2
 1122              	.L70:
 1123 002c 00000140 		.word	1073807360
 1124 0030 00040140 		.word	1073808384
 1125              		.cfi_endproc
 1126              	.LFE246:
 1128              		.section	.text.HAL_TIM_Encoder_MspDeInit,"ax",%progbits
 1129              		.align	1
 1130              		.global	HAL_TIM_Encoder_MspDeInit
 1131              		.syntax unified
 1132              		.thumb
 1133              		.thumb_func
 1135              	HAL_TIM_Encoder_MspDeInit:
 1136              	.LVL48:
 1137              	.LFB247:
 395:Core/Src/tim.c **** 
 396:Core/Src/tim.c **** void HAL_TIM_Encoder_MspDeInit(TIM_HandleTypeDef* tim_encoderHandle)
 397:Core/Src/tim.c **** {
 1138              		.loc 1 397 1 is_stmt 1 view -0
 1139              		.cfi_startproc
 1140              		@ args = 0, pretend = 0, frame = 0
 1141              		@ frame_needed = 0, uses_anonymous_args = 0
 1142              		.loc 1 397 1 is_stmt 0 view .LVU358
 1143 0000 08B5     		push	{r3, lr}
 1144              	.LCFI27:
 1145              		.cfi_def_cfa_offset 8
 1146              		.cfi_offset 3, -8
 1147              		.cfi_offset 14, -4
 398:Core/Src/tim.c **** 
 399:Core/Src/tim.c ****   if(tim_encoderHandle->Instance==TIM2)
 1148              		.loc 1 399 3 is_stmt 1 view .LVU359
 1149              		.loc 1 399 23 is_stmt 0 view .LVU360
ARM GAS  C:\Users\Toubidou\AppData\Local\Temp\ccvwndjA.s 			page 32


 1150 0002 0368     		ldr	r3, [r0]
 1151              		.loc 1 399 5 view .LVU361
 1152 0004 B3F1804F 		cmp	r3, #1073741824
 1153 0008 03D0     		beq	.L76
 400:Core/Src/tim.c ****   {
 401:Core/Src/tim.c ****   /* USER CODE BEGIN TIM2_MspDeInit 0 */
 402:Core/Src/tim.c **** 
 403:Core/Src/tim.c ****   /* USER CODE END TIM2_MspDeInit 0 */
 404:Core/Src/tim.c ****     /* Peripheral clock disable */
 405:Core/Src/tim.c ****     __HAL_RCC_TIM2_CLK_DISABLE();
 406:Core/Src/tim.c **** 
 407:Core/Src/tim.c ****     /**TIM2 GPIO Configuration
 408:Core/Src/tim.c ****     PA1     ------> TIM2_CH2
 409:Core/Src/tim.c ****     PA5     ------> TIM2_CH1
 410:Core/Src/tim.c ****     */
 411:Core/Src/tim.c ****     HAL_GPIO_DeInit(GPIOA, GPIO_PIN_1|GPIO_PIN_5);
 412:Core/Src/tim.c **** 
 413:Core/Src/tim.c ****   /* USER CODE BEGIN TIM2_MspDeInit 1 */
 414:Core/Src/tim.c **** 
 415:Core/Src/tim.c ****   /* USER CODE END TIM2_MspDeInit 1 */
 416:Core/Src/tim.c ****   }
 417:Core/Src/tim.c ****   else if(tim_encoderHandle->Instance==TIM3)
 1154              		.loc 1 417 8 is_stmt 1 view .LVU362
 1155              		.loc 1 417 10 is_stmt 0 view .LVU363
 1156 000a 0C4A     		ldr	r2, .L78
 1157 000c 9342     		cmp	r3, r2
 1158 000e 0AD0     		beq	.L77
 1159              	.LVL49:
 1160              	.L72:
 418:Core/Src/tim.c ****   {
 419:Core/Src/tim.c ****   /* USER CODE BEGIN TIM3_MspDeInit 0 */
 420:Core/Src/tim.c **** 
 421:Core/Src/tim.c ****   /* USER CODE END TIM3_MspDeInit 0 */
 422:Core/Src/tim.c ****     /* Peripheral clock disable */
 423:Core/Src/tim.c ****     __HAL_RCC_TIM3_CLK_DISABLE();
 424:Core/Src/tim.c **** 
 425:Core/Src/tim.c ****     /**TIM3 GPIO Configuration
 426:Core/Src/tim.c ****     PA6     ------> TIM3_CH1
 427:Core/Src/tim.c ****     PA7     ------> TIM3_CH2
 428:Core/Src/tim.c ****     */
 429:Core/Src/tim.c ****     HAL_GPIO_DeInit(GPIOA, GPIO_PIN_6|GPIO_PIN_7);
 430:Core/Src/tim.c **** 
 431:Core/Src/tim.c ****   /* USER CODE BEGIN TIM3_MspDeInit 1 */
 432:Core/Src/tim.c **** 
 433:Core/Src/tim.c ****   /* USER CODE END TIM3_MspDeInit 1 */
 434:Core/Src/tim.c ****   }
 435:Core/Src/tim.c **** }
 1161              		.loc 1 435 1 view .LVU364
 1162 0010 08BD     		pop	{r3, pc}
 1163              	.LVL50:
 1164              	.L76:
 405:Core/Src/tim.c **** 
 1165              		.loc 1 405 5 is_stmt 1 view .LVU365
 1166 0012 0B4A     		ldr	r2, .L78+4
 1167 0014 136C     		ldr	r3, [r2, #64]
 1168 0016 23F00103 		bic	r3, r3, #1
 1169 001a 1364     		str	r3, [r2, #64]
ARM GAS  C:\Users\Toubidou\AppData\Local\Temp\ccvwndjA.s 			page 33


 411:Core/Src/tim.c **** 
 1170              		.loc 1 411 5 view .LVU366
 1171 001c 2221     		movs	r1, #34
 1172 001e 0948     		ldr	r0, .L78+8
 1173              	.LVL51:
 411:Core/Src/tim.c **** 
 1174              		.loc 1 411 5 is_stmt 0 view .LVU367
 1175 0020 FFF7FEFF 		bl	HAL_GPIO_DeInit
 1176              	.LVL52:
 1177 0024 F4E7     		b	.L72
 1178              	.LVL53:
 1179              	.L77:
 423:Core/Src/tim.c **** 
 1180              		.loc 1 423 5 is_stmt 1 view .LVU368
 1181 0026 02F50D32 		add	r2, r2, #144384
 1182 002a 136C     		ldr	r3, [r2, #64]
 1183 002c 23F00203 		bic	r3, r3, #2
 1184 0030 1364     		str	r3, [r2, #64]
 429:Core/Src/tim.c **** 
 1185              		.loc 1 429 5 view .LVU369
 1186 0032 C021     		movs	r1, #192
 1187 0034 0348     		ldr	r0, .L78+8
 1188              	.LVL54:
 429:Core/Src/tim.c **** 
 1189              		.loc 1 429 5 is_stmt 0 view .LVU370
 1190 0036 FFF7FEFF 		bl	HAL_GPIO_DeInit
 1191              	.LVL55:
 1192              		.loc 1 435 1 view .LVU371
 1193 003a E9E7     		b	.L72
 1194              	.L79:
 1195              		.align	2
 1196              	.L78:
 1197 003c 00040040 		.word	1073742848
 1198 0040 00380240 		.word	1073887232
 1199 0044 00000240 		.word	1073872896
 1200              		.cfi_endproc
 1201              	.LFE247:
 1203              		.global	htim8
 1204              		.section	.bss.htim8,"aw",%nobits
 1205              		.align	2
 1208              	htim8:
 1209 0000 00000000 		.space	72
 1209      00000000 
 1209      00000000 
 1209      00000000 
 1209      00000000 
 1210              		.global	htim3
 1211              		.section	.bss.htim3,"aw",%nobits
 1212              		.align	2
 1215              	htim3:
 1216 0000 00000000 		.space	72
 1216      00000000 
 1216      00000000 
 1216      00000000 
 1216      00000000 
 1217              		.global	htim2
 1218              		.section	.bss.htim2,"aw",%nobits
ARM GAS  C:\Users\Toubidou\AppData\Local\Temp\ccvwndjA.s 			page 34


 1219              		.align	2
 1222              	htim2:
 1223 0000 00000000 		.space	72
 1223      00000000 
 1223      00000000 
 1223      00000000 
 1223      00000000 
 1224              		.global	htim1
 1225              		.section	.bss.htim1,"aw",%nobits
 1226              		.align	2
 1229              	htim1:
 1230 0000 00000000 		.space	72
 1230      00000000 
 1230      00000000 
 1230      00000000 
 1230      00000000 
 1231              		.text
 1232              	.Letext0:
 1233              		.file 2 "D:/code_env/arm-gnu-toolchain-15.2.rel1-mingw-w64-i686-arm-none-eabi/arm-none-eabi/includ
 1234              		.file 3 "D:/code_env/arm-gnu-toolchain-15.2.rel1-mingw-w64-i686-arm-none-eabi/arm-none-eabi/includ
 1235              		.file 4 "Drivers/CMSIS/Device/ST/STM32F4xx/Include/stm32f407xx.h"
 1236              		.file 5 "Drivers/STM32F4xx_HAL_Driver/Inc/stm32f4xx_hal_def.h"
 1237              		.file 6 "Drivers/STM32F4xx_HAL_Driver/Inc/stm32f4xx_hal_gpio.h"
 1238              		.file 7 "Drivers/STM32F4xx_HAL_Driver/Inc/stm32f4xx_hal_dma.h"
 1239              		.file 8 "Drivers/STM32F4xx_HAL_Driver/Inc/stm32f4xx_hal_tim.h"
 1240              		.file 9 "Core/Inc/tim.h"
 1241              		.file 10 "Drivers/STM32F4xx_HAL_Driver/Inc/stm32f4xx_hal_tim_ex.h"
 1242              		.file 11 "Core/Inc/main.h"
 1243              		.file 12 "<built-in>"
ARM GAS  C:\Users\Toubidou\AppData\Local\Temp\ccvwndjA.s 			page 35


DEFINED SYMBOLS
                            *ABS*:00000000 tim.c
C:\Users\Toubidou\AppData\Local\Temp\ccvwndjA.s:21     .text.MX_TIM2_Init:00000000 $t
C:\Users\Toubidou\AppData\Local\Temp\ccvwndjA.s:27     .text.MX_TIM2_Init:00000000 MX_TIM2_Init
C:\Users\Toubidou\AppData\Local\Temp\ccvwndjA.s:139    .text.MX_TIM2_Init:00000060 $d
C:\Users\Toubidou\AppData\Local\Temp\ccvwndjA.s:1222   .bss.htim2:00000000 htim2
C:\Users\Toubidou\AppData\Local\Temp\ccvwndjA.s:144    .text.MX_TIM3_Init:00000000 $t
C:\Users\Toubidou\AppData\Local\Temp\ccvwndjA.s:150    .text.MX_TIM3_Init:00000000 MX_TIM3_Init
C:\Users\Toubidou\AppData\Local\Temp\ccvwndjA.s:262    .text.MX_TIM3_Init:0000005c $d
C:\Users\Toubidou\AppData\Local\Temp\ccvwndjA.s:1215   .bss.htim3:00000000 htim3
C:\Users\Toubidou\AppData\Local\Temp\ccvwndjA.s:268    .text.HAL_TIM_PWM_MspInit:00000000 $t
C:\Users\Toubidou\AppData\Local\Temp\ccvwndjA.s:274    .text.HAL_TIM_PWM_MspInit:00000000 HAL_TIM_PWM_MspInit
C:\Users\Toubidou\AppData\Local\Temp\ccvwndjA.s:352    .text.HAL_TIM_PWM_MspInit:00000048 $d
C:\Users\Toubidou\AppData\Local\Temp\ccvwndjA.s:359    .text.HAL_TIM_Encoder_MspInit:00000000 $t
C:\Users\Toubidou\AppData\Local\Temp\ccvwndjA.s:365    .text.HAL_TIM_Encoder_MspInit:00000000 HAL_TIM_Encoder_MspInit
C:\Users\Toubidou\AppData\Local\Temp\ccvwndjA.s:529    .text.HAL_TIM_Encoder_MspInit:000000a8 $d
C:\Users\Toubidou\AppData\Local\Temp\ccvwndjA.s:536    .text.HAL_TIM_MspPostInit:00000000 $t
C:\Users\Toubidou\AppData\Local\Temp\ccvwndjA.s:542    .text.HAL_TIM_MspPostInit:00000000 HAL_TIM_MspPostInit
C:\Users\Toubidou\AppData\Local\Temp\ccvwndjA.s:676    .text.HAL_TIM_MspPostInit:00000080 $d
C:\Users\Toubidou\AppData\Local\Temp\ccvwndjA.s:685    .text.MX_TIM1_Init:00000000 $t
C:\Users\Toubidou\AppData\Local\Temp\ccvwndjA.s:691    .text.MX_TIM1_Init:00000000 MX_TIM1_Init
C:\Users\Toubidou\AppData\Local\Temp\ccvwndjA.s:875    .text.MX_TIM1_Init:000000b0 $d
C:\Users\Toubidou\AppData\Local\Temp\ccvwndjA.s:1229   .bss.htim1:00000000 htim1
C:\Users\Toubidou\AppData\Local\Temp\ccvwndjA.s:881    .text.MX_TIM8_Init:00000000 $t
C:\Users\Toubidou\AppData\Local\Temp\ccvwndjA.s:887    .text.MX_TIM8_Init:00000000 MX_TIM8_Init
C:\Users\Toubidou\AppData\Local\Temp\ccvwndjA.s:1070   .text.MX_TIM8_Init:000000ac $d
C:\Users\Toubidou\AppData\Local\Temp\ccvwndjA.s:1208   .bss.htim8:00000000 htim8
C:\Users\Toubidou\AppData\Local\Temp\ccvwndjA.s:1076   .text.HAL_TIM_PWM_MspDeInit:00000000 $t
C:\Users\Toubidou\AppData\Local\Temp\ccvwndjA.s:1082   .text.HAL_TIM_PWM_MspDeInit:00000000 HAL_TIM_PWM_MspDeInit
C:\Users\Toubidou\AppData\Local\Temp\ccvwndjA.s:1123   .text.HAL_TIM_PWM_MspDeInit:0000002c $d
C:\Users\Toubidou\AppData\Local\Temp\ccvwndjA.s:1129   .text.HAL_TIM_Encoder_MspDeInit:00000000 $t
C:\Users\Toubidou\AppData\Local\Temp\ccvwndjA.s:1135   .text.HAL_TIM_Encoder_MspDeInit:00000000 HAL_TIM_Encoder_MspDeInit
C:\Users\Toubidou\AppData\Local\Temp\ccvwndjA.s:1197   .text.HAL_TIM_Encoder_MspDeInit:0000003c $d
C:\Users\Toubidou\AppData\Local\Temp\ccvwndjA.s:1205   .bss.htim8:00000000 $d
C:\Users\Toubidou\AppData\Local\Temp\ccvwndjA.s:1212   .bss.htim3:00000000 $d
C:\Users\Toubidou\AppData\Local\Temp\ccvwndjA.s:1219   .bss.htim2:00000000 $d
C:\Users\Toubidou\AppData\Local\Temp\ccvwndjA.s:1226   .bss.htim1:00000000 $d

UNDEFINED SYMBOLS
memset
HAL_TIM_Encoder_Init
HAL_TIMEx_MasterConfigSynchronization
Error_Handler
HAL_GPIO_Init
HAL_TIM_PWM_Init
HAL_TIM_PWM_ConfigChannel
HAL_TIMEx_ConfigBreakDeadTime
HAL_GPIO_DeInit
